Archive member included to satisfy reference by file (symbol)

c:/siliconlabs/simplicitystudio/v5/developer/toolchains/gnu_arm/12.2.rel1_2023.7/bin/../lib/gcc/arm-none-eabi/12.2.1/thumb/v7e-m+fp/softfp\libgcc.a(_arm_muldf3.o)
                              ./wiseconnect3_sdk_3.1.4/components/device/silabs/si91x/mcu/drivers/systemlevel/src/rsi_pll.o (__aeabi_dmul)
c:/siliconlabs/simplicitystudio/v5/developer/toolchains/gnu_arm/12.2.rel1_2023.7/bin/../lib/gcc/arm-none-eabi/12.2.1/thumb/v7e-m+fp/softfp\libgcc.a(_arm_addsubdf3.o)
                              ./wiseconnect3_sdk_3.1.4/components/device/silabs/si91x/mcu/drivers/systemlevel/src/rsi_pll.o (__aeabi_dsub)
c:/siliconlabs/simplicitystudio/v5/developer/toolchains/gnu_arm/12.2.rel1_2023.7/bin/../lib/gcc/arm-none-eabi/12.2.1/thumb/v7e-m+fp/softfp\libgcc.a(_arm_muldivdf3.o)
                              ./wiseconnect3_sdk_3.1.4/components/device/silabs/si91x/mcu/drivers/peripheral_drivers/src/clock_update.o (__aeabi_ddiv)
c:/siliconlabs/simplicitystudio/v5/developer/toolchains/gnu_arm/12.2.rel1_2023.7/bin/../lib/gcc/arm-none-eabi/12.2.1/thumb/v7e-m+fp/softfp\libgcc.a(_arm_fixunsdfsi.o)
                              ./wiseconnect3_sdk_3.1.4/components/device/silabs/si91x/mcu/drivers/peripheral_drivers/src/clock_update.o (__aeabi_d2uiz)
c:/siliconlabs/simplicitystudio/v5/developer/toolchains/gnu_arm/12.2.rel1_2023.7/bin/../lib/gcc/arm-none-eabi/12.2.1/thumb/v7e-m+fp/softfp\libc_nano.a(libc_a-exit.o)
                              c:/siliconlabs/simplicitystudio/v5/developer/toolchains/gnu_arm/12.2.rel1_2023.7/bin/../lib/gcc/arm-none-eabi/12.2.1/thumb/v7e-m+fp/softfp/crt0.o (exit)
c:/siliconlabs/simplicitystudio/v5/developer/toolchains/gnu_arm/12.2.rel1_2023.7/bin/../lib/gcc/arm-none-eabi/12.2.1/thumb/v7e-m+fp/softfp\libc_nano.a(libc_a-malloc.o)
                              ./ble_app.o (malloc)
c:/siliconlabs/simplicitystudio/v5/developer/toolchains/gnu_arm/12.2.rel1_2023.7/bin/../lib/gcc/arm-none-eabi/12.2.1/thumb/v7e-m+fp/softfp\libc_nano.a(libc_a-mallocr.o)
                              c:/siliconlabs/simplicitystudio/v5/developer/toolchains/gnu_arm/12.2.rel1_2023.7/bin/../lib/gcc/arm-none-eabi/12.2.1/thumb/v7e-m+fp/softfp\libc_nano.a(libc_a-malloc.o) (_malloc_r)
c:/siliconlabs/simplicitystudio/v5/developer/toolchains/gnu_arm/12.2.rel1_2023.7/bin/../lib/gcc/arm-none-eabi/12.2.1/thumb/v7e-m+fp/softfp\libc_nano.a(libc_a-mlock.o)
                              c:/siliconlabs/simplicitystudio/v5/developer/toolchains/gnu_arm/12.2.rel1_2023.7/bin/../lib/gcc/arm-none-eabi/12.2.1/thumb/v7e-m+fp/softfp\libc_nano.a(libc_a-mallocr.o) (__malloc_lock)
c:/siliconlabs/simplicitystudio/v5/developer/toolchains/gnu_arm/12.2.rel1_2023.7/bin/../lib/gcc/arm-none-eabi/12.2.1/thumb/v7e-m+fp/softfp\libc_nano.a(libc_a-strtoul.o)
                              ./wiseconnect3_sdk_3.1.4/components/common/src/sl_utility.o (strtoul)
c:/siliconlabs/simplicitystudio/v5/developer/toolchains/gnu_arm/12.2.rel1_2023.7/bin/../lib/gcc/arm-none-eabi/12.2.1/thumb/v7e-m+fp/softfp\libc_nano.a(libc_a-ctype_.o)
                              ./gecko_sdk_4.4.1/platform/common/src/sl_string.o (_ctype_)
c:/siliconlabs/simplicitystudio/v5/developer/toolchains/gnu_arm/12.2.rel1_2023.7/bin/../lib/gcc/arm-none-eabi/12.2.1/thumb/v7e-m+fp/softfp\libc_nano.a(libc_a-nano-vfprintf_float.o)
                              (_printf_float)
c:/siliconlabs/simplicitystudio/v5/developer/toolchains/gnu_arm/12.2.rel1_2023.7/bin/../lib/gcc/arm-none-eabi/12.2.1/thumb/v7e-m+fp/softfp\libc_nano.a(libc_a-nano-vfprintf_i.o)
                              c:/siliconlabs/simplicitystudio/v5/developer/toolchains/gnu_arm/12.2.rel1_2023.7/bin/../lib/gcc/arm-none-eabi/12.2.1/thumb/v7e-m+fp/softfp\libc_nano.a(libc_a-nano-vfprintf_float.o) (_printf_common)
c:/siliconlabs/simplicitystudio/v5/developer/toolchains/gnu_arm/12.2.rel1_2023.7/bin/../lib/gcc/arm-none-eabi/12.2.1/thumb/v7e-m+fp/softfp\libc_nano.a(libc_a-findfp.o)
                              c:/siliconlabs/simplicitystudio/v5/developer/toolchains/gnu_arm/12.2.rel1_2023.7/bin/../lib/gcc/arm-none-eabi/12.2.1/thumb/v7e-m+fp/softfp\libc_nano.a(libc_a-exit.o) (__stdio_exit_handler)
c:/siliconlabs/simplicitystudio/v5/developer/toolchains/gnu_arm/12.2.rel1_2023.7/bin/../lib/gcc/arm-none-eabi/12.2.1/thumb/v7e-m+fp/softfp\libc_nano.a(libc_a-fwalk.o)
                              c:/siliconlabs/simplicitystudio/v5/developer/toolchains/gnu_arm/12.2.rel1_2023.7/bin/../lib/gcc/arm-none-eabi/12.2.1/thumb/v7e-m+fp/softfp\libc_nano.a(libc_a-findfp.o) (_fwalk_sglue)
c:/siliconlabs/simplicitystudio/v5/developer/toolchains/gnu_arm/12.2.rel1_2023.7/bin/../lib/gcc/arm-none-eabi/12.2.1/thumb/v7e-m+fp/softfp\libc_nano.a(libc_a-printf.o)
                              ./app.o (printf)
c:/siliconlabs/simplicitystudio/v5/developer/toolchains/gnu_arm/12.2.rel1_2023.7/bin/../lib/gcc/arm-none-eabi/12.2.1/thumb/v7e-m+fp/softfp\libc_nano.a(libc_a-puts.o)
                              ./app.o (puts)
[...]
Memory Configuration

Name             Origin             Length             Attributes
rom              0x08202000         0x001fe000         xr
ram              0x0000000c         0x0002fc00         xrw
udma0            0x0002fc00         0x00000400         xrw
udma1            0x24061c00         0x00000400         xrw
*default*        0x00000000         0xffffffff

Linker script and memory map

LOAD c:/siliconlabs/simplicitystudio/v5/developer/toolchains/gnu_arm/12.2.rel1_2023.7/bin/../lib/gcc/arm-none-eabi/12.2.1/thumb/v7e-m+fp/softfp/crti.o
LOAD c:/siliconlabs/simplicitystudio/v5/developer/toolchains/gnu_arm/12.2.rel1_2023.7/bin/../lib/gcc/arm-none-eabi/12.2.1/thumb/v7e-m+fp/softfp/crtbegin.o
LOAD c:/siliconlabs/simplicitystudio/v5/developer/toolchains/gnu_arm/12.2.rel1_2023.7/bin/../lib/gcc/arm-none-eabi/12.2.1/thumb/v7e-m+fp/softfp/crt0.o
START GROUP
LOAD ./app.o
LOAD ./ble_app.o
LOAD ./gspi_example.o
LOAD ./main.o
LOAD ./wifi_app.o
LOAD ./autogen/sl_event_handler.o
LOAD ./gecko_sdk_4.4.1/platform/CMSIS/RTOS2/Source/os_systick.o
LOAD ./gecko_sdk_4.4.1/platform/common/src/sl_assert.o
LOAD ./gecko_sdk_4.4.1/platform/common/src/sl_slist.o
LOAD ./gecko_sdk_4.4.1/platform/common/src/sl_string.o
LOAD ./gecko_sdk_4.4.1/platform/common/src/sli_cmsis_os2_ext_task_register.o
LOAD ./gecko_sdk_4.4.1/platform/service/system/src/sl_system_init.o
LOAD ./gecko_sdk_4.4.1/platform/service/system/src/sl_system_kernel.o
LOAD ./gecko_sdk_4.4.1/util/third_party/freertos/cmsis/Source/cmsis_os2.o
LOAD ./gecko_sdk_4.4.1/util/third_party/freertos/kernel/croutine.o
LOAD ./gecko_sdk_4.4.1/util/third_party/freertos/kernel/event_groups.o
LOAD ./gecko_sdk_4.4.1/util/third_party/freertos/kernel/list.o
LOAD ./gecko_sdk_4.4.1/util/third_party/freertos/kernel/queue.o
LOAD ./gecko_sdk_4.4.1/util/third_party/freertos/kernel/stream_buffer.o
LOAD ./gecko_sdk_4.4.1/util/third_party/freertos/kernel/tasks.o
LOAD ./gecko_sdk_4.4.1/util/third_party/freertos/kernel/timers.o
LOAD ./gecko_sdk_4.4.1/util/third_party/freertos/kernel/portable/GCC/ARM_CM4F/port.o
LOAD ./gecko_sdk_4.4.1/util/third_party/freertos/kernel/portable/MemMang/heap_4.o
LOAD ./wiseconnect3_sdk_3.1.4/components/board/silabs/src/rsi_board.o
LOAD ./wiseconnect3_sdk_3.1.4/components/common/src/sl_utility.o
LOAD ./wiseconnect3_sdk_3.1.4/components/device/silabs/si91x/mcu/core/chip/src/iPMU_prog/iPMU_dotc/ipmu_apis.o
LOAD ./wiseconnect3_sdk_3.1.4/components/device/silabs/si91x/mcu/core/chip/src/iPMU_prog/iPMU_dotc/rsi_system_config_917.o
LOAD ./wiseconnect3_sdk_3.1.4/components/device/silabs/si91x/mcu/core/chip/src/rsi_deepsleep_soc.o
LOAD ./wiseconnect3_sdk_3.1.4/components/device/silabs/si91x/mcu/core/chip/src/rsi_ps_ram_func.o
LOAD ./wiseconnect3_sdk_3.1.4/components/device/silabs/si91x/mcu/core/chip/src/startup_si91x.o
LOAD ./wiseconnect3_sdk_3.1.4/components/device/silabs/si91x/mcu/core/chip/src/system_si91x.o
LOAD ./wiseconnect3_sdk_3.1.4/components/device/silabs/si91x/mcu/core/common/src/rsi_debug.o
LOAD ./wiseconnect3_sdk_3.1.4/components/device/silabs/si91x/mcu/core/common/src/sl_si91x_stack_object_declare.o
LOAD ./wiseconnect3_sdk_3.1.4/components/device/silabs/si91x/mcu/core/common/src/syscalls.o
LOAD ./wiseconnect3_sdk_3.1.4/components/device/silabs/si91x/mcu/core/config/src/rsi_nvic_priorities_config.o
LOAD ./wiseconnect3_sdk_3.1.4/components/device/silabs/si91x/mcu/drivers/cmsis_driver/GSPI.o
LOAD ./wiseconnect3_sdk_3.1.4/components/device/silabs/si91x/mcu/drivers/cmsis_driver/UDMA.o
LOAD ./wiseconnect3_sdk_3.1.4/components/device/silabs/si91x/mcu/drivers/cmsis_driver/USART.o
LOAD ./wiseconnect3_sdk_3.1.4/components/device/silabs/si91x/mcu/drivers/peripheral_drivers/src/clock_update.o
LOAD ./wiseconnect3_sdk_3.1.4/components/device/silabs/si91x/mcu/drivers/peripheral_drivers/src/rsi_crc.o
LOAD ./wiseconnect3_sdk_3.1.4/components/device/silabs/si91x/mcu/drivers/peripheral_drivers/src/rsi_egpio.o
LOAD ./wiseconnect3_sdk_3.1.4/components/device/silabs/si91x/mcu/drivers/peripheral_drivers/src/rsi_gspi.o
LOAD ./wiseconnect3_sdk_3.1.4/components/device/silabs/si91x/mcu/drivers/peripheral_drivers/src/rsi_timers.o
LOAD ./wiseconnect3_sdk_3.1.4/components/device/silabs/si91x/mcu/drivers/peripheral_drivers/src/rsi_udma.o
LOAD ./wiseconnect3_sdk_3.1.4/components/device/silabs/si91x/mcu/drivers/peripheral_drivers/src/rsi_udma_wrapper.o
LOAD ./wiseconnect3_sdk_3.1.4/components/device/silabs/si91x/mcu/drivers/peripheral_drivers/src/rsi_usart.o
LOAD ./wiseconnect3_sdk_3.1.4/components/device/silabs/si91x/mcu/drivers/systemlevel/src/rsi_ipmu.o
LOAD ./wiseconnect3_sdk_3.1.4/components/device/silabs/si91x/mcu/drivers/systemlevel/src/rsi_pll.o
LOAD ./wiseconnect3_sdk_3.1.4/components/device/silabs/si91x/mcu/drivers/systemlevel/src/rsi_power_save.o
LOAD ./wiseconnect3_sdk_3.1.4/components/device/silabs/si91x/mcu/drivers/systemlevel/src/rsi_rtc.o
LOAD ./wiseconnect3_sdk_3.1.4/components/device/silabs/si91x/mcu/drivers/systemlevel/src/rsi_temp_sensor.o
LOAD ./wiseconnect3_sdk_3.1.4/components/device/silabs/si91x/mcu/drivers/systemlevel/src/rsi_time_period.o
LOAD ./wiseconnect3_sdk_3.1.4/components/device/silabs/si91x/mcu/drivers/systemlevel/src/rsi_ulpss_clk.o
LOAD ./wiseconnect3_sdk_3.1.4/components/device/silabs/si91x/mcu/drivers/systemlevel/src/rsi_wwdt.o
LOAD ./wiseconnect3_sdk_3.1.4/components/device/silabs/si91x/mcu/drivers/unified_api/src/sl_si91x_dma.o
LOAD ./wiseconnect3_sdk_3.1.4/components/device/silabs/si91x/mcu/drivers/unified_api/src/sl_si91x_gspi.o
LOAD ./wiseconnect3_sdk_3.1.4/components/device/silabs/si91x/wireless/ahb_interface/src/rsi_hal_mcu_m4_ram.o
LOAD ./wiseconnect3_sdk_3.1.4/components/device/silabs/si91x/wireless/ahb_interface/src/rsi_hal_mcu_m4_rom.o
LOAD ./wiseconnect3_sdk_3.1.4/components/device/silabs/si91x/wireless/ahb_interface/src/sl_platform.o
LOAD ./wiseconnect3_sdk_3.1.4/components/device/silabs/si91x/wireless/ahb_interface/src/sl_platform_wireless.o
LOAD ./wiseconnect3_sdk_3.1.4/components/device/silabs/si91x/wireless/ahb_interface/src/sl_si91x_bus.o
LOAD ./wiseconnect3_sdk_3.1.4/components/device/silabs/si91x/wireless/ahb_interface/src/sl_si91x_timer.o
LOAD ./wiseconnect3_sdk_3.1.4/components/device/silabs/si91x/wireless/ahb_interface/src/sli_siwx917_soc.o
LOAD ./wiseconnect3_sdk_3.1.4/components/device/silabs/si91x/wireless/ble/src/rsi_ble_gap_apis.o
LOAD ./wiseconnect3_sdk_3.1.4/components/device/silabs/si91x/wireless/ble/src/rsi_ble_gatt_apis.o
LOAD ./wiseconnect3_sdk_3.1.4/components/device/silabs/si91x/wireless/ble/src/rsi_bt_ble.o
LOAD ./wiseconnect3_sdk_3.1.4/components/device/silabs/si91x/wireless/ble/src/rsi_bt_common_apis.o
LOAD ./wiseconnect3_sdk_3.1.4/components/device/silabs/si91x/wireless/ble/src/rsi_common_apis.o
LOAD ./wiseconnect3_sdk_3.1.4/components/device/silabs/si91x/wireless/ble/src/rsi_utils.o
LOAD ./wiseconnect3_sdk_3.1.4/components/device/silabs/si91x/wireless/ble/src/sl_si91x_ble.o
LOAD ./wiseconnect3_sdk_3.1.4/components/device/silabs/si91x/wireless/errno/src/sl_si91x_errno.o
LOAD ./wiseconnect3_sdk_3.1.4/components/device/silabs/si91x/wireless/firmware_upgrade/firmware_upgradation.o
LOAD ./wiseconnect3_sdk_3.1.4/components/device/silabs/si91x/wireless/host_mcu/si91x/siwx917_soc_ncp_host.o
LOAD ./wiseconnect3_sdk_3.1.4/components/device/silabs/si91x/wireless/icmp/sl_net_ping.o
LOAD ./wiseconnect3_sdk_3.1.4/components/device/silabs/si91x/wireless/memory/malloc_buffers.o
LOAD ./wiseconnect3_sdk_3.1.4/components/device/silabs/si91x/wireless/sl_net/src/sl_net_rsi_utility.o
LOAD ./wiseconnect3_sdk_3.1.4/components/device/silabs/si91x/wireless/sl_net/src/sl_net_si91x_integration_handler.o
LOAD ./wiseconnect3_sdk_3.1.4/components/device/silabs/si91x/wireless/sl_net/src/sl_si91x_net_credentials.o
LOAD ./wiseconnect3_sdk_3.1.4/components/device/silabs/si91x/wireless/sl_net/src/sl_si91x_net_internal_stack.o
LOAD ./wiseconnect3_sdk_3.1.4/components/device/silabs/si91x/wireless/src/sl_rsi_utility.o
LOAD ./wiseconnect3_sdk_3.1.4/components/device/silabs/si91x/wireless/src/sl_si91x_callback_framework.o
LOAD ./wiseconnect3_sdk_3.1.4/components/device/silabs/si91x/wireless/src/sl_si91x_driver.o
LOAD ./wiseconnect3_sdk_3.1.4/components/device/silabs/si91x/wireless/threading/sli_si91x_multithreaded.o
LOAD ./wiseconnect3_sdk_3.1.4/components/protocol/wifi/si91x/sl_wifi.o
LOAD ./wiseconnect3_sdk_3.1.4/components/protocol/wifi/src/sl_wifi_callback_framework.o
LOAD ./wiseconnect3_sdk_3.1.4/components/service/network_manager/si91x/sl_net_si91x.o
LOAD ./wiseconnect3_sdk_3.1.4/components/service/network_manager/src/sl_net.o
LOAD ./wiseconnect3_sdk_3.1.4/components/service/network_manager/src/sl_net_basic_certificate_store.o
LOAD ./wiseconnect3_sdk_3.1.4/components/service/network_manager/src/sl_net_basic_credentials.o
LOAD ./wiseconnect3_sdk_3.1.4/components/service/network_manager/src/sl_net_basic_profiles.o
LOAD c:/siliconlabs/simplicitystudio/v5/developer/toolchains/gnu_arm/12.2.rel1_2023.7/bin/../lib/gcc/arm-none-eabi/12.2.1/thumb/v7e-m+fp/softfp\libgcc.a
LOAD c:/siliconlabs/simplicitystudio/v5/developer/toolchains/gnu_arm/12.2.rel1_2023.7/bin/../lib/gcc/arm-none-eabi/12.2.1/thumb/v7e-m+fp/softfp\libnosys.a
LOAD c:/siliconlabs/simplicitystudio/v5/developer/toolchains/gnu_arm/12.2.rel1_2023.7/bin/../lib/gcc/arm-none-eabi/12.2.1/thumb/v7e-m+fp/softfp\libc_nano.a
LOAD c:/siliconlabs/simplicitystudio/v5/developer/toolchains/gnu_arm/12.2.rel1_2023.7/bin/../lib/gcc/arm-none-eabi/12.2.1/thumb/v7e-m+fp/softfp\libm.a
END GROUP
START GROUP
LOAD c:/siliconlabs/simplicitystudio/v5/developer/toolchains/gnu_arm/12.2.rel1_2023.7/bin/../lib/gcc/arm-none-eabi/12.2.1/thumb/v7e-m+fp/softfp\libgcc.a
LOAD c:/siliconlabs/simplicitystudio/v5/developer/toolchains/gnu_arm/12.2.rel1_2023.7/bin/../lib/gcc/arm-none-eabi/12.2.1/thumb/v7e-m+fp/softfp\libc_nano.a
LOAD c:/siliconlabs/simplicitystudio/v5/developer/toolchains/gnu_arm/12.2.rel1_2023.7/bin/../lib/gcc/arm-none-eabi/12.2.1/thumb/v7e-m+fp/softfp\libnosys.a
END GROUP
START GROUP
LOAD c:/siliconlabs/simplicitystudio/v5/developer/toolchains/gnu_arm/12.2.rel1_2023.7/bin/../lib/gcc/arm-none-eabi/12.2.1/thumb/v7e-m+fp/softfp\libgcc.a
LOAD c:/siliconlabs/simplicitystudio/v5/developer/toolchains/gnu_arm/12.2.rel1_2023.7/bin/../lib/gcc/arm-none-eabi/12.2.1/thumb/v7e-m+fp/softfp\libg_nano.a
LOAD c:/siliconlabs/simplicitystudio/v5/developer/toolchains/gnu_arm/12.2.rel1_2023.7/bin/../lib/gcc/arm-none-eabi/12.2.1/thumb/v7e-m+fp/softfp\libc_nano.a
END GROUP
START GROUP
LOAD c:/siliconlabs/simplicitystudio/v5/developer/toolchains/gnu_arm/12.2.rel1_2023.7/bin/../lib/gcc/arm-none-eabi/12.2.1/thumb/v7e-m+fp/softfp\libgcc.a
LOAD c:/siliconlabs/simplicitystudio/v5/developer/toolchains/gnu_arm/12.2.rel1_2023.7/bin/../lib/gcc/arm-none-eabi/12.2.1/thumb/v7e-m+fp/softfp\libc_nano.a
END GROUP
LOAD c:/siliconlabs/simplicitystudio/v5/developer/toolchains/gnu_arm/12.2.rel1_2023.7/bin/../lib/gcc/arm-none-eabi/12.2.1/thumb/v7e-m+fp/softfp/crtend.o
LOAD c:/siliconlabs/simplicitystudio/v5/developer/toolchains/gnu_arm/12.2.rel1_2023.7/bin/../lib/gcc/arm-none-eabi/12.2.1/thumb/v7e-m+fp/softfp/crtn.o

.text           0x08202000    0x146a7
 *(.isr_vector)
 .isr_vector    0x08202000      0x16c ./wiseconnect3_sdk_3.1.4/components/device/silabs/si91x/mcu/core/chip/src/startup_si91x.o
                0x08202000                __Vectors
 *(.text*)
 .text.deregister_tm_clones
                0x0820216c       0x1c c:/siliconlabs/simplicitystudio/v5/developer/toolchains/gnu_arm/12.2.rel1_2023.7/bin/../lib/gcc/arm-none-eabi/12.2.1/thumb/v7e-m+fp/softfp/crtbegin.o
 .text.register_tm_clones
                0x08202188       0x24 c:/siliconlabs/simplicitystudio/v5/developer/toolchains/gnu_arm/12.2.rel1_2023.7/bin/../lib/gcc/arm-none-eabi/12.2.1/thumb/v7e-m+fp/softfp/crtbegin.o
 .text.__do_global_dtors_aux
                0x082021ac       0x28 c:/siliconlabs/simplicitystudio/v5/developer/toolchains/gnu_arm/12.2.rel1_2023.7/bin/../lib/gcc/arm-none-eabi/12.2.1/thumb/v7e-m+fp/softfp/crtbegin.o
 .text.frame_dummy
                0x082021d4       0x24 c:/siliconlabs/simplicitystudio/v5/developer/toolchains/gnu_arm/12.2.rel1_2023.7/bin/../lib/gcc/arm-none-eabi/12.2.1/thumb/v7e-m+fp/softfp/crtbegin.o
 .text.application
                0x082021f8      0x208 ./app.o
                0x082021f8                application
 .text.app_init
                0x08202400       0x14 ./app.o
                0x08202400                app_init
 .text.rsi_ble_app_clear_event
                0x08202414       0x14 ./ble_app.o
 .text.rsi_ble_app_set_event
                0x08202428       0x1c ./ble_app.o
 .text.rsi_ble_on_enhance_conn_status_event
                0x08202444       0x30 ./ble_app.o
                0x08202444                rsi_ble_on_enhance_conn_status_event
 .text.rsi_ble_on_remote_features_event
                0x08202474       0x20 ./ble_app.o
                0x08202474                rsi_ble_on_remote_features_event
 .text.rsi_ble_on_disconnect_event
                0x08202494       0x18 ./ble_app.o
 .text.rsi_ble_on_conn_update_complete_event
                0x082024ac       0x2c ./ble_app.o
                0x082024ac                rsi_ble_on_conn_update_complete_event
 .text.rsi_ble_data_length_change_event
                0x082024d8       0x20 ./ble_app.o
                0x082024d8                rsi_ble_data_length_change_event
 .text.rsi_ble_on_mtu_event
                0x082024f8       0x24 ./ble_app.o
 .text.rsi_ble_on_connect_event
                0x0820251c       0x18 ./ble_app.o
 .text.rsi_ble_on_gatt_write_event
                0x08202534      0x1b4 ./ble_app.o
 .text.rsi_ble_add_char_val_att.constprop.0
                0x082026e8       0x8e ./ble_app.o
 .text.rsi_ble_add_char_serv_att.constprop.0.isra.0
                0x08202776       0x58 ./ble_app.o
 *fill*         0x082027ce        0x2 
 .text.rsi_ble_configurator_init
                0x082027d0      0x210 ./ble_app.o
                0x082027d0                rsi_ble_configurator_init
 .text.rsi_ble_configurator_task
                0x082029e0      0x474 ./ble_app.o
                0x082029e0                rsi_ble_configurator_task
 .text.sl_wifi_app_send_to_ble
                0x08202e54       0x4c ./ble_app.o
                0x08202e54                sl_wifi_app_send_to_ble
 .text.callback_event
                0x08202ea0       0x68 ./gspi_example.o
 .text.gspi_example_init
                0x08202f08      0x258 ./gspi_example.o
                0x08202f08                gspi_example_init
 .text.gspi_example_process_action
                0x08203160      0x20c ./gspi_example.o
                0x08203160                gspi_example_process_action
 .text.gspi_master_task
                0x0820336c       0x4c ./gspi_example.o
                0x0820336c                gspi_master_task
 .text.startup.main
                0x082033b8       0x12 ./main.o
                0x082033b8                main
 *fill*         0x082033ca        0x2 
 .text.wlan_app_scan_callback_handler
                0x082033cc      0x1b0 ./wifi_app.o
                0x082033cc                wlan_app_scan_callback_handler
 .text.sl_wifi_app_set_event
                0x0820357c       0x1c ./wifi_app.o
                0x0820357c                sl_wifi_app_set_event
 .text.sl_wifi_app_clear_event
                0x08203598       0x18 ./wifi_app.o
                0x08203598                sl_wifi_app_clear_event
 .text.sl_wifi_app_get_event
                0x082035b0       0x2c ./wifi_app.o
                0x082035b0                sl_wifi_app_get_event
 .text.sl_wifi_app_task
                0x082035dc      0x55c ./wifi_app.o
                0x082035dc                sl_wifi_app_task
 .text.up_cpu_clk
                0x08203b38       0x58 ./autogen/sl_event_handler.o
                0x08203b38                up_cpu_clk
 .text.sl_platform_init
                0x08203b90       0x22 ./autogen/sl_event_handler.o
                0x08203b90                sl_platform_init
 .text.sl_kernel_start
                0x08203bb2        0x4 ./autogen/sl_event_handler.o
                0x08203bb2                sl_kernel_start
 .text.sl_driver_init
                0x08203bb6        0x2 ./autogen/sl_event_handler.o
                0x08203bb6                sl_driver_init
 .text.sl_service_init
                0x08203bb8        0x2 ./autogen/sl_event_handler.o
                0x08203bb8                sl_service_init
 .text.sl_stack_init
                0x08203bba        0x2 ./autogen/sl_event_handler.o
                0x08203bba                sl_stack_init
 .text.sl_internal_app_init
                0x08203bbc        0x2 ./autogen/sl_event_handler.o
                0x08203bbc                sl_internal_app_init
 .text.sli_osTaskRegisterSetValue
                0x08203bbe        0xa ./gecko_sdk_4.4.1/platform/common/src/sli_cmsis_os2_ext_task_register.o
                0x08203bbe                sli_osTaskRegisterSetValue
 .text.sl_system_init
                0x08203bc8       0x1a ./gecko_sdk_4.4.1/platform/service/system/src/sl_system_init.o
                0x08203bc8                sl_system_init
 .text.sl_system_kernel_start
                0x08203be2        0x4 ./gecko_sdk_4.4.1/platform/service/system/src/sl_system_kernel.o
                0x08203be2                sl_system_kernel_start
 .text.SysTick_Handler
                0x08203be6       0x1a ./gecko_sdk_4.4.1/util/third_party/freertos/cmsis/Source/cmsis_os2.o
                0x08203be6                SysTick_Handler
 .text.osKernelInitialize
                0x08203c00       0x34 ./gecko_sdk_4.4.1/util/third_party/freertos/cmsis/Source/cmsis_os2.o
                0x08203c00                osKernelInitialize
 .text.osKernelStart
                0x08203c34       0x48 ./gecko_sdk_4.4.1/util/third_party/freertos/cmsis/Source/cmsis_os2.o
                0x08203c34                osKernelStart
 .text.osKernelGetTickCount
                0x08203c7c       0x28 ./gecko_sdk_4.4.1/util/third_party/freertos/cmsis/Source/cmsis_os2.o
                0x08203c7c                osKernelGetTickCount
 .text.osKernelGetTickFreq
                0x08203ca4        0x6 ./gecko_sdk_4.4.1/util/third_party/freertos/cmsis/Source/cmsis_os2.o
                0x08203ca4                osKernelGetTickFreq
 *fill*         0x08203caa        0x2 
 .text.osKernelGetSysTimerFreq
                0x08203cac        0xc ./gecko_sdk_4.4.1/util/third_party/freertos/cmsis/Source/cmsis_os2.o
                0x08203cac                osKernelGetSysTimerFreq
 .text.osThreadNew
                0x08203cb8       0xa8 ./gecko_sdk_4.4.1/util/third_party/freertos/cmsis/Source/cmsis_os2.o
                0x08203cb8                osThreadNew
 .text.osThreadYield
                0x08203d60       0x3c ./gecko_sdk_4.4.1/util/third_party/freertos/cmsis/Source/cmsis_os2.o
                0x08203d60                osThreadYield
 .text.osDelay  0x08203d9c       0x30 ./gecko_sdk_4.4.1/util/third_party/freertos/cmsis/Source/cmsis_os2.o
                0x08203d9c                osDelay
 .text.osEventFlagsNew
                0x08203dcc       0x3c ./gecko_sdk_4.4.1/util/third_party/freertos/cmsis/Source/cmsis_os2.o
                0x08203dcc                osEventFlagsNew
 .text.osEventFlagsSet
                0x08203e08       0x70 ./gecko_sdk_4.4.1/util/third_party/freertos/cmsis/Source/cmsis_os2.o
                0x08203e08                osEventFlagsSet
 .text.osEventFlagsClear
                0x08203e78       0x5c ./gecko_sdk_4.4.1/util/third_party/freertos/cmsis/Source/cmsis_os2.o
                0x08203e78                osEventFlagsClear
 .text.osEventFlagsWait
                0x08203ed4       0x70 ./gecko_sdk_4.4.1/util/third_party/freertos/cmsis/Source/cmsis_os2.o
                0x08203ed4                osEventFlagsWait
 .text.osMutexNew
                0x08203f44       0x94 ./gecko_sdk_4.4.1/util/third_party/freertos/cmsis/Source/cmsis_os2.o
                0x08203f44                osMutexNew
 .text.osMutexAcquire
                0x08203fd8       0x60 ./gecko_sdk_4.4.1/util/third_party/freertos/cmsis/Source/cmsis_os2.o
                0x08203fd8                osMutexAcquire
 .text.osMutexRelease
                0x08204038       0x58 ./gecko_sdk_4.4.1/util/third_party/freertos/cmsis/Source/cmsis_os2.o
                0x08204038                osMutexRelease
 .text.osMutexDelete
                0x08204090       0x48 ./gecko_sdk_4.4.1/util/third_party/freertos/cmsis/Source/cmsis_os2.o
                0x08204090                osMutexDelete
 .text.osSemaphoreNew
                0x082040d8       0xb0 ./gecko_sdk_4.4.1/util/third_party/freertos/cmsis/Source/cmsis_os2.o
                0x082040d8                osSemaphoreNew
 .text.osSemaphoreAcquire
                0x08204188       0x74 ./gecko_sdk_4.4.1/util/third_party/freertos/cmsis/Source/cmsis_os2.o
                0x08204188                osSemaphoreAcquire
 .text.osSemaphoreRelease
                0x082041fc       0x6c ./gecko_sdk_4.4.1/util/third_party/freertos/cmsis/Source/cmsis_os2.o
                0x082041fc                osSemaphoreRelease
 .text.vApplicationGetIdleTaskMemory
                0x08204268       0x18 ./gecko_sdk_4.4.1/util/third_party/freertos/cmsis/Source/cmsis_os2.o
                0x08204268                vApplicationGetIdleTaskMemory
 .text.vApplicationGetTimerTaskMemory
                0x08204280       0x18 ./gecko_sdk_4.4.1/util/third_party/freertos/cmsis/Source/cmsis_os2.o
                0x08204280                vApplicationGetTimerTaskMemory
 .text.xEventGroupCreateStatic
                0x08204298       0x48 ./gecko_sdk_4.4.1/util/third_party/freertos/kernel/event_groups.o
                0x08204298                xEventGroupCreateStatic
 .text.xEventGroupCreate
                0x082042e0       0x1c ./gecko_sdk_4.4.1/util/third_party/freertos/kernel/event_groups.o
                0x082042e0                xEventGroupCreate
 .text.xEventGroupWaitBits
                0x082042fc      0x130 ./gecko_sdk_4.4.1/util/third_party/freertos/kernel/event_groups.o
                0x082042fc                xEventGroupWaitBits
 .text.xEventGroupClearBits
                0x0820442c       0x46 ./gecko_sdk_4.4.1/util/third_party/freertos/kernel/event_groups.o
                0x0820442c                xEventGroupClearBits
 .text.vEventGroupClearBitsCallback
                0x08204472        0x4 ./gecko_sdk_4.4.1/util/third_party/freertos/kernel/event_groups.o
                0x08204472                vEventGroupClearBitsCallback
 *fill*         0x08204476        0x2 
 .text.xEventGroupClearBitsFromISR
                0x08204478       0x10 ./gecko_sdk_4.4.1/util/third_party/freertos/kernel/event_groups.o
                0x08204478                xEventGroupClearBitsFromISR
 .text.xEventGroupGetBitsFromISR
                0x08204488       0x1c ./gecko_sdk_4.4.1/util/third_party/freertos/kernel/event_groups.o
                0x08204488                xEventGroupGetBitsFromISR
 .text.xEventGroupSetBits
                0x082044a4       0x88 ./gecko_sdk_4.4.1/util/third_party/freertos/kernel/event_groups.o
                0x082044a4                xEventGroupSetBits
 .text.vEventGroupSetBitsCallback
                0x0820452c        0x4 ./gecko_sdk_4.4.1/util/third_party/freertos/kernel/event_groups.o
                0x0820452c                vEventGroupSetBitsCallback
 .text.xEventGroupSetBitsFromISR
                0x08204530       0x10 ./gecko_sdk_4.4.1/util/third_party/freertos/kernel/event_groups.o
                0x08204530                xEventGroupSetBitsFromISR
 .text.vListInitialise
                0x08204540       0x16 ./gecko_sdk_4.4.1/util/third_party/freertos/kernel/list.o
                0x08204540                vListInitialise
 .text.vListInitialiseItem
                0x08204556        0x6 ./gecko_sdk_4.4.1/util/third_party/freertos/kernel/list.o
                0x08204556                vListInitialiseItem
 .text.vListInsertEnd
                0x0820455c       0x16 ./gecko_sdk_4.4.1/util/third_party/freertos/kernel/list.o
                0x0820455c                vListInsertEnd
 .text.vListInsert
                0x08204572       0x2e ./gecko_sdk_4.4.1/util/third_party/freertos/kernel/list.o
                0x08204572                vListInsert
 .text.uxListRemove
                0x082045a0       0x20 ./gecko_sdk_4.4.1/util/third_party/freertos/kernel/list.o
                0x082045a0                uxListRemove
 .text.prvIsQueueEmpty
                0x082045c0       0x16 ./gecko_sdk_4.4.1/util/third_party/freertos/kernel/queue.o
 .text.prvCopyDataToQueue
                0x082045d6       0x66 ./gecko_sdk_4.4.1/util/third_party/freertos/kernel/queue.o
 .text.prvCopyDataFromQueue
                0x0820463c       0x2c ./gecko_sdk_4.4.1/util/third_party/freertos/kernel/queue.o
 .text.prvUnlockQueue
                0x08204668       0x70 ./gecko_sdk_4.4.1/util/third_party/freertos/kernel/queue.o
 .text.xQueueGenericReset
                0x082046d8       0x7e ./gecko_sdk_4.4.1/util/third_party/freertos/kernel/queue.o
                0x082046d8                xQueueGenericReset
 .text.xQueueGenericCreate.part.0
                0x08204756       0x7a ./gecko_sdk_4.4.1/util/third_party/freertos/kernel/queue.o
 .text.xQueueGenericCreateStatic
                0x082047d0       0xa6 ./gecko_sdk_4.4.1/util/third_party/freertos/kernel/queue.o
                0x082047d0                xQueueGenericCreateStatic
 .text.xQueueGenericCreate
                0x08204876       0x18 ./gecko_sdk_4.4.1/util/third_party/freertos/kernel/queue.o
                0x08204876                xQueueGenericCreate
 .text.xQueueCreateCountingSemaphoreStatic
                0x0820488e       0x44 ./gecko_sdk_4.4.1/util/third_party/freertos/kernel/queue.o
                0x0820488e                xQueueCreateCountingSemaphoreStatic
 .text.xQueueCreateCountingSemaphore
                0x082048d2       0x3c ./gecko_sdk_4.4.1/util/third_party/freertos/kernel/queue.o
                0x082048d2                xQueueCreateCountingSemaphore
 .text.xQueueGenericSend
                0x0820490e      0x178 ./gecko_sdk_4.4.1/util/third_party/freertos/kernel/queue.o
                0x0820490e                xQueueGenericSend
 .text.xQueueCreateMutexStatic
                0x08204a86       0x2a ./gecko_sdk_4.4.1/util/third_party/freertos/kernel/queue.o
                0x08204a86                xQueueCreateMutexStatic
 .text.xQueueGiveMutexRecursive
                0x08204ab0       0x3e ./gecko_sdk_4.4.1/util/third_party/freertos/kernel/queue.o
                0x08204ab0                xQueueGiveMutexRecursive
 .text.xQueueCreateMutex
                0x08204aee       0x24 ./gecko_sdk_4.4.1/util/third_party/freertos/kernel/queue.o
                0x08204aee                xQueueCreateMutex
 .text.xQueueGenericSendFromISR
                0x08204b12       0xd0 ./gecko_sdk_4.4.1/util/third_party/freertos/kernel/queue.o
                0x08204b12                xQueueGenericSendFromISR
 .text.xQueueGiveFromISR
                0x08204be2       0xb8 ./gecko_sdk_4.4.1/util/third_party/freertos/kernel/queue.o
                0x08204be2                xQueueGiveFromISR
 .text.xQueueReceive
                0x08204c9a      0x13e ./gecko_sdk_4.4.1/util/third_party/freertos/kernel/queue.o
                0x08204c9a                xQueueReceive
 .text.xQueueSemaphoreTake
                0x08204dd8      0x17a ./gecko_sdk_4.4.1/util/third_party/freertos/kernel/queue.o
                0x08204dd8                xQueueSemaphoreTake
 .text.xQueueTakeMutexRecursive
                0x08204f52       0x42 ./gecko_sdk_4.4.1/util/third_party/freertos/kernel/queue.o
                0x08204f52                xQueueTakeMutexRecursive
 .text.xQueueReceiveFromISR
                0x08204f94       0xb0 ./gecko_sdk_4.4.1/util/third_party/freertos/kernel/queue.o
                0x08204f94                xQueueReceiveFromISR
 .text.vQueueAddToRegistry
                0x08205044       0x24 ./gecko_sdk_4.4.1/util/third_party/freertos/kernel/queue.o
                0x08205044                vQueueAddToRegistry
 .text.vQueueUnregisterQueue
                0x08205068       0x30 ./gecko_sdk_4.4.1/util/third_party/freertos/kernel/queue.o
                0x08205068                vQueueUnregisterQueue
 .text.vQueueDelete
                0x08205098       0x2a ./gecko_sdk_4.4.1/util/third_party/freertos/kernel/queue.o
                0x08205098                vQueueDelete
 .text.vQueueWaitForMessageRestricted
                0x082050c2       0x46 ./gecko_sdk_4.4.1/util/third_party/freertos/kernel/queue.o
                0x082050c2                vQueueWaitForMessageRestricted
 .text.prvAddNewTaskToReadyList
                0x08205108      0x100 ./gecko_sdk_4.4.1/util/third_party/freertos/kernel/tasks.o
 .text.prvAddCurrentTaskToDelayedList
                0x08205208       0x78 ./gecko_sdk_4.4.1/util/third_party/freertos/kernel/tasks.o
 .text.prvResetNextTaskUnblockTime
                0x08205280       0x24 ./gecko_sdk_4.4.1/util/third_party/freertos/kernel/tasks.o
 .text.prvDeleteTCB
                0x082052a4       0x36 ./gecko_sdk_4.4.1/util/third_party/freertos/kernel/tasks.o
 *fill*         0x082052da        0x2 
 .text.prvIdleTask
                0x082052dc       0x60 ./gecko_sdk_4.4.1/util/third_party/freertos/kernel/tasks.o
 .text.prvInitialiseNewTask.constprop.0
                0x0820533c       0xb0 ./gecko_sdk_4.4.1/util/third_party/freertos/kernel/tasks.o
 .text.xTaskCreateStatic
                0x082053ec       0x70 ./gecko_sdk_4.4.1/util/third_party/freertos/kernel/tasks.o
                0x082053ec                xTaskCreateStatic
 .text.xTaskCreate
                0x0820545c       0x5c ./gecko_sdk_4.4.1/util/third_party/freertos/kernel/tasks.o
                0x0820545c                xTaskCreate
 .text.vTaskStartScheduler
                0x082054b8       0x90 ./gecko_sdk_4.4.1/util/third_party/freertos/kernel/tasks.o
                0x082054b8                vTaskStartScheduler
 .text.vTaskSuspendAll
                0x08205548       0x10 ./gecko_sdk_4.4.1/util/third_party/freertos/kernel/tasks.o
                0x08205548                vTaskSuspendAll
 .text.xTaskGetTickCount
                0x08205558        0xc ./gecko_sdk_4.4.1/util/third_party/freertos/kernel/tasks.o
                0x08205558                xTaskGetTickCount
 .text.xTaskGetTickCountFromISR
                0x08205564       0x10 ./gecko_sdk_4.4.1/util/third_party/freertos/kernel/tasks.o
                0x08205564                xTaskGetTickCountFromISR
 .text.xTaskIncrementTick
                0x08205574      0x12c ./gecko_sdk_4.4.1/util/third_party/freertos/kernel/tasks.o
                0x08205574                xTaskIncrementTick
 .text.xTaskResumeAll
                0x082056a0       0xe8 ./gecko_sdk_4.4.1/util/third_party/freertos/kernel/tasks.o
                0x082056a0                xTaskResumeAll
 .text.vTaskDelay
                0x08205788       0x48 ./gecko_sdk_4.4.1/util/third_party/freertos/kernel/tasks.o
                0x08205788                vTaskDelay
 .text.vTaskSwitchContext
                0x082057d0       0x88 ./gecko_sdk_4.4.1/util/third_party/freertos/kernel/tasks.o
                0x082057d0                vTaskSwitchContext
 .text.vTaskPlaceOnEventList
                0x08205858       0x34 ./gecko_sdk_4.4.1/util/third_party/freertos/kernel/tasks.o
                0x08205858                vTaskPlaceOnEventList
 .text.vTaskPlaceOnUnorderedEventList
                0x0820588c       0x58 ./gecko_sdk_4.4.1/util/third_party/freertos/kernel/tasks.o
                0x0820588c                vTaskPlaceOnUnorderedEventList
 .text.vTaskPlaceOnEventListRestricted
                0x082058e4       0x3c ./gecko_sdk_4.4.1/util/third_party/freertos/kernel/tasks.o
                0x082058e4                vTaskPlaceOnEventListRestricted
 .text.xTaskRemoveFromEventList
                0x08205920       0x80 ./gecko_sdk_4.4.1/util/third_party/freertos/kernel/tasks.o
                0x08205920                xTaskRemoveFromEventList
 .text.vTaskRemoveFromUnorderedEventList
                0x082059a0       0x84 ./gecko_sdk_4.4.1/util/third_party/freertos/kernel/tasks.o
                0x082059a0                vTaskRemoveFromUnorderedEventList
 .text.vTaskInternalSetTimeOutState
                0x08205a24       0x18 ./gecko_sdk_4.4.1/util/third_party/freertos/kernel/tasks.o
                0x08205a24                vTaskInternalSetTimeOutState
 .text.xTaskCheckForTimeOut
                0x08205a3c       0x90 ./gecko_sdk_4.4.1/util/third_party/freertos/kernel/tasks.o
                0x08205a3c                xTaskCheckForTimeOut
 .text.vTaskMissedYield
                0x08205acc        0xc ./gecko_sdk_4.4.1/util/third_party/freertos/kernel/tasks.o
                0x08205acc                vTaskMissedYield
 .text.vTaskSetThreadLocalStoragePointer
                0x08205ad8       0x2c ./gecko_sdk_4.4.1/util/third_party/freertos/kernel/tasks.o
                0x08205ad8                vTaskSetThreadLocalStoragePointer
 .text.xTaskGetCurrentTaskHandle
                0x08205b04        0xc ./gecko_sdk_4.4.1/util/third_party/freertos/kernel/tasks.o
                0x08205b04                xTaskGetCurrentTaskHandle
 .text.xTaskGetSchedulerState
                0x08205b10       0x20 ./gecko_sdk_4.4.1/util/third_party/freertos/kernel/tasks.o
                0x08205b10                xTaskGetSchedulerState
 .text.xTaskPriorityInherit
                0x08205b30       0x7c ./gecko_sdk_4.4.1/util/third_party/freertos/kernel/tasks.o
                0x08205b30                xTaskPriorityInherit
 .text.xTaskPriorityDisinherit
                0x08205bac       0x84 ./gecko_sdk_4.4.1/util/third_party/freertos/kernel/tasks.o
                0x08205bac                xTaskPriorityDisinherit
 .text.vTaskPriorityDisinheritAfterTimeout
                0x08205c30       0x9c ./gecko_sdk_4.4.1/util/third_party/freertos/kernel/tasks.o
                0x08205c30                vTaskPriorityDisinheritAfterTimeout
 .text.uxTaskResetEventItemValue
                0x08205ccc       0x18 ./gecko_sdk_4.4.1/util/third_party/freertos/kernel/tasks.o
                0x08205ccc                uxTaskResetEventItemValue
 .text.pvTaskIncrementMutexHeldCount
                0x08205ce4       0x18 ./gecko_sdk_4.4.1/util/third_party/freertos/kernel/tasks.o
                0x08205ce4                pvTaskIncrementMutexHeldCount
 .text.prvInsertTimerInActiveList
                0x08205cfc       0x3c ./gecko_sdk_4.4.1/util/third_party/freertos/kernel/timers.o
 .text.prvCheckForValidListAndQueue
                0x08205d38       0x68 ./gecko_sdk_4.4.1/util/third_party/freertos/kernel/timers.o
 .text.xTimerCreateTimerTask
                0x08205da0       0x64 ./gecko_sdk_4.4.1/util/third_party/freertos/kernel/timers.o
                0x08205da0                xTimerCreateTimerTask
 .text.xTimerGenericCommand
                0x08205e04       0x58 ./gecko_sdk_4.4.1/util/third_party/freertos/kernel/timers.o
                0x08205e04                xTimerGenericCommand
 .text.prvSampleTimeNow
                0x08205e5c       0xa4 ./gecko_sdk_4.4.1/util/third_party/freertos/kernel/timers.o
 .text.prvTimerTask
                0x08205f00      0x1cc ./gecko_sdk_4.4.1/util/third_party/freertos/kernel/timers.o
 .text.xTimerPendFunctionCallFromISR
                0x082060cc       0x28 ./gecko_sdk_4.4.1/util/third_party/freertos/kernel/timers.o
                0x082060cc                xTimerPendFunctionCallFromISR
 .text.prvPortStartFirstTask
                0x082060f4       0x28 ./gecko_sdk_4.4.1/util/third_party/freertos/kernel/portable/GCC/ARM_CM4F/port.o
 .text.vPortEnableVFP
                0x0820611c       0x14 ./gecko_sdk_4.4.1/util/third_party/freertos/kernel/portable/GCC/ARM_CM4F/port.o
 .text.prvTaskExitError
                0x08206130       0x40 ./gecko_sdk_4.4.1/util/third_party/freertos/kernel/portable/GCC/ARM_CM4F/port.o
 .text.pxPortInitialiseStack
                0x08206170       0x2c ./gecko_sdk_4.4.1/util/third_party/freertos/kernel/portable/GCC/ARM_CM4F/port.o
                0x08206170                pxPortInitialiseStack
 *fill*         0x0820619c        0x4 
 .text.SVC_Handler
                0x082061a0       0x24 ./gecko_sdk_4.4.1/util/third_party/freertos/kernel/portable/GCC/ARM_CM4F/port.o
                0x082061a0                SVC_Handler
 .text.vPortEnterCritical
                0x082061c4       0x40 ./gecko_sdk_4.4.1/util/third_party/freertos/kernel/portable/GCC/ARM_CM4F/port.o
                0x082061c4                vPortEnterCritical
 .text.vPortExitCritical
                0x08206204       0x28 ./gecko_sdk_4.4.1/util/third_party/freertos/kernel/portable/GCC/ARM_CM4F/port.o
                0x08206204                vPortExitCritical
 *fill*         0x0820622c        0x4 
 .text.PendSV_Handler
                0x08206230       0x64 ./gecko_sdk_4.4.1/util/third_party/freertos/kernel/portable/GCC/ARM_CM4F/port.o
                0x08206230                PendSV_Handler
 .text.xPortSysTickHandler
                0x08206294       0x2c ./gecko_sdk_4.4.1/util/third_party/freertos/kernel/portable/GCC/ARM_CM4F/port.o
                0x08206294                xPortSysTickHandler
 .text.vPortSetupTimerInterrupt
                0x082062c0       0x24 ./gecko_sdk_4.4.1/util/third_party/freertos/kernel/portable/GCC/ARM_CM4F/port.o
                0x082062c0                vPortSetupTimerInterrupt
 .text.xPortStartScheduler
                0x082062e4      0x10c ./gecko_sdk_4.4.1/util/third_party/freertos/kernel/portable/GCC/ARM_CM4F/port.o
                0x082062e4                xPortStartScheduler
 .text.vPortValidateInterruptPriority
                0x082063f0       0x5c ./gecko_sdk_4.4.1/util/third_party/freertos/kernel/portable/GCC/ARM_CM4F/port.o
                0x082063f0                vPortValidateInterruptPriority
 .text.prvInsertBlockIntoFreeList
                0x0820644c       0x50 ./gecko_sdk_4.4.1/util/third_party/freertos/kernel/portable/MemMang/heap_4.o
 .text.pvPortMalloc
                0x0820649c      0x134 ./gecko_sdk_4.4.1/util/third_party/freertos/kernel/portable/MemMang/heap_4.o
                0x0820649c                pvPortMalloc
 .text.vPortFree
                0x082065d0       0x7c ./gecko_sdk_4.4.1/util/third_party/freertos/kernel/portable/MemMang/heap_4.o
                0x082065d0                vPortFree
 .text.RSI_Board_Init
                0x0820664c       0x48 ./wiseconnect3_sdk_3.1.4/components/board/silabs/src/rsi_board.o
                0x0820664c                RSI_Board_Init
 .text.print_sl_ipv4_address
                0x08206694       0x1c ./wiseconnect3_sdk_3.1.4/components/common/src/sl_utility.o
                0x08206694                print_sl_ipv4_address
 .text.little_to_big_endian
                0x082066b0       0x2e ./wiseconnect3_sdk_3.1.4/components/common/src/sl_utility.o
                0x082066b0                little_to_big_endian
 *fill*         0x082066de        0x2 
 .text.sl_inet_ntop6
                0x082066e0      0x144 ./wiseconnect3_sdk_3.1.4/components/common/src/sl_utility.o
                0x082066e0                sl_inet_ntop6
 .text.print_sl_ipv6_address
                0x08206824       0x2c ./wiseconnect3_sdk_3.1.4/components/common/src/sl_utility.o
                0x08206824                print_sl_ipv6_address
 .text.print_sl_ip_address
                0x08206850       0x16 ./wiseconnect3_sdk_3.1.4/components/common/src/sl_utility.o
                0x08206850                print_sl_ip_address
 *fill*         0x08206866        0x2 
 .text.print_firmware_version
                0x08206868       0x2c ./wiseconnect3_sdk_3.1.4/components/common/src/sl_utility.o
                0x08206868                print_firmware_version
 .text.sl_debug_log
                0x08206894        0x6 ./wiseconnect3_sdk_3.1.4/components/common/src/sl_utility.o
                0x08206894                sl_debug_log
 *fill*         0x0820689a        0x2 
 .text.init_ipmu_calib_data
                0x0820689c       0x54 ./wiseconnect3_sdk_3.1.4/components/device/silabs/si91x/mcu/core/chip/src/iPMU_prog/iPMU_dotc/ipmu_apis.o
                0x0820689c                init_ipmu_calib_data
 .text.program_ipmu_data
                0x082068f0       0x54 ./wiseconnect3_sdk_3.1.4/components/device/silabs/si91x/mcu/core/chip/src/iPMU_prog/iPMU_dotc/ipmu_apis.o
                0x082068f0                program_ipmu_data
 .text.ipmu_init_mcu
                0x08206944       0x94 ./wiseconnect3_sdk_3.1.4/components/device/silabs/si91x/mcu/core/chip/src/iPMU_prog/iPMU_dotc/ipmu_apis.o
                0x08206944                ipmu_init_mcu
 .text.ipmu_init
                0x082069d8       0xa8 ./wiseconnect3_sdk_3.1.4/components/device/silabs/si91x/mcu/core/chip/src/iPMU_prog/iPMU_dotc/ipmu_apis.o
                0x082069d8                ipmu_init
 .text.configure_ipmu_mode
                0x08206a80       0x38 ./wiseconnect3_sdk_3.1.4/components/device/silabs/si91x/mcu/core/chip/src/iPMU_prog/iPMU_dotc/ipmu_apis.o
                0x08206a80                configure_ipmu_mode
 .text.RSI_PS_RestoreCpuContext
                0x08206ab8       0x34 ./wiseconnect3_sdk_3.1.4/components/device/silabs/si91x/mcu/core/chip/src/rsi_deepsleep_soc.o
                0x08206ab8                RSI_PS_RestoreCpuContext
 .text.RSI_Set_Cntrls_To_M4
                0x08206aec       0x50 ./wiseconnect3_sdk_3.1.4/components/device/silabs/si91x/mcu/core/chip/src/rsi_deepsleep_soc.o
                0x08206aec                RSI_Set_Cntrls_To_M4
 .text.Default_Handler
                0x08206b3c        0x2 ./wiseconnect3_sdk_3.1.4/components/device/silabs/si91x/mcu/core/chip/src/startup_si91x.o
                0x08206b3c                DebugMon_Handler
                0x08206b3c                IRQ031_Handler
                0x08206b3c                HardFault_Handler
                0x08206b3c                IRQ058_Handler
                0x08206b3c                IRQ095_Handler
                0x08206b3c                IRQ065_Handler
                0x08206b3c                IRQ019_Handler
                0x08206b3c                IRQ056_Handler
                0x08206b3c                IRQ093_Handler
                0x08206b3c                NMI_Handler
                0x08206b3c                IRQ011_Handler
                0x08206b3c                IRQ014_Handler
                0x08206b3c                IRQ051_Handler
                0x08206b3c                IRQ027_Handler
                0x08206b3c                IRQ062_Handler
                0x08206b3c                IRQ097_Handler
                0x08206b3c                IRQ088_Handler
                0x08206b3c                IRQ034_Handler
                0x08206b3c                IRQ071_Handler
                0x08206b3c                IRQ067_Handler
                0x08206b3c                IRQ070_Handler
                0x08206b3c                IRQ077_Handler
                0x08206b3c                IRQ028_Handler
                0x08206b3c                IRQ063_Handler
                0x08206b3c                IRQ076_Handler
                0x08206b3c                UsageFault_Handler
                0x08206b3c                IRQ023_Handler
                0x08206b3c                IRQ009_Handler
                0x08206b3c                IRQ048_Handler
                0x08206b3c                IRQ083_Handler
                0x08206b3c                IRQ089_Handler
                0x08206b3c                HIF1_IRQHandler
                0x08206b3c                IRQ037_Handler
                0x08206b3c                IRQ072_Handler
                0x08206b3c                IRQ021_Handler
                0x08206b3c                IRQ008_Handler
                0x08206b3c                IRQ047_Handler
                0x08206b3c                IRQ082_Handler
                0x08206b3c                IRQ022_Handler
                0x08206b3c                IRQ007_Handler
                0x08206b3c                IRQ081_Handler
                0x08206b3c                IRQ004_Handler
                0x08206b3c                IRQ043_Handler
                0x08206b3c                IRQ002_Handler
                0x08206b3c                IRQ041_Handler
                0x08206b3c                IRQ098_Handler
                0x08206b3c                IRQ000_Handler
                0x08206b3c                IRQ005_Handler
                0x08206b3c                IRQ044_Handler
                0x08206b3c                IRQ049_Handler
                0x08206b3c                IRQ084_Handler
                0x08206b3c                IRQ006_Handler
                0x08206b3c                IRQ045_Handler
                0x08206b3c                IRQ080_Handler
                0x08206b3c                IRQ015_Handler
                0x08206b3c                IRQ052_Handler
                0x08206b3c                MemManage_Handler
                0x08206b3c                HIF2_IRQHandler
                0x08206b3c                IRQ001_Handler
                0x08206b3c                IRQ040_Handler
                0x08206b3c                IRQ068_Handler
                0x08206b3c                IRQ059_Handler
                0x08206b3c                IRQ096_Handler
                0x08206b3c                IRQ003_Handler
                0x08206b3c                IRQ042_Handler
                0x08206b3c                IRQ024_Handler
                0x08206b3c                IRQ016_Handler
                0x08206b3c                IRQ053_Handler
                0x08206b3c                IRQ090_Handler
                0x08206b3c                IRQ078_Handler
                0x08206b3c                IRQ032_Handler
                0x08206b3c                IRQ020_Handler
                0x08206b3c                IRQ073_Handler
                0x08206b3c                IRQ018_Handler
                0x08206b3c                IRQ055_Handler
                0x08206b3c                IRQ092_Handler
                0x08206b3c                IRQ087_Handler
                0x08206b3c                IRQ026_Handler
                0x08206b3c                IRQ061_Handler
                0x08206b3c                IRQ025_Handler
                0x08206b3c                IRQ060_Handler
                0x08206b3c                IRQ085_Handler
                0x08206b3c                IRQ013_Handler
                0x08206b3c                IRQ050_Handler
                0x08206b3c                IRQ030_Handler
                0x08206b3c                IRQ029_Handler
                0x08206b3c                IRQ064_Handler
                0x08206b3c                IRQ066_Handler
                0x08206b3c                IRQ017_Handler
                0x08206b3c                IRQ054_Handler
                0x08206b3c                IRQ091_Handler
                0x08206b3c                BusFault_Handler
                0x08206b3c                IRQ069_Handler
                0x08206b3c                IRQ075_Handler
                0x08206b3c                IRQ086_Handler
                0x08206b3c                IRQ057_Handler
                0x08206b3c                IRQ094_Handler
                0x08206b3c                IRQ079_Handler
 .text.Default_Reset_Handler
                0x08206b3e        0x2 ./wiseconnect3_sdk_3.1.4/components/device/silabs/si91x/mcu/core/chip/src/startup_si91x.o
                0x08206b3e                Default_Reset_Handler
                0x08206b3e                Reset_Handler
 .text.Copy_Table
                0x08206b40       0x24 ./wiseconnect3_sdk_3.1.4/components/device/silabs/si91x/mcu/core/chip/src/startup_si91x.o
                0x08206b40                Copy_Table
 .text.Zero_Table
                0x08206b64       0x24 ./wiseconnect3_sdk_3.1.4/components/device/silabs/si91x/mcu/core/chip/src/startup_si91x.o
                0x08206b64                Zero_Table
 .text.RSI_Default_Reset_Handler
                0x08206b88       0x16 ./wiseconnect3_sdk_3.1.4/components/device/silabs/si91x/mcu/core/chip/src/startup_si91x.o
                0x08206b88                RSI_Default_Reset_Handler
 *fill*         0x08206b9e        0x2 
 .text.SystemCoreClockUpdate
                0x08206ba0       0xfc ./wiseconnect3_sdk_3.1.4/components/device/silabs/si91x/mcu/core/chip/src/system_si91x.o
                0x08206ba0                SystemCoreClockUpdate
 .text.fpuInit  0x08206c9c       0x44 ./wiseconnect3_sdk_3.1.4/components/device/silabs/si91x/mcu/core/chip/src/system_si91x.o
                0x08206c9c                fpuInit
 .text.SystemInit
                0x08206ce0       0xe4 ./wiseconnect3_sdk_3.1.4/components/device/silabs/si91x/mcu/core/chip/src/system_si91x.o
                0x08206ce0                SystemInit
 .text.ARM_UART_SignalEvent
                0x08206dc4       0x24 ./wiseconnect3_sdk_3.1.4/components/device/silabs/si91x/mcu/core/common/src/rsi_debug.o
                0x08206dc4                ARM_UART_SignalEvent
 .text.Board_Debug_Init
                0x08206de8       0x4c ./wiseconnect3_sdk_3.1.4/components/device/silabs/si91x/mcu/core/common/src/rsi_debug.o
                0x08206de8                Board_Debug_Init
 .text.Board_UARTGetChar
                0x08206e34       0x30 ./wiseconnect3_sdk_3.1.4/components/device/silabs/si91x/mcu/core/common/src/rsi_debug.o
                0x08206e34                Board_UARTGetChar
 .text.Board_UARTPutChar
                0x08206e64       0x30 ./wiseconnect3_sdk_3.1.4/components/device/silabs/si91x/mcu/core/common/src/rsi_debug.o
                0x08206e64                Board_UARTPutChar
 .text.read_exclude_space
                0x08206e94       0x20 ./wiseconnect3_sdk_3.1.4/components/device/silabs/si91x/mcu/core/common/src/syscalls.o
 .text._getpid  0x08206eb4        0x4 ./wiseconnect3_sdk_3.1.4/components/device/silabs/si91x/mcu/core/common/src/syscalls.o
                0x08206eb4                _getpid
 .text._kill    0x08206eb8       0x10 ./wiseconnect3_sdk_3.1.4/components/device/silabs/si91x/mcu/core/common/src/syscalls.o
                0x08206eb8                _kill
 .text._exit    0x08206ec8        0xc ./wiseconnect3_sdk_3.1.4/components/device/silabs/si91x/mcu/core/common/src/syscalls.o
                0x08206ec8                _exit
 .text._write   0x08206ed4       0x1c ./wiseconnect3_sdk_3.1.4/components/device/silabs/si91x/mcu/core/common/src/syscalls.o
                0x08206ed4                _write
 .text._close   0x08206ef0        0x6 ./wiseconnect3_sdk_3.1.4/components/device/silabs/si91x/mcu/core/common/src/syscalls.o
                0x08206ef0                _close
 .text._fstat   0x08206ef6        0xa ./wiseconnect3_sdk_3.1.4/components/device/silabs/si91x/mcu/core/common/src/syscalls.o
                0x08206ef6                _fstat
 .text._isatty  0x08206f00        0x4 ./wiseconnect3_sdk_3.1.4/components/device/silabs/si91x/mcu/core/common/src/syscalls.o
                0x08206f00                _isatty
 .text._lseek   0x08206f04        0x4 ./wiseconnect3_sdk_3.1.4/components/device/silabs/si91x/mcu/core/common/src/syscalls.o
                0x08206f04                _lseek
 .text._read    0x08206f08      0x30c ./wiseconnect3_sdk_3.1.4/components/device/silabs/si91x/mcu/core/common/src/syscalls.o
                0x08206f08                _read
 .text.sl_si91x_device_init_nvic
                0x08207214       0x18 ./wiseconnect3_sdk_3.1.4/components/device/silabs/si91x/mcu/core/config/src/rsi_nvic_priorities_config.o
                0x08207214                sl_si91x_device_init_nvic
 .text.GSPI_MASTER_GetVersion
                0x0820722c       0x20 ./wiseconnect3_sdk_3.1.4/components/device/silabs/si91x/mcu/drivers/cmsis_driver/GSPI.o
                0x0820722c                GSPI_MASTER_GetVersion
 .text.GSPI_MASTER_GetCapabilities
                0x0820724c        0x4 ./wiseconnect3_sdk_3.1.4/components/device/silabs/si91x/mcu/drivers/cmsis_driver/GSPI.o
                0x0820724c                GSPI_MASTER_GetCapabilities
 .text.GSPI_MASTER_GetStatus
                0x08207250        0x4 ./wiseconnect3_sdk_3.1.4/components/device/silabs/si91x/mcu/drivers/cmsis_driver/GSPI.o
 .text.GSPI_MASTER_UDMA_Tx_Event
                0x08207254        0xc ./wiseconnect3_sdk_3.1.4/components/device/silabs/si91x/mcu/drivers/cmsis_driver/GSPI.o
                0x08207254                GSPI_MASTER_UDMA_Tx_Event
 .text.GSPI_MASTER_UDMA_Rx_Event
                0x08207260        0xc ./wiseconnect3_sdk_3.1.4/components/device/silabs/si91x/mcu/drivers/cmsis_driver/GSPI.o
                0x08207260                GSPI_MASTER_UDMA_Rx_Event
 .text.GSPI_MASTER_Control
                0x0820726c       0x3c ./wiseconnect3_sdk_3.1.4/components/device/silabs/si91x/mcu/drivers/cmsis_driver/GSPI.o
 .text.GSPI_MASTER_GetDataCount
                0x082072a8        0xc ./wiseconnect3_sdk_3.1.4/components/device/silabs/si91x/mcu/drivers/cmsis_driver/GSPI.o
 .text.GSPI_MASTER_Transfer
                0x082072b4       0x2c ./wiseconnect3_sdk_3.1.4/components/device/silabs/si91x/mcu/drivers/cmsis_driver/GSPI.o
 .text.GSPI_MASTER_Receive
                0x082072e0       0x2c ./wiseconnect3_sdk_3.1.4/components/device/silabs/si91x/mcu/drivers/cmsis_driver/GSPI.o
 .text.GSPI_MASTER_Send
                0x0820730c       0x2c ./wiseconnect3_sdk_3.1.4/components/device/silabs/si91x/mcu/drivers/cmsis_driver/GSPI.o
 .text.GSPI_MASTER_PowerControl
                0x08207338        0xc ./wiseconnect3_sdk_3.1.4/components/device/silabs/si91x/mcu/drivers/cmsis_driver/GSPI.o
 .text.GSPI_MASTER_Uninitialize
                0x08207344       0x1c ./wiseconnect3_sdk_3.1.4/components/device/silabs/si91x/mcu/drivers/cmsis_driver/GSPI.o
 .text.GSPI_MASTER_Initialize
                0x08207360       0x30 ./wiseconnect3_sdk_3.1.4/components/device/silabs/si91x/mcu/drivers/cmsis_driver/GSPI.o
 .text.RSI_GSPI_SetSlaveSelectNumber
                0x08207390        0xc ./wiseconnect3_sdk_3.1.4/components/device/silabs/si91x/mcu/drivers/cmsis_driver/GSPI.o
                0x08207390                RSI_GSPI_SetSlaveSelectNumber
 .text.IRQ046_Handler
                0x0820739c        0xc ./wiseconnect3_sdk_3.1.4/components/device/silabs/si91x/mcu/drivers/cmsis_driver/GSPI.o
                0x0820739c                IRQ046_Handler
 .text.GSPI_GetFrameLength
                0x082073a8       0x10 ./wiseconnect3_sdk_3.1.4/components/device/silabs/si91x/mcu/drivers/cmsis_driver/GSPI.o
                0x082073a8                GSPI_GetFrameLength
 .text.GSPI_SwapReadWriteByte
                0x082073b8       0x48 ./wiseconnect3_sdk_3.1.4/components/device/silabs/si91x/mcu/drivers/cmsis_driver/GSPI.o
                0x082073b8                GSPI_SwapReadWriteByte
 .text.GSPI_GetInitState
                0x08207400       0x10 ./wiseconnect3_sdk_3.1.4/components/device/silabs/si91x/mcu/drivers/cmsis_driver/GSPI.o
                0x08207400                GSPI_GetInitState
 .text.gspi_transfer_complete_callback
                0x08207410       0x20 ./wiseconnect3_sdk_3.1.4/components/device/silabs/si91x/mcu/drivers/cmsis_driver/GSPI.o
                0x08207410                gspi_transfer_complete_callback
 .text.gspi_error_callback
                0x08207430       0x20 ./wiseconnect3_sdk_3.1.4/components/device/silabs/si91x/mcu/drivers/cmsis_driver/GSPI.o
                0x08207430                gspi_error_callback
 .text.ARM_USARTx_GetVersion
                0x08207450       0x20 ./wiseconnect3_sdk_3.1.4/components/device/silabs/si91x/mcu/drivers/cmsis_driver/USART.o
                0x08207450                ARM_USARTx_GetVersion
 .text.ARM_ULP_UART_GetCapabilities
                0x08207470        0xc ./wiseconnect3_sdk_3.1.4/components/device/silabs/si91x/mcu/drivers/cmsis_driver/USART.o
 .text.ARM_ULP_UART_GetModemStatus
                0x0820747c        0xc ./wiseconnect3_sdk_3.1.4/components/device/silabs/si91x/mcu/drivers/cmsis_driver/USART.o
 .text.ARM_ULP_UART_SetModemControl
                0x08207488        0xc ./wiseconnect3_sdk_3.1.4/components/device/silabs/si91x/mcu/drivers/cmsis_driver/USART.o
 .text.ARM_ULP_UART_GetStatus
                0x08207494        0xc ./wiseconnect3_sdk_3.1.4/components/device/silabs/si91x/mcu/drivers/cmsis_driver/USART.o
 .text.ARM_ULP_UART_Control
                0x082074a0       0x34 ./wiseconnect3_sdk_3.1.4/components/device/silabs/si91x/mcu/drivers/cmsis_driver/USART.o
 .text.ARM_ULP_UART_GetRxCount
                0x082074d4        0xc ./wiseconnect3_sdk_3.1.4/components/device/silabs/si91x/mcu/drivers/cmsis_driver/USART.o
 .text.ARM_ULP_UART_GetTxCount
                0x082074e0        0xc ./wiseconnect3_sdk_3.1.4/components/device/silabs/si91x/mcu/drivers/cmsis_driver/USART.o
 .text.ARM_ULP_UART_Transfer
                0x082074ec       0x54 ./wiseconnect3_sdk_3.1.4/components/device/silabs/si91x/mcu/drivers/cmsis_driver/USART.o
 .text.ARM_ULP_UART_Receive
                0x08207540       0x48 ./wiseconnect3_sdk_3.1.4/components/device/silabs/si91x/mcu/drivers/cmsis_driver/USART.o
 .text.ARM_ULP_UART_Send
                0x08207588       0x48 ./wiseconnect3_sdk_3.1.4/components/device/silabs/si91x/mcu/drivers/cmsis_driver/USART.o
 .text.ARM_ULP_UART_PowerControl
                0x082075d0       0x18 ./wiseconnect3_sdk_3.1.4/components/device/silabs/si91x/mcu/drivers/cmsis_driver/USART.o
 .text.ARM_ULP_UART_Uninitialize
                0x082075e8       0x1c ./wiseconnect3_sdk_3.1.4/components/device/silabs/si91x/mcu/drivers/cmsis_driver/USART.o
 .text.ARM_ULP_UART_Initialize
                0x08207604       0x30 ./wiseconnect3_sdk_3.1.4/components/device/silabs/si91x/mcu/drivers/cmsis_driver/USART.o
 .text.IRQ038_Handler
                0x08207634        0xc ./wiseconnect3_sdk_3.1.4/components/device/silabs/si91x/mcu/drivers/cmsis_driver/USART.o
                0x08207634                IRQ038_Handler
 .text.IRQ039_Handler
                0x08207640        0xc ./wiseconnect3_sdk_3.1.4/components/device/silabs/si91x/mcu/drivers/cmsis_driver/USART.o
                0x08207640                IRQ039_Handler
 .text.IRQ012_Handler
                0x0820764c        0xc ./wiseconnect3_sdk_3.1.4/components/device/silabs/si91x/mcu/drivers/cmsis_driver/USART.o
                0x0820764c                IRQ012_Handler
 .text.RSI_ULPUartHandler
                0x08207658        0x4 ./wiseconnect3_sdk_3.1.4/components/device/silabs/si91x/mcu/drivers/cmsis_driver/USART.o
                0x08207658                RSI_ULPUartHandler
 .text.RSI_CLK_GetBaseClock
                0x0820765c      0x50c ./wiseconnect3_sdk_3.1.4/components/device/silabs/si91x/mcu/drivers/peripheral_drivers/src/clock_update.o
                0x0820765c                RSI_CLK_GetBaseClock
 .text.egpio_set_dir
                0x08207b68       0x10 ./wiseconnect3_sdk_3.1.4/components/device/silabs/si91x/mcu/drivers/peripheral_drivers/src/rsi_egpio.o
                0x08207b68                egpio_set_dir
 .text.egpio_set_pin
                0x08207b78        0xc ./wiseconnect3_sdk_3.1.4/components/device/silabs/si91x/mcu/drivers/peripheral_drivers/src/rsi_egpio.o
                0x08207b78                egpio_set_pin
 .text.egpio_set_pin_mux
                0x08207b84       0x10 ./wiseconnect3_sdk_3.1.4/components/device/silabs/si91x/mcu/drivers/peripheral_drivers/src/rsi_egpio.o
                0x08207b84                egpio_set_pin_mux
 .text.egpio_host_pads_gpio_mode_enable
                0x08207b94       0x54 ./wiseconnect3_sdk_3.1.4/components/device/silabs/si91x/mcu/drivers/peripheral_drivers/src/rsi_egpio.o
                0x08207b94                egpio_host_pads_gpio_mode_enable
 .text.egpio_pad_selection_enable
                0x08207be8       0x2c ./wiseconnect3_sdk_3.1.4/components/device/silabs/si91x/mcu/drivers/peripheral_drivers/src/rsi_egpio.o
                0x08207be8                egpio_pad_selection_enable
 .text.egpio_pad_receiver_enable
                0x08207c14       0x14 ./wiseconnect3_sdk_3.1.4/components/device/silabs/si91x/mcu/drivers/peripheral_drivers/src/rsi_egpio.o
                0x08207c14                egpio_pad_receiver_enable
 .text.egpio_pad_driver_disable_state
                0x08207c28       0x18 ./wiseconnect3_sdk_3.1.4/components/device/silabs/si91x/mcu/drivers/peripheral_drivers/src/rsi_egpio.o
                0x08207c28                egpio_pad_driver_disable_state
 .text.egpio_ulp_pad_receiver_enable
                0x08207c40       0x14 ./wiseconnect3_sdk_3.1.4/components/device/silabs/si91x/mcu/drivers/peripheral_drivers/src/rsi_egpio.o
                0x08207c40                egpio_ulp_pad_receiver_enable
 .text.egpio_ulp_pad_driver_disable_state
                0x08207c54       0x58 ./wiseconnect3_sdk_3.1.4/components/device/silabs/si91x/mcu/drivers/peripheral_drivers/src/rsi_egpio.o
                0x08207c54                egpio_ulp_pad_driver_disable_state
 .text.GSPI_Initialize
                0x08207cac      0x268 ./wiseconnect3_sdk_3.1.4/components/device/silabs/si91x/mcu/drivers/peripheral_drivers/src/rsi_gspi.o
                0x08207cac                GSPI_Initialize
 .text.GSPI_Uninitialize
                0x08207f14       0x30 ./wiseconnect3_sdk_3.1.4/components/device/silabs/si91x/mcu/drivers/peripheral_drivers/src/rsi_gspi.o
                0x08207f14                GSPI_Uninitialize
 .text.GSPI_PowerControl
                0x08207f44       0xe8 ./wiseconnect3_sdk_3.1.4/components/device/silabs/si91x/mcu/drivers/peripheral_drivers/src/rsi_gspi.o
                0x08207f44                GSPI_PowerControl
 .text.GSPI_Control
                0x0820802c      0x2d4 ./wiseconnect3_sdk_3.1.4/components/device/silabs/si91x/mcu/drivers/peripheral_drivers/src/rsi_gspi.o
                0x0820802c                GSPI_Control
 .text.GSPI_Send
                0x08208300      0x1f0 ./wiseconnect3_sdk_3.1.4/components/device/silabs/si91x/mcu/drivers/peripheral_drivers/src/rsi_gspi.o
                0x08208300                GSPI_Send
 .text.GSPI_Receive
                0x082084f0      0x228 ./wiseconnect3_sdk_3.1.4/components/device/silabs/si91x/mcu/drivers/peripheral_drivers/src/rsi_gspi.o
                0x082084f0                GSPI_Receive
 .text.GSPI_Transfer
                0x08208718      0x280 ./wiseconnect3_sdk_3.1.4/components/device/silabs/si91x/mcu/drivers/peripheral_drivers/src/rsi_gspi.o
                0x08208718                GSPI_Transfer
 .text.GSPI_GetDataCount
                0x08208998       0x12 ./wiseconnect3_sdk_3.1.4/components/device/silabs/si91x/mcu/drivers/peripheral_drivers/src/rsi_gspi.o
                0x08208998                GSPI_GetDataCount
 .text.GSPI_UDMA_Tx_Event
                0x082089aa       0x1c ./wiseconnect3_sdk_3.1.4/components/device/silabs/si91x/mcu/drivers/peripheral_drivers/src/rsi_gspi.o
                0x082089aa                GSPI_UDMA_Tx_Event
 .text.GSPI_UDMA_Rx_Event
                0x082089c6       0x14 ./wiseconnect3_sdk_3.1.4/components/device/silabs/si91x/mcu/drivers/peripheral_drivers/src/rsi_gspi.o
                0x082089c6                GSPI_UDMA_Rx_Event
 *fill*         0x082089da        0x2 
 .text.GSPI_IRQHandler
                0x082089dc      0x148 ./wiseconnect3_sdk_3.1.4/components/device/silabs/si91x/mcu/drivers/peripheral_drivers/src/rsi_gspi.o
                0x082089dc                GSPI_IRQHandler
 .text.udma_init
                0x08208b24       0x34 ./wiseconnect3_sdk_3.1.4/components/device/silabs/si91x/mcu/drivers/peripheral_drivers/src/rsi_udma.o
                0x08208b24                udma_init
 .text.udma_setup_channel_transfer
                0x08208b58      0x168 ./wiseconnect3_sdk_3.1.4/components/device/silabs/si91x/mcu/drivers/peripheral_drivers/src/rsi_udma.o
                0x08208b58                udma_setup_channel_transfer
 .text.udma_interrupt_enable
                0x08208cc0       0x48 ./wiseconnect3_sdk_3.1.4/components/device/silabs/si91x/mcu/drivers/peripheral_drivers/src/rsi_udma.o
                0x08208cc0                udma_interrupt_enable
 .text.RSI_UDMA_AckEnable
                0x08208d08       0x60 ./wiseconnect3_sdk_3.1.4/components/device/silabs/si91x/mcu/drivers/peripheral_drivers/src/rsi_udma.o
                0x08208d08                RSI_UDMA_AckEnable
 .text.udma_setup_channel
                0x08208d68       0x74 ./wiseconnect3_sdk_3.1.4/components/device/silabs/si91x/mcu/drivers/peripheral_drivers/src/rsi_udma.o
                0x08208d68                udma_setup_channel
 .text.uDMAx_Initialize
                0x08208ddc       0xe4 ./wiseconnect3_sdk_3.1.4/components/device/silabs/si91x/mcu/drivers/peripheral_drivers/src/rsi_udma_wrapper.o
                0x08208ddc                uDMAx_Initialize
 .text.uDMAx_Uninitialize
                0x08208ec0       0x84 ./wiseconnect3_sdk_3.1.4/components/device/silabs/si91x/mcu/drivers/peripheral_drivers/src/rsi_udma_wrapper.o
                0x08208ec0                uDMAx_Uninitialize
 .text.uDMAx_ChannelConfigure
                0x08208f44      0x154 ./wiseconnect3_sdk_3.1.4/components/device/silabs/si91x/mcu/drivers/peripheral_drivers/src/rsi_udma_wrapper.o
                0x08208f44                uDMAx_ChannelConfigure
 .text.uDMAx_ChannelEnable
                0x08209098       0x10 ./wiseconnect3_sdk_3.1.4/components/device/silabs/si91x/mcu/drivers/peripheral_drivers/src/rsi_udma_wrapper.o
                0x08209098                uDMAx_ChannelEnable
 .text.uDMAx_DMAEnable
                0x082090a8        0xe ./wiseconnect3_sdk_3.1.4/components/device/silabs/si91x/mcu/drivers/peripheral_drivers/src/rsi_udma_wrapper.o
                0x082090a8                uDMAx_DMAEnable
 .text.uDMAx_ChannelDisable
                0x082090b6       0x10 ./wiseconnect3_sdk_3.1.4/components/device/silabs/si91x/mcu/drivers/peripheral_drivers/src/rsi_udma_wrapper.o
                0x082090b6                uDMAx_ChannelDisable
 *fill*         0x082090c6        0x2 
 .text.UartIrqHandler
                0x082090c8      0x1f0 ./wiseconnect3_sdk_3.1.4/components/device/silabs/si91x/mcu/drivers/peripheral_drivers/src/rsi_usart.o
                0x082090c8                UartIrqHandler
 .text.USART_SetBaudrate
                0x082092b8       0x50 ./wiseconnect3_sdk_3.1.4/components/device/silabs/si91x/mcu/drivers/peripheral_drivers/src/rsi_usart.o
                0x082092b8                USART_SetBaudrate
 .text.USART_Initialize
                0x08209308      0x108 ./wiseconnect3_sdk_3.1.4/components/device/silabs/si91x/mcu/drivers/peripheral_drivers/src/rsi_usart.o
                0x08209308                USART_Initialize
 .text.USART_Uninitialize
                0x08209410       0x88 ./wiseconnect3_sdk_3.1.4/components/device/silabs/si91x/mcu/drivers/peripheral_drivers/src/rsi_usart.o
                0x08209410                USART_Uninitialize
 .text.USART_PowerControl
                0x08209498      0x150 ./wiseconnect3_sdk_3.1.4/components/device/silabs/si91x/mcu/drivers/peripheral_drivers/src/rsi_usart.o
                0x08209498                USART_PowerControl
 .text.USART_Send_Data
                0x082095e8      0x148 ./wiseconnect3_sdk_3.1.4/components/device/silabs/si91x/mcu/drivers/peripheral_drivers/src/rsi_usart.o
                0x082095e8                USART_Send_Data
 .text.USART_Receive_Data
                0x08209730      0x12c ./wiseconnect3_sdk_3.1.4/components/device/silabs/si91x/mcu/drivers/peripheral_drivers/src/rsi_usart.o
                0x08209730                USART_Receive_Data
 .text.USART_Transfer
                0x0820985c       0x72 ./wiseconnect3_sdk_3.1.4/components/device/silabs/si91x/mcu/drivers/peripheral_drivers/src/rsi_usart.o
                0x0820985c                USART_Transfer
 .text.USART_GetTxCount
                0x082098ce        0x6 ./wiseconnect3_sdk_3.1.4/components/device/silabs/si91x/mcu/drivers/peripheral_drivers/src/rsi_usart.o
                0x082098ce                USART_GetTxCount
 .text.USART_GetRxCount
                0x082098d4        0x6 ./wiseconnect3_sdk_3.1.4/components/device/silabs/si91x/mcu/drivers/peripheral_drivers/src/rsi_usart.o
                0x082098d4                USART_GetRxCount
 *fill*         0x082098da        0x2 
 .text.USART_Control
                0x082098dc      0x8d0 ./wiseconnect3_sdk_3.1.4/components/device/silabs/si91x/mcu/drivers/peripheral_drivers/src/rsi_usart.o
                0x082098dc                USART_Control
 .text.USART_GetStatus
                0x0820a1ac       0x42 ./wiseconnect3_sdk_3.1.4/components/device/silabs/si91x/mcu/drivers/peripheral_drivers/src/rsi_usart.o
                0x0820a1ac                USART_GetStatus
 *fill*         0x0820a1ee        0x2 
 .text.USART_SetModemControl
                0x0820a1f0       0x84 ./wiseconnect3_sdk_3.1.4/components/device/silabs/si91x/mcu/drivers/peripheral_drivers/src/rsi_usart.o
                0x0820a1f0                USART_SetModemControl
 .text.USART_GetModemStatus
                0x0820a274       0x5c ./wiseconnect3_sdk_3.1.4/components/device/silabs/si91x/mcu/drivers/peripheral_drivers/src/rsi_usart.o
                0x0820a274                USART_GetModemStatus
 .text.RSI_IPMU_UpdateIpmuCalibData_efuse
                0x0820a2d0      0x2ec ./wiseconnect3_sdk_3.1.4/components/device/silabs/si91x/mcu/drivers/systemlevel/src/rsi_ipmu.o
                0x0820a2d0                RSI_IPMU_UpdateIpmuCalibData_efuse
 .text.RSI_Ipmu_Init
                0x0820a5bc        0x4 ./wiseconnect3_sdk_3.1.4/components/device/silabs/si91x/mcu/drivers/systemlevel/src/rsi_ipmu.o
                0x0820a5bc                RSI_Ipmu_Init
 .text.RSI_Configure_Ipmu_Mode
                0x0820a5c0        0x6 ./wiseconnect3_sdk_3.1.4/components/device/silabs/si91x/mcu/drivers/systemlevel/src/rsi_ipmu.o
                0x0820a5c0                RSI_Configure_Ipmu_Mode
 *fill*         0x0820a5c6        0x2 
 .text.RSI_IPMU_ClockMuxSel
                0x0820a5c8       0x40 ./wiseconnect3_sdk_3.1.4/components/device/silabs/si91x/mcu/drivers/systemlevel/src/rsi_ipmu.o
                0x0820a5c8                RSI_IPMU_ClockMuxSel
 .text.RSI_IPMU_ProgramConfigData
                0x0820a608       0xea ./wiseconnect3_sdk_3.1.4/components/device/silabs/si91x/mcu/drivers/systemlevel/src/rsi_ipmu.o
                0x0820a608                RSI_IPMU_ProgramConfigData
 *fill*         0x0820a6f2        0x2 
 .text.RSI_IPMU_M32rc_OscTrimEfuse
                0x0820a6f4       0x28 ./wiseconnect3_sdk_3.1.4/components/device/silabs/si91x/mcu/drivers/systemlevel/src/rsi_ipmu.o
                0x0820a6f4                RSI_IPMU_M32rc_OscTrimEfuse
 .text.RSI_IPMU_DBLR32M_TrimEfuse
                0x0820a71c       0x18 ./wiseconnect3_sdk_3.1.4/components/device/silabs/si91x/mcu/drivers/systemlevel/src/rsi_ipmu.o
                0x0820a71c                RSI_IPMU_DBLR32M_TrimEfuse
 .text.RSI_IPMU_M20roOsc_TrimEfuse
                0x0820a734       0x28 ./wiseconnect3_sdk_3.1.4/components/device/silabs/si91x/mcu/drivers/systemlevel/src/rsi_ipmu.o
                0x0820a734                RSI_IPMU_M20roOsc_TrimEfuse
 .text.RSI_IPMU_RO32khz_TrimEfuse
                0x0820a75c       0x18 ./wiseconnect3_sdk_3.1.4/components/device/silabs/si91x/mcu/drivers/systemlevel/src/rsi_ipmu.o
                0x0820a75c                RSI_IPMU_RO32khz_TrimEfuse
 .text.RSI_IPMU_RC32khz_TrimEfuse
                0x0820a774       0x18 ./wiseconnect3_sdk_3.1.4/components/device/silabs/si91x/mcu/drivers/systemlevel/src/rsi_ipmu.o
                0x0820a774                RSI_IPMU_RC32khz_TrimEfuse
 .text._usdelay
                0x0820a78c        0x6 ./wiseconnect3_sdk_3.1.4/components/device/silabs/si91x/mcu/drivers/systemlevel/src/rsi_pll.o
 *fill*         0x0820a792        0x2 
 .text.clk_soc_pll_clk_set
                0x0820a794       0x18 ./wiseconnect3_sdk_3.1.4/components/device/silabs/si91x/mcu/drivers/systemlevel/src/rsi_pll.o
                0x0820a794                clk_soc_pll_clk_set
 .text.clk_soc_pll_set_freq_div
                0x0820a7ac      0x118 ./wiseconnect3_sdk_3.1.4/components/device/silabs/si91x/mcu/drivers/systemlevel/src/rsi_pll.o
                0x0820a7ac                clk_soc_pll_set_freq_div
 .text.clk_set_soc_pll_freq
                0x0820a8c4      0x300 ./wiseconnect3_sdk_3.1.4/components/device/silabs/si91x/mcu/drivers/systemlevel/src/rsi_pll.o
                0x0820a8c4                clk_set_soc_pll_freq
 .text.clk_intf_pll_clk_set
                0x0820abc4       0x20 ./wiseconnect3_sdk_3.1.4/components/device/silabs/si91x/mcu/drivers/systemlevel/src/rsi_pll.o
                0x0820abc4                clk_intf_pll_clk_set
 .text.clk_intf_pll_set_freq_div
                0x0820abe4      0x11c ./wiseconnect3_sdk_3.1.4/components/device/silabs/si91x/mcu/drivers/systemlevel/src/rsi_pll.o
                0x0820abe4                clk_intf_pll_set_freq_div
 .text.clk_set_intf_pll_freq
                0x0820ad00      0x30c ./wiseconnect3_sdk_3.1.4/components/device/silabs/si91x/mcu/drivers/systemlevel/src/rsi_pll.o
                0x0820ad00                clk_set_intf_pll_freq
 .text.clk_peripheral_clk_enable3
                0x0820b00c        0xc ./wiseconnect3_sdk_3.1.4/components/device/silabs/si91x/mcu/drivers/systemlevel/src/rsi_pll.o
                0x0820b00c                clk_peripheral_clk_enable3
 .text.clk_gspi_clk_config
                0x0820b018       0x6c ./wiseconnect3_sdk_3.1.4/components/device/silabs/si91x/mcu/drivers/systemlevel/src/rsi_pll.o
                0x0820b018                clk_gspi_clk_config
 .text.clk_peripheral_clk_enable
                0x0820b084      0x124 ./wiseconnect3_sdk_3.1.4/components/device/silabs/si91x/mcu/drivers/systemlevel/src/rsi_pll.o
                0x0820b084                clk_peripheral_clk_enable
 .text.clk_peripheral_clk_disable
                0x0820b1a8       0xe2 ./wiseconnect3_sdk_3.1.4/components/device/silabs/si91x/mcu/drivers/systemlevel/src/rsi_pll.o
                0x0820b1a8                clk_peripheral_clk_disable
 *fill*         0x0820b28a        0x2 
 .text.clk_m4_soc_clk_config
                0x0820b28c       0xc8 ./wiseconnect3_sdk_3.1.4/components/device/silabs/si91x/mcu/drivers/systemlevel/src/rsi_pll.o
                0x0820b28c                clk_m4_soc_clk_config
 .text.clk_usart_clk_config
                0x0820b354      0x19e ./wiseconnect3_sdk_3.1.4/components/device/silabs/si91x/mcu/drivers/systemlevel/src/rsi_pll.o
                0x0820b354                clk_usart_clk_config
 *fill*         0x0820b4f2        0x2 
 .text.ulpss_enable_ref_clks
                0x0820b4f4       0xf8 ./wiseconnect3_sdk_3.1.4/components/device/silabs/si91x/mcu/drivers/systemlevel/src/rsi_pll.o
                0x0820b4f4                ulpss_enable_ref_clks
 .text.clk_m4ss_ref_clk_config
                0x0820b5ec       0xcc ./wiseconnect3_sdk_3.1.4/components/device/silabs/si91x/mcu/drivers/systemlevel/src/rsi_pll.o
                0x0820b5ec                clk_m4ss_ref_clk_config
 .text.ulpss_peripheral_enable
                0x0820b6b8      0x1a6 ./wiseconnect3_sdk_3.1.4/components/device/silabs/si91x/mcu/drivers/systemlevel/src/rsi_ulpss_clk.o
                0x0820b6b8                ulpss_peripheral_enable
 .text.ulpss_peripheral_disable
                0x0820b85e      0x198 ./wiseconnect3_sdk_3.1.4/components/device/silabs/si91x/mcu/drivers/systemlevel/src/rsi_ulpss_clk.o
                0x0820b85e                ulpss_peripheral_disable
 .text.ulpss_ulp_uar_clk_config
                0x0820b9f6       0xca ./wiseconnect3_sdk_3.1.4/components/device/silabs/si91x/mcu/drivers/systemlevel/src/rsi_ulpss_clk.o
                0x0820b9f6                ulpss_ulp_uar_clk_config
 .text.ulpss_ref_clk_config
                0x0820bac0       0xbc ./wiseconnect3_sdk_3.1.4/components/device/silabs/si91x/mcu/drivers/systemlevel/src/rsi_ulpss_clk.o
                0x0820bac0                ulpss_ref_clk_config
 .text.process_dma_irq
                0x0820bb7c       0xec ./wiseconnect3_sdk_3.1.4/components/device/silabs/si91x/mcu/drivers/unified_api/src/sl_si91x_dma.o
 .text.sl_si91x_dma_init
                0x0820bc68       0x50 ./wiseconnect3_sdk_3.1.4/components/device/silabs/si91x/mcu/drivers/unified_api/src/sl_si91x_dma.o
                0x0820bc68                sl_si91x_dma_init
 .text.sl_si91x_dma_deinit
                0x0820bcb8       0x7c ./wiseconnect3_sdk_3.1.4/components/device/silabs/si91x/mcu/drivers/unified_api/src/sl_si91x_dma.o
                0x0820bcb8                sl_si91x_dma_deinit
 .text.sl_si91x_dma_allocate_channel
                0x0820bd34       0xac ./wiseconnect3_sdk_3.1.4/components/device/silabs/si91x/mcu/drivers/unified_api/src/sl_si91x_dma.o
                0x0820bd34                sl_si91x_dma_allocate_channel
 .text.sl_si91x_dma_register_callbacks
                0x0820bde0       0x50 ./wiseconnect3_sdk_3.1.4/components/device/silabs/si91x/mcu/drivers/unified_api/src/sl_si91x_dma.o
                0x0820bde0                sl_si91x_dma_register_callbacks
 .text.sl_si91x_dma_channel_enable
                0x0820be30       0x38 ./wiseconnect3_sdk_3.1.4/components/device/silabs/si91x/mcu/drivers/unified_api/src/sl_si91x_dma.o
                0x0820be30                sl_si91x_dma_channel_enable
 .text.sl_si91x_dma_enable
                0x0820be68       0x30 ./wiseconnect3_sdk_3.1.4/components/device/silabs/si91x/mcu/drivers/unified_api/src/sl_si91x_dma.o
                0x0820be68                sl_si91x_dma_enable
 .text.sl_si91x_dma_transfer
                0x0820be98      0x250 ./wiseconnect3_sdk_3.1.4/components/device/silabs/si91x/mcu/drivers/unified_api/src/sl_si91x_dma.o
                0x0820be98                sl_si91x_dma_transfer
 .text.IRQ033_Handler
                0x0820c0e8       0x54 ./wiseconnect3_sdk_3.1.4/components/device/silabs/si91x/mcu/drivers/unified_api/src/sl_si91x_dma.o
                0x0820c0e8                IRQ033_Handler
 .text.IRQ010_Handler
                0x0820c13c       0x54 ./wiseconnect3_sdk_3.1.4/components/device/silabs/si91x/mcu/drivers/unified_api/src/sl_si91x_dma.o
                0x0820c13c                IRQ010_Handler
 .text.convert_arm_to_sl_error_code
                0x0820c190       0x14 ./wiseconnect3_sdk_3.1.4/components/device/silabs/si91x/mcu/drivers/unified_api/src/sl_si91x_gspi.o
 .text.convert_rsi_to_sl_error_code
                0x0820c1a4       0x28 ./wiseconnect3_sdk_3.1.4/components/device/silabs/si91x/mcu/drivers/unified_api/src/sl_si91x_gspi.o
 .text.set_slave_gpio_state.part.0
                0x0820c1cc       0x18 ./wiseconnect3_sdk_3.1.4/components/device/silabs/si91x/mcu/drivers/unified_api/src/sl_si91x_gspi.o
 .text.callback_event_handler
                0x0820c1e4       0x34 ./wiseconnect3_sdk_3.1.4/components/device/silabs/si91x/mcu/drivers/unified_api/src/sl_si91x_gspi.o
 .text.sl_si91x_gspi_init
                0x0820c218       0x48 ./wiseconnect3_sdk_3.1.4/components/device/silabs/si91x/mcu/drivers/unified_api/src/sl_si91x_gspi.o
                0x0820c218                sl_si91x_gspi_init
 .text.sl_si91x_gspi_set_configuration
                0x0820c260       0xf0 ./wiseconnect3_sdk_3.1.4/components/device/silabs/si91x/mcu/drivers/unified_api/src/sl_si91x_gspi.o
                0x0820c260                sl_si91x_gspi_set_configuration
 .text.sl_si91x_gspi_receive_data
                0x0820c350       0x3c ./wiseconnect3_sdk_3.1.4/components/device/silabs/si91x/mcu/drivers/unified_api/src/sl_si91x_gspi.o
                0x0820c350                sl_si91x_gspi_receive_data
 .text.sl_si91x_gspi_send_data
                0x0820c38c       0x38 ./wiseconnect3_sdk_3.1.4/components/device/silabs/si91x/mcu/drivers/unified_api/src/sl_si91x_gspi.o
                0x0820c38c                sl_si91x_gspi_send_data
 .text.sl_si91x_gspi_transfer_data
                0x0820c3c4       0x3c ./wiseconnect3_sdk_3.1.4/components/device/silabs/si91x/mcu/drivers/unified_api/src/sl_si91x_gspi.o
                0x0820c3c4                sl_si91x_gspi_transfer_data
 .text.sl_si91x_gspi_register_event_callback
                0x0820c400       0x38 ./wiseconnect3_sdk_3.1.4/components/device/silabs/si91x/mcu/drivers/unified_api/src/sl_si91x_gspi.o
                0x0820c400                sl_si91x_gspi_register_event_callback
 .text.sl_si91x_gspi_get_version
                0x0820c438       0x16 ./wiseconnect3_sdk_3.1.4/components/device/silabs/si91x/mcu/drivers/unified_api/src/sl_si91x_gspi.o
                0x0820c438                sl_si91x_gspi_get_version
 .text.sl_si91x_gspi_get_status
                0x0820c44e        0x4 ./wiseconnect3_sdk_3.1.4/components/device/silabs/si91x/mcu/drivers/unified_api/src/sl_si91x_gspi.o
                0x0820c44e                sl_si91x_gspi_get_status
 .text.sl_si91x_gspi_get_clock_division_factor
                0x0820c452        0x8 ./wiseconnect3_sdk_3.1.4/components/device/silabs/si91x/mcu/drivers/unified_api/src/sl_si91x_gspi.o
                0x0820c452                sl_si91x_gspi_get_clock_division_factor
 .text.sl_si91x_gspi_get_frame_length
                0x0820c45a        0x4 ./wiseconnect3_sdk_3.1.4/components/device/silabs/si91x/mcu/drivers/unified_api/src/sl_si91x_gspi.o
                0x0820c45a                sl_si91x_gspi_get_frame_length
 *fill*         0x0820c45e        0x2 
 .text.sl_mv_m4_app_from_flash_to_ram
                0x0820c460       0x50 ./wiseconnect3_sdk_3.1.4/components/device/silabs/si91x/wireless/ahb_interface/src/rsi_hal_mcu_m4_ram.o
                0x0820c460                sl_mv_m4_app_from_flash_to_ram
 .text.sli_si91x_raise_pkt_pending_interrupt_to_ta
                0x0820c4b0       0x20 ./wiseconnect3_sdk_3.1.4/components/device/silabs/si91x/wireless/ahb_interface/src/rsi_hal_mcu_m4_rom.o
                0x0820c4b0                sli_si91x_raise_pkt_pending_interrupt_to_ta
 .text.raise_m4_to_ta_interrupt
                0x0820c4d0        0xc ./wiseconnect3_sdk_3.1.4/components/device/silabs/si91x/wireless/ahb_interface/src/rsi_hal_mcu_m4_rom.o
                0x0820c4d0                raise_m4_to_ta_interrupt
 .text.mask_ta_interrupt
                0x0820c4dc        0xc ./wiseconnect3_sdk_3.1.4/components/device/silabs/si91x/wireless/ahb_interface/src/rsi_hal_mcu_m4_rom.o
                0x0820c4dc                mask_ta_interrupt
 .text.sli_receive_from_ta_done_isr
                0x0820c4e8       0x48 ./wiseconnect3_sdk_3.1.4/components/device/silabs/si91x/wireless/ahb_interface/src/rsi_hal_mcu_m4_rom.o
                0x0820c4e8                sli_receive_from_ta_done_isr
 .text.sli_m4_interrupt_isr
                0x0820c530       0xb8 ./wiseconnect3_sdk_3.1.4/components/device/silabs/si91x/wireless/ahb_interface/src/rsi_hal_mcu_m4_rom.o
                0x0820c530                sli_m4_interrupt_isr
 .text.sl_si91x_bus_read_interrupt_status
                0x0820c5e8       0x10 ./wiseconnect3_sdk_3.1.4/components/device/silabs/si91x/wireless/ahb_interface/src/rsi_hal_mcu_m4_rom.o
                0x0820c5e8                sl_si91x_bus_read_interrupt_status
 .text.si91x_req_wakeup
                0x0820c5f8       0x20 ./wiseconnect3_sdk_3.1.4/components/device/silabs/si91x/wireless/ahb_interface/src/rsi_hal_mcu_m4_rom.o
                0x0820c5f8                si91x_req_wakeup
 .text.sl_si91x_host_clear_sleep_indicator
                0x0820c618       0x14 ./wiseconnect3_sdk_3.1.4/components/device/silabs/si91x/wireless/ahb_interface/src/rsi_hal_mcu_m4_rom.o
                0x0820c618                sl_si91x_host_clear_sleep_indicator
 .text.IRQ074_Handler
                0x0820c62c        0x4 ./wiseconnect3_sdk_3.1.4/components/device/silabs/si91x/wireless/ahb_interface/src/rsi_hal_mcu_m4_rom.o
                0x0820c62c                IRQ074_Handler
 .text.sl_si91x_ta_events_init
                0x0820c630       0x14 ./wiseconnect3_sdk_3.1.4/components/device/silabs/si91x/wireless/ahb_interface/src/rsi_hal_mcu_m4_rom.o
                0x0820c630                sl_si91x_ta_events_init
 .text.sli_si91x_platform_init
                0x0820c644       0x5c ./wiseconnect3_sdk_3.1.4/components/device/silabs/si91x/wireless/ahb_interface/src/sl_platform.o
                0x0820c644                sli_si91x_platform_init
 .text.si91x_bootup_firmware
                0x0820c6a0       0xb4 ./wiseconnect3_sdk_3.1.4/components/device/silabs/si91x/wireless/ahb_interface/src/sl_platform.o
                0x0820c6a0                si91x_bootup_firmware
 .text.sli_si91x_configure_wireless_frontend_controls
                0x0820c754       0x38 ./wiseconnect3_sdk_3.1.4/components/device/silabs/si91x/wireless/ahb_interface/src/sl_platform_wireless.o
                0x0820c754                sli_si91x_configure_wireless_frontend_controls
 .text.sli_si91x_submit_rx_pkt
                0x0820c78c       0x84 ./wiseconnect3_sdk_3.1.4/components/device/silabs/si91x/wireless/ahb_interface/src/sl_si91x_bus.o
                0x0820c78c                sli_si91x_submit_rx_pkt
 .text.sl_si91x_bus_read_frame
                0x0820c810       0x30 ./wiseconnect3_sdk_3.1.4/components/device/silabs/si91x/wireless/ahb_interface/src/sl_si91x_bus.o
                0x0820c810                sl_si91x_bus_read_frame
 .text.sl_si91x_bus_write_frame
                0x0820c840       0x24 ./wiseconnect3_sdk_3.1.4/components/device/silabs/si91x/wireless/ahb_interface/src/sl_si91x_bus.o
                0x0820c840                sl_si91x_bus_write_frame
 .text.sli_submit_rx_buffer
                0x0820c864       0x16 ./wiseconnect3_sdk_3.1.4/components/device/silabs/si91x/wireless/ahb_interface/src/sl_si91x_bus.o
                0x0820c864                sli_submit_rx_buffer
 *fill*         0x0820c87a        0x2 
 .text.rsi_update_tx_dma_desc
                0x0820c87c       0x28 ./wiseconnect3_sdk_3.1.4/components/device/silabs/si91x/wireless/ahb_interface/src/sl_si91x_bus.o
                0x0820c87c                rsi_update_tx_dma_desc
 .text.rsi_update_rx_dma_desc
                0x0820c8a4       0x10 ./wiseconnect3_sdk_3.1.4/components/device/silabs/si91x/wireless/ahb_interface/src/sl_si91x_bus.o
                0x0820c8a4                rsi_update_rx_dma_desc
 .text.sli_si91x_config_m4_dma_desc_on_reset
                0x0820c8b4       0x48 ./wiseconnect3_sdk_3.1.4/components/device/silabs/si91x/wireless/ahb_interface/src/sl_si91x_bus.o
                0x0820c8b4                sli_si91x_config_m4_dma_desc_on_reset
 .text.rsi_waitfor_boardready
                0x0820c8fc       0x44 ./wiseconnect3_sdk_3.1.4/components/device/silabs/si91x/wireless/ahb_interface/src/sli_siwx917_soc.o
                0x0820c8fc                rsi_waitfor_boardready
 .text.rsi_select_option
                0x0820c940       0x80 ./wiseconnect3_sdk_3.1.4/components/device/silabs/si91x/wireless/ahb_interface/src/sli_siwx917_soc.o
                0x0820c940                rsi_select_option
 .text.unmask_ta_interrupt
                0x0820c9c0        0xc ./wiseconnect3_sdk_3.1.4/components/device/silabs/si91x/wireless/ahb_interface/src/sli_siwx917_soc.o
                0x0820c9c0                unmask_ta_interrupt
 .text.sli_m4_ta_interrupt_init
                0x0820c9cc       0x2c ./wiseconnect3_sdk_3.1.4/components/device/silabs/si91x/wireless/ahb_interface/src/sli_siwx917_soc.o
                0x0820c9cc                sli_m4_ta_interrupt_init
 .text.rsi_ble_start_advertising
                0x0820c9f8       0x5c ./wiseconnect3_sdk_3.1.4/components/device/silabs/si91x/wireless/ble/src/rsi_ble_gap_apis.o
                0x0820c9f8                rsi_ble_start_advertising
 .text.rsi_ble_set_advertise_data
                0x0820ca54       0x38 ./wiseconnect3_sdk_3.1.4/components/device/silabs/si91x/wireless/ble/src/rsi_ble_gap_apis.o
                0x0820ca54                rsi_ble_set_advertise_data
 .text.rsi_ble_conn_params_update
                0x0820ca8c       0x30 ./wiseconnect3_sdk_3.1.4/components/device/silabs/si91x/wireless/ble/src/rsi_ble_gap_apis.o
                0x0820ca8c                rsi_ble_conn_params_update
 .text.rsi_ble_set_data_len
                0x0820cabc       0x26 ./wiseconnect3_sdk_3.1.4/components/device/silabs/si91x/wireless/ble/src/rsi_ble_gap_apis.o
                0x0820cabc                rsi_ble_set_data_len
 .text.rsi_ble_add_service
                0x0820cae2       0x30 ./wiseconnect3_sdk_3.1.4/components/device/silabs/si91x/wireless/ble/src/rsi_ble_gatt_apis.o
                0x0820cae2                rsi_ble_add_service
 .text.rsi_ble_add_attribute
                0x0820cb12        0xa ./wiseconnect3_sdk_3.1.4/components/device/silabs/si91x/wireless/ble/src/rsi_ble_gatt_apis.o
                0x0820cb12                rsi_ble_add_attribute
 .text.rsi_ble_set_local_att_value
                0x0820cb1c       0x3a ./wiseconnect3_sdk_3.1.4/components/device/silabs/si91x/wireless/ble/src/rsi_ble_gatt_apis.o
                0x0820cb1c                rsi_ble_set_local_att_value
 .text.rsi_ble_mtu_exchange_event
                0x0820cb56       0x24 ./wiseconnect3_sdk_3.1.4/components/device/silabs/si91x/wireless/ble/src/rsi_ble_gatt_apis.o
                0x0820cb56                rsi_ble_mtu_exchange_event
 *fill*         0x0820cb7a        0x2 
 .text.rsi_bt_clear_wait_bitmap.part.0
                0x0820cb7c       0x3c ./wiseconnect3_sdk_3.1.4/components/device/silabs/si91x/wireless/ble/src/rsi_bt_ble.o
 .text.rsi_bt_set_wait_bitmap.part.0
                0x0820cbb8       0x3c ./wiseconnect3_sdk_3.1.4/components/device/silabs/si91x/wireless/ble/src/rsi_bt_ble.o
 .text.rsi_bt_clear_wait_bitmap
                0x0820cbf4       0x40 ./wiseconnect3_sdk_3.1.4/components/device/silabs/si91x/wireless/ble/src/rsi_bt_ble.o
                0x0820cbf4                rsi_bt_clear_wait_bitmap
 .text.rsi_bt_set_wait_bitmap
                0x0820cc34       0x40 ./wiseconnect3_sdk_3.1.4/components/device/silabs/si91x/wireless/ble/src/rsi_bt_ble.o
                0x0820cc34                rsi_bt_set_wait_bitmap
 .text.rsi_bt_get_proto_type
                0x0820cc74      0x10c ./wiseconnect3_sdk_3.1.4/components/device/silabs/si91x/wireless/ble/src/rsi_bt_ble.o
                0x0820cc74                rsi_bt_get_proto_type
 .text.rsi_bt_get_timeout
                0x0820cd80       0x88 ./wiseconnect3_sdk_3.1.4/components/device/silabs/si91x/wireless/ble/src/rsi_bt_ble.o
                0x0820cd80                rsi_bt_get_timeout
 .text.rsi_bt_common_tx_done
                0x0820ce08       0x36 ./wiseconnect3_sdk_3.1.4/components/device/silabs/si91x/wireless/ble/src/rsi_bt_ble.o
                0x0820ce08                rsi_bt_common_tx_done
 *fill*         0x0820ce3e        0x2 
 .text.rsi_ble_update_le_dev_buf
                0x0820ce40       0x5c ./wiseconnect3_sdk_3.1.4/components/device/silabs/si91x/wireless/ble/src/rsi_bt_ble.o
                0x0820ce40                rsi_ble_update_le_dev_buf
 .text.rsi_add_remote_ble_dev_info
                0x0820ce9c       0x50 ./wiseconnect3_sdk_3.1.4/components/device/silabs/si91x/wireless/ble/src/rsi_bt_ble.o
                0x0820ce9c                rsi_add_remote_ble_dev_info
 .text.rsi_remove_remote_ble_dev_info
                0x0820ceec       0x58 ./wiseconnect3_sdk_3.1.4/components/device/silabs/si91x/wireless/ble/src/rsi_bt_ble.o
                0x0820ceec                rsi_remove_remote_ble_dev_info
 .text.rsi_ble_callbacks_handler
                0x0820cf44      0x3e0 ./wiseconnect3_sdk_3.1.4/components/device/silabs/si91x/wireless/ble/src/rsi_bt_ble.o
                0x0820cf44                rsi_ble_callbacks_handler
 .text.rsi_driver_process_bt_resp
                0x0820d324       0xe0 ./wiseconnect3_sdk_3.1.4/components/device/silabs/si91x/wireless/ble/src/rsi_bt_ble.o
                0x0820d324                rsi_driver_process_bt_resp
 .text.rsi_driver_process_bt_resp_handler
                0x0820d404       0x58 ./wiseconnect3_sdk_3.1.4/components/device/silabs/si91x/wireless/ble/src/rsi_bt_ble.o
                0x0820d404                rsi_driver_process_bt_resp_handler
 .text.rsi_bt_cb_init
                0x0820d45c       0x5e ./wiseconnect3_sdk_3.1.4/components/device/silabs/si91x/wireless/ble/src/rsi_bt_ble.o
                0x0820d45c                rsi_bt_cb_init
 .text.rsi_bt_global_cb_init
                0x0820d4ba        0xc ./wiseconnect3_sdk_3.1.4/components/device/silabs/si91x/wireless/ble/src/rsi_bt_ble.o
                0x0820d4ba                rsi_bt_global_cb_init
 *fill*         0x0820d4c6        0x2 
 .text.rsi_bt_common_init
                0x0820d4c8       0x30 ./wiseconnect3_sdk_3.1.4/components/device/silabs/si91x/wireless/ble/src/rsi_bt_ble.o
                0x0820d4c8                rsi_bt_common_init
 .text.rsi_ble_gap_register_callbacks
                0x0820d4f8       0x3c ./wiseconnect3_sdk_3.1.4/components/device/silabs/si91x/wireless/ble/src/rsi_bt_ble.o
                0x0820d4f8                rsi_ble_gap_register_callbacks
 .text.rsi_ble_gap_extended_register_callbacks
                0x0820d534       0x14 ./wiseconnect3_sdk_3.1.4/components/device/silabs/si91x/wireless/ble/src/rsi_bt_ble.o
                0x0820d534                rsi_ble_gap_extended_register_callbacks
 .text.rsi_ble_gatt_register_callbacks
                0x0820d548       0x74 ./wiseconnect3_sdk_3.1.4/components/device/silabs/si91x/wireless/ble/src/rsi_bt_ble.o
                0x0820d548                rsi_ble_gatt_register_callbacks
 .text.rsi_bt_prepare_common_pkt
                0x0820d5bc      0x148 ./wiseconnect3_sdk_3.1.4/components/device/silabs/si91x/wireless/ble/src/rsi_bt_ble.o
                0x0820d5bc                rsi_bt_prepare_common_pkt
 .text.rsi_bt_prepare_le_pkt
                0x0820d704      0x760 ./wiseconnect3_sdk_3.1.4/components/device/silabs/si91x/wireless/ble/src/rsi_bt_ble.o
                0x0820d704                rsi_bt_prepare_le_pkt
 .text.rsi_bt_driver_send_cmd
                0x0820de64      0x1f0 ./wiseconnect3_sdk_3.1.4/components/device/silabs/si91x/wireless/ble/src/rsi_bt_ble.o
                0x0820de64                rsi_bt_driver_send_cmd
 .text.rsi_bt_set_local_name
                0x0820e054       0x48 ./wiseconnect3_sdk_3.1.4/components/device/silabs/si91x/wireless/ble/src/rsi_bt_common_apis.o
                0x0820e054                rsi_bt_set_local_name
 .text.rsi_ble_driver_init
                0x0820e09c       0xb4 ./wiseconnect3_sdk_3.1.4/components/device/silabs/si91x/wireless/ble/src/rsi_common_apis.o
                0x0820e09c                rsi_ble_driver_init
 .text.rsi_uint16_to_2bytes
                0x0820e150       0x1c ./wiseconnect3_sdk_3.1.4/components/device/silabs/si91x/wireless/ble/src/rsi_utils.o