Archive member included to satisfy reference by file (symbol)

c:/siliconlabs/simplicitystudio/v5/developer/toolchains/gnu_arm/12.2.rel1_2023.7/bin/../lib/gcc/arm-none-eabi/12.2.1/thumb/v7e-m+fp/softfp\libgcc.a(_arm_addsubdf3.o)
                              ./wiseconnect3_sdk_3.1.4/components/device/silabs/si91x/mcu/drivers/peripheral_drivers/src/clock_update.o (__aeabi_dadd)
c:/siliconlabs/simplicitystudio/v5/developer/toolchains/gnu_arm/12.2.rel1_2023.7/bin/../lib/gcc/arm-none-eabi/12.2.1/thumb/v7e-m+fp/softfp\libgcc.a(_arm_muldivdf3.o)
                              ./wiseconnect3_sdk_3.1.4/components/device/silabs/si91x/mcu/drivers/peripheral_drivers/src/clock_update.o (__aeabi_ddiv)
c:/siliconlabs/simplicitystudio/v5/developer/toolchains/gnu_arm/12.2.rel1_2023.7/bin/../lib/gcc/arm-none-eabi/12.2.1/thumb/v7e-m+fp/softfp\libgcc.a(_arm_fixunsdfsi.o)
                              ./wiseconnect3_sdk_3.1.4/components/device/silabs/si91x/mcu/drivers/peripheral_drivers/src/clock_update.o (__aeabi_d2uiz)
c:/siliconlabs/simplicitystudio/v5/developer/toolchains/gnu_arm/12.2.rel1_2023.7/bin/../lib/gcc/arm-none-eabi/12.2.1/thumb/v7e-m+fp/softfp\libc_nano.a(libc_a-exit.o)
                              c:/siliconlabs/simplicitystudio/v5/developer/toolchains/gnu_arm/12.2.rel1_2023.7/bin/../lib/gcc/arm-none-eabi/12.2.1/thumb/v7e-m+fp/softfp/crt0.o (exit)
c:/siliconlabs/simplicitystudio/v5/developer/toolchains/gnu_arm/12.2.rel1_2023.7/bin/../lib/gcc/arm-none-eabi/12.2.1/thumb/v7e-m+fp/softfp\libc_nano.a(libc_a-malloc.o)
                              ./ble_app.o (malloc)
c:/siliconlabs/simplicitystudio/v5/developer/toolchains/gnu_arm/12.2.rel1_2023.7/bin/../lib/gcc/arm-none-eabi/12.2.1/thumb/v7e-m+fp/softfp\libc_nano.a(libc_a-mallocr.o)
                              c:/siliconlabs/simplicitystudio/v5/developer/toolchains/gnu_arm/12.2.rel1_2023.7/bin/../lib/gcc/arm-none-eabi/12.2.1/thumb/v7e-m+fp/softfp\libc_nano.a(libc_a-malloc.o) (_malloc_r)
c:/siliconlabs/simplicitystudio/v5/developer/toolchains/gnu_arm/12.2.rel1_2023.7/bin/../lib/gcc/arm-none-eabi/12.2.1/thumb/v7e-m+fp/softfp\libc_nano.a(libc_a-mlock.o)
                              c:/siliconlabs/simplicitystudio/v5/developer/toolchains/gnu_arm/12.2.rel1_2023.7/bin/../lib/gcc/arm-none-eabi/12.2.1/thumb/v7e-m+fp/softfp\libc_nano.a(libc_a-mallocr.o) (__malloc_lock)
c:/siliconlabs/simplicitystudio/v5/developer/toolchains/gnu_arm/12.2.rel1_2023.7/bin/../lib/gcc/arm-none-eabi/12.2.1/thumb/v7e-m+fp/softfp\libc_nano.a(libc_a-strtoul.o)
                              ./wiseconnect3_sdk_3.1.4/components/common/src/sl_utility.o (strtoul)
c:/siliconlabs/simplicitystudio/v5/developer/toolchains/gnu_arm/12.2.rel1_2023.7/bin/../lib/gcc/arm-none-eabi/12.2.1/thumb/v7e-m+fp/softfp\libc_nano.a(libc_a-ctype_.o)
                              ./gecko_sdk_4.4.1/platform/common/src/sl_string.o (_ctype_)
c:/siliconlabs/simplicitystudio/v5/developer/toolchains/gnu_arm/12.2.rel1_2023.7/bin/../lib/gcc/arm-none-eabi/12.2.1/thumb/v7e-m+fp/softfp\libc_nano.a(libc_a-nano-vfprintf_float.o)
                              (_printf_float)
c:/siliconlabs/simplicitystudio/v5/developer/toolchains/gnu_arm/12.2.rel1_2023.7/bin/../lib/gcc/arm-none-eabi/12.2.1/thumb/v7e-m+fp/softfp\libc_nano.a(libc_a-nano-vfprintf_i.o)
                              c:/siliconlabs/simplicitystudio/v5/developer/toolchains/gnu_arm/12.2.rel1_2023.7/bin/../lib/gcc/arm-none-eabi/12.2.1/thumb/v7e-m+fp/softfp\libc_nano.a(libc_a-nano-vfprintf_float.o) (_printf_common)
c:/siliconlabs/simplicitystudio/v5/developer/toolchains/gnu_arm/12.2.rel1_2023.7/bin/../lib/gcc/arm-none-eabi/12.2.1/thumb/v7e-m+fp/softfp\libc_nano.a(libc_a-findfp.o)
                              c:/siliconlabs/simplicitystudio/v5/developer/toolchains/gnu_arm/12.2.rel1_2023.7/bin/../lib/gcc/arm-none-eabi/12.2.1/thumb/v7e-m+fp/softfp\libc_nano.a(libc_a-exit.o) (__stdio_exit_handler)
c:/siliconlabs/simplicitystudio/v5/developer/toolchains/gnu_arm/12.2.rel1_2023.7/bin/../lib/gcc/arm-none-eabi/12.2.1/thumb/v7e-m+fp/softfp\libc_nano.a(libc_a-fwalk.o)
                              c:/siliconlabs/simplicitystudio/v5/developer/toolchains/gnu_arm/12.2.rel1_2023.7/bin/../lib/gcc/arm-none-eabi/12.2.1/thumb/v7e-m+fp/softfp\libc_nano.a(libc_a-findfp.o) (_fwalk_sglue)
c:/siliconlabs/simplicitystudio/v5/developer/toolchains/gnu_arm/12.2.rel1_2023.7/bin/../lib/gcc/arm-none-eabi/12.2.1/thumb/v7e-m+fp/softfp\libc_nano.a(libc_a-printf.o)
                              ./ampak_wl72917/os_log_task.o (printf)
c:/siliconlabs/simplicitystudio/v5/developer/toolchains/gnu_arm/12.2.rel1_2023.7/bin/../lib/gcc/arm-none-eabi/12.2.1/thumb/v7e-m+fp/softfp\libc_nano.a(libc_a-puts.o)
                              ./ampak_wl72917/os_log_task.o (puts)
c:/siliconlabs/simplicitystudio/v5/developer/toolchains/gnu_arm/12.2.rel1_2023.7/bin/../lib/gcc/arm-none-eabi/12.2.1/thumb/v7e-m+fp/softfp\libc_nano.a(libc_a-sprintf.o)
[...]
Memory Configuration

Name             Origin             Length             Attributes
rom              0x08202000         0x001fe000         xr
ram              0x0000000c         0x0002fc00         xrw
udma0            0x0002fc00         0x00000400         xrw
udma1            0x24061c00         0x00000400         xrw
*default*        0x00000000         0xffffffff

Linker script and memory map

LOAD c:/siliconlabs/simplicitystudio/v5/developer/toolchains/gnu_arm/12.2.rel1_2023.7/bin/../lib/gcc/arm-none-eabi/12.2.1/thumb/v7e-m+fp/softfp/crti.o
LOAD c:/siliconlabs/simplicitystudio/v5/developer/toolchains/gnu_arm/12.2.rel1_2023.7/bin/../lib/gcc/arm-none-eabi/12.2.1/thumb/v7e-m+fp/softfp/crtbegin.o
LOAD c:/siliconlabs/simplicitystudio/v5/developer/toolchains/gnu_arm/12.2.rel1_2023.7/bin/../lib/gcc/arm-none-eabi/12.2.1/thumb/v7e-m+fp/softfp/crt0.o
START GROUP
LOAD ./ampak_wl72917/os_log_task.o
LOAD ./ampak_wl72917/power_save_manager.o
LOAD ./app.o
LOAD ./ble_app.o
LOAD ./main.o
LOAD ./wifi_app.o
LOAD ./autogen/sl_event_handler.o
LOAD ./gecko_sdk_4.4.1/platform/CMSIS/RTOS2/Source/os_systick.o
LOAD ./gecko_sdk_4.4.1/platform/common/src/sl_assert.o
LOAD ./gecko_sdk_4.4.1/platform/common/src/sl_slist.o
LOAD ./gecko_sdk_4.4.1/platform/common/src/sl_string.o
LOAD ./gecko_sdk_4.4.1/platform/common/src/sli_cmsis_os2_ext_task_register.o
LOAD ./gecko_sdk_4.4.1/platform/service/system/src/sl_system_init.o
LOAD ./gecko_sdk_4.4.1/platform/service/system/src/sl_system_kernel.o
LOAD ./gecko_sdk_4.4.1/util/third_party/freertos/cmsis/Source/cmsis_os2.o
LOAD ./gecko_sdk_4.4.1/util/third_party/freertos/kernel/croutine.o
LOAD ./gecko_sdk_4.4.1/util/third_party/freertos/kernel/event_groups.o
LOAD ./gecko_sdk_4.4.1/util/third_party/freertos/kernel/list.o
LOAD ./gecko_sdk_4.4.1/util/third_party/freertos/kernel/queue.o
LOAD ./gecko_sdk_4.4.1/util/third_party/freertos/kernel/stream_buffer.o
LOAD ./gecko_sdk_4.4.1/util/third_party/freertos/kernel/tasks.o
LOAD ./gecko_sdk_4.4.1/util/third_party/freertos/kernel/timers.o
LOAD ./gecko_sdk_4.4.1/util/third_party/freertos/kernel/portable/GCC/ARM_CM4F/port.o
LOAD ./gecko_sdk_4.4.1/util/third_party/freertos/kernel/portable/MemMang/heap_4.o
LOAD ./wiseconnect3_sdk_3.1.4/components/board/silabs/src/rsi_board.o
LOAD ./wiseconnect3_sdk_3.1.4/components/common/src/sl_utility.o
LOAD ./wiseconnect3_sdk_3.1.4/components/device/silabs/si91x/mcu/core/chip/src/iPMU_prog/iPMU_dotc/ipmu_apis.o
LOAD ./wiseconnect3_sdk_3.1.4/components/device/silabs/si91x/mcu/core/chip/src/iPMU_prog/iPMU_dotc/rsi_system_config_917.o
LOAD ./wiseconnect3_sdk_3.1.4/components/device/silabs/si91x/mcu/core/chip/src/rsi_deepsleep_soc.o
LOAD ./wiseconnect3_sdk_3.1.4/components/device/silabs/si91x/mcu/core/chip/src/rsi_ps_ram_func.o
LOAD ./wiseconnect3_sdk_3.1.4/components/device/silabs/si91x/mcu/core/chip/src/startup_si91x.o
LOAD ./wiseconnect3_sdk_3.1.4/components/device/silabs/si91x/mcu/core/chip/src/system_si91x.o
LOAD ./wiseconnect3_sdk_3.1.4/components/device/silabs/si91x/mcu/core/common/src/rsi_debug.o
LOAD ./wiseconnect3_sdk_3.1.4/components/device/silabs/si91x/mcu/core/common/src/sl_si91x_stack_object_declare.o
LOAD ./wiseconnect3_sdk_3.1.4/components/device/silabs/si91x/mcu/core/common/src/syscalls.o
LOAD ./wiseconnect3_sdk_3.1.4/components/device/silabs/si91x/mcu/core/config/src/rsi_nvic_priorities_config.o
LOAD ./wiseconnect3_sdk_3.1.4/components/device/silabs/si91x/mcu/drivers/cmsis_driver/UDMA.o
LOAD ./wiseconnect3_sdk_3.1.4/components/device/silabs/si91x/mcu/drivers/cmsis_driver/USART.o
LOAD ./wiseconnect3_sdk_3.1.4/components/device/silabs/si91x/mcu/drivers/peripheral_drivers/src/clock_update.o
LOAD ./wiseconnect3_sdk_3.1.4/components/device/silabs/si91x/mcu/drivers/peripheral_drivers/src/rsi_crc.o
LOAD ./wiseconnect3_sdk_3.1.4/components/device/silabs/si91x/mcu/drivers/peripheral_drivers/src/rsi_egpio.o
LOAD ./wiseconnect3_sdk_3.1.4/components/device/silabs/si91x/mcu/drivers/peripheral_drivers/src/rsi_timers.o
LOAD ./wiseconnect3_sdk_3.1.4/components/device/silabs/si91x/mcu/drivers/peripheral_drivers/src/rsi_udma.o
LOAD ./wiseconnect3_sdk_3.1.4/components/device/silabs/si91x/mcu/drivers/peripheral_drivers/src/rsi_udma_wrapper.o
LOAD ./wiseconnect3_sdk_3.1.4/components/device/silabs/si91x/mcu/drivers/peripheral_drivers/src/rsi_usart.o
LOAD ./wiseconnect3_sdk_3.1.4/components/device/silabs/si91x/mcu/drivers/peripheral_drivers/src/sl_si91x_m4_ps.o
LOAD ./wiseconnect3_sdk_3.1.4/components/device/silabs/si91x/mcu/drivers/systemlevel/src/rsi_ipmu.o
LOAD ./wiseconnect3_sdk_3.1.4/components/device/silabs/si91x/mcu/drivers/systemlevel/src/rsi_pll.o
LOAD ./wiseconnect3_sdk_3.1.4/components/device/silabs/si91x/mcu/drivers/systemlevel/src/rsi_power_save.o
LOAD ./wiseconnect3_sdk_3.1.4/components/device/silabs/si91x/mcu/drivers/systemlevel/src/rsi_rtc.o
LOAD ./wiseconnect3_sdk_3.1.4/components/device/silabs/si91x/mcu/drivers/systemlevel/src/rsi_temp_sensor.o
LOAD ./wiseconnect3_sdk_3.1.4/components/device/silabs/si91x/mcu/drivers/systemlevel/src/rsi_time_period.o
LOAD ./wiseconnect3_sdk_3.1.4/components/device/silabs/si91x/mcu/drivers/systemlevel/src/rsi_ulpss_clk.o
LOAD ./wiseconnect3_sdk_3.1.4/components/device/silabs/si91x/mcu/drivers/systemlevel/src/rsi_wwdt.o
LOAD ./wiseconnect3_sdk_3.1.4/components/device/silabs/si91x/wireless/ahb_interface/src/rsi_hal_mcu_m4_ram.o
LOAD ./wiseconnect3_sdk_3.1.4/components/device/silabs/si91x/wireless/ahb_interface/src/rsi_hal_mcu_m4_rom.o
LOAD ./wiseconnect3_sdk_3.1.4/components/device/silabs/si91x/wireless/ahb_interface/src/sl_platform.o
LOAD ./wiseconnect3_sdk_3.1.4/components/device/silabs/si91x/wireless/ahb_interface/src/sl_platform_wireless.o
LOAD ./wiseconnect3_sdk_3.1.4/components/device/silabs/si91x/wireless/ahb_interface/src/sl_si91x_bus.o
LOAD ./wiseconnect3_sdk_3.1.4/components/device/silabs/si91x/wireless/ahb_interface/src/sl_si91x_timer.o
LOAD ./wiseconnect3_sdk_3.1.4/components/device/silabs/si91x/wireless/ahb_interface/src/sli_siwx917_soc.o
LOAD ./wiseconnect3_sdk_3.1.4/components/device/silabs/si91x/wireless/ble/src/rsi_ble_gap_apis.o
LOAD ./wiseconnect3_sdk_3.1.4/components/device/silabs/si91x/wireless/ble/src/rsi_ble_gatt_apis.o
LOAD ./wiseconnect3_sdk_3.1.4/components/device/silabs/si91x/wireless/ble/src/rsi_bt_ble.o
LOAD ./wiseconnect3_sdk_3.1.4/components/device/silabs/si91x/wireless/ble/src/rsi_bt_common_apis.o
LOAD ./wiseconnect3_sdk_3.1.4/components/device/silabs/si91x/wireless/ble/src/rsi_common_apis.o
LOAD ./wiseconnect3_sdk_3.1.4/components/device/silabs/si91x/wireless/ble/src/rsi_utils.o
LOAD ./wiseconnect3_sdk_3.1.4/components/device/silabs/si91x/wireless/ble/src/sl_si91x_ble.o
LOAD ./wiseconnect3_sdk_3.1.4/components/device/silabs/si91x/wireless/errno/src/sl_si91x_errno.o
LOAD ./wiseconnect3_sdk_3.1.4/components/device/silabs/si91x/wireless/firmware_upgrade/firmware_upgradation.o
LOAD ./wiseconnect3_sdk_3.1.4/components/device/silabs/si91x/wireless/host_mcu/si91x/siwx917_soc_ncp_host.o
LOAD ./wiseconnect3_sdk_3.1.4/components/device/silabs/si91x/wireless/icmp/sl_net_ping.o
LOAD ./wiseconnect3_sdk_3.1.4/components/device/silabs/si91x/wireless/memory/malloc_buffers.o
LOAD ./wiseconnect3_sdk_3.1.4/components/device/silabs/si91x/wireless/sl_net/src/sl_net_rsi_utility.o
LOAD ./wiseconnect3_sdk_3.1.4/components/device/silabs/si91x/wireless/sl_net/src/sl_net_si91x_integration_handler.o
LOAD ./wiseconnect3_sdk_3.1.4/components/device/silabs/si91x/wireless/sl_net/src/sl_si91x_net_credentials.o
LOAD ./wiseconnect3_sdk_3.1.4/components/device/silabs/si91x/wireless/sl_net/src/sl_si91x_net_internal_stack.o
LOAD ./wiseconnect3_sdk_3.1.4/components/device/silabs/si91x/wireless/src/sl_rsi_utility.o
LOAD ./wiseconnect3_sdk_3.1.4/components/device/silabs/si91x/wireless/src/sl_si91x_callback_framework.o
LOAD ./wiseconnect3_sdk_3.1.4/components/device/silabs/si91x/wireless/src/sl_si91x_driver.o
LOAD ./wiseconnect3_sdk_3.1.4/components/device/silabs/si91x/wireless/threading/sli_si91x_multithreaded.o
LOAD ./wiseconnect3_sdk_3.1.4/components/protocol/wifi/si91x/sl_wifi.o
LOAD ./wiseconnect3_sdk_3.1.4/components/protocol/wifi/src/sl_wifi_callback_framework.o
LOAD ./wiseconnect3_sdk_3.1.4/components/service/network_manager/si91x/sl_net_si91x.o
LOAD ./wiseconnect3_sdk_3.1.4/components/service/network_manager/src/sl_net.o
LOAD ./wiseconnect3_sdk_3.1.4/components/service/network_manager/src/sl_net_basic_certificate_store.o
LOAD ./wiseconnect3_sdk_3.1.4/components/service/network_manager/src/sl_net_basic_credentials.o
LOAD ./wiseconnect3_sdk_3.1.4/components/service/network_manager/src/sl_net_basic_profiles.o
LOAD c:/siliconlabs/simplicitystudio/v5/developer/toolchains/gnu_arm/12.2.rel1_2023.7/bin/../lib/gcc/arm-none-eabi/12.2.1/thumb/v7e-m+fp/softfp\libgcc.a
LOAD c:/siliconlabs/simplicitystudio/v5/developer/toolchains/gnu_arm/12.2.rel1_2023.7/bin/../lib/gcc/arm-none-eabi/12.2.1/thumb/v7e-m+fp/softfp\libnosys.a
LOAD c:/siliconlabs/simplicitystudio/v5/developer/toolchains/gnu_arm/12.2.rel1_2023.7/bin/../lib/gcc/arm-none-eabi/12.2.1/thumb/v7e-m+fp/softfp\libc_nano.a
LOAD c:/siliconlabs/simplicitystudio/v5/developer/toolchains/gnu_arm/12.2.rel1_2023.7/bin/../lib/gcc/arm-none-eabi/12.2.1/thumb/v7e-m+fp/softfp\libm.a
END GROUP
START GROUP
LOAD c:/siliconlabs/simplicitystudio/v5/developer/toolchains/gnu_arm/12.2.rel1_2023.7/bin/../lib/gcc/arm-none-eabi/12.2.1/thumb/v7e-m+fp/softfp\libgcc.a
LOAD c:/siliconlabs/simplicitystudio/v5/developer/toolchains/gnu_arm/12.2.rel1_2023.7/bin/../lib/gcc/arm-none-eabi/12.2.1/thumb/v7e-m+fp/softfp\libc_nano.a
LOAD c:/siliconlabs/simplicitystudio/v5/developer/toolchains/gnu_arm/12.2.rel1_2023.7/bin/../lib/gcc/arm-none-eabi/12.2.1/thumb/v7e-m+fp/softfp\libnosys.a
END GROUP
START GROUP
LOAD c:/siliconlabs/simplicitystudio/v5/developer/toolchains/gnu_arm/12.2.rel1_2023.7/bin/../lib/gcc/arm-none-eabi/12.2.1/thumb/v7e-m+fp/softfp\libgcc.a
LOAD c:/siliconlabs/simplicitystudio/v5/developer/toolchains/gnu_arm/12.2.rel1_2023.7/bin/../lib/gcc/arm-none-eabi/12.2.1/thumb/v7e-m+fp/softfp\libg_nano.a
LOAD c:/siliconlabs/simplicitystudio/v5/developer/toolchains/gnu_arm/12.2.rel1_2023.7/bin/../lib/gcc/arm-none-eabi/12.2.1/thumb/v7e-m+fp/softfp\libc_nano.a
END GROUP
START GROUP
LOAD c:/siliconlabs/simplicitystudio/v5/developer/toolchains/gnu_arm/12.2.rel1_2023.7/bin/../lib/gcc/arm-none-eabi/12.2.1/thumb/v7e-m+fp/softfp\libgcc.a
LOAD c:/siliconlabs/simplicitystudio/v5/developer/toolchains/gnu_arm/12.2.rel1_2023.7/bin/../lib/gcc/arm-none-eabi/12.2.1/thumb/v7e-m+fp/softfp\libc_nano.a
END GROUP
LOAD c:/siliconlabs/simplicitystudio/v5/developer/toolchains/gnu_arm/12.2.rel1_2023.7/bin/../lib/gcc/arm-none-eabi/12.2.1/thumb/v7e-m+fp/softfp/crtend.o
LOAD c:/siliconlabs/simplicitystudio/v5/developer/toolchains/gnu_arm/12.2.rel1_2023.7/bin/../lib/gcc/arm-none-eabi/12.2.1/thumb/v7e-m+fp/softfp/crtn.o

.text           0x08202000    0x11537
 *(.isr_vector)
 .isr_vector    0x08202000      0x16c ./wiseconnect3_sdk_3.1.4/components/device/silabs/si91x/mcu/core/chip/src/startup_si91x.o
                0x08202000                __Vectors
 *(.text*)
 .text.deregister_tm_clones
                0x0820216c       0x1c c:/siliconlabs/simplicitystudio/v5/developer/toolchains/gnu_arm/12.2.rel1_2023.7/bin/../lib/gcc/arm-none-eabi/12.2.1/thumb/v7e-m+fp/softfp/crtbegin.o
 .text.register_tm_clones
                0x08202188       0x24 c:/siliconlabs/simplicitystudio/v5/developer/toolchains/gnu_arm/12.2.rel1_2023.7/bin/../lib/gcc/arm-none-eabi/12.2.1/thumb/v7e-m+fp/softfp/crtbegin.o
 .text.__do_global_dtors_aux
                0x082021ac       0x28 c:/siliconlabs/simplicitystudio/v5/developer/toolchains/gnu_arm/12.2.rel1_2023.7/bin/../lib/gcc/arm-none-eabi/12.2.1/thumb/v7e-m+fp/softfp/crtbegin.o
 .text.frame_dummy
                0x082021d4       0x24 c:/siliconlabs/simplicitystudio/v5/developer/toolchains/gnu_arm/12.2.rel1_2023.7/bin/../lib/gcc/arm-none-eabi/12.2.1/thumb/v7e-m+fp/softfp/crtbegin.o
 .text.ampak_m4_sleep_wakeup
                0x082021f8      0x138 ./ampak_wl72917/power_save_manager.o
                0x082021f8                ampak_m4_sleep_wakeup
 .text.application
                0x08202330      0x124 ./app.o
                0x08202330                application
 .text.app_init
                0x08202454       0x14 ./app.o
                0x08202454                app_init
 .text.rsi_ble_app_clear_event
                0x08202468       0x14 ./ble_app.o
 .text.rsi_ble_app_set_event
                0x0820247c       0x1c ./ble_app.o
 .text.rsi_ble_on_enhance_conn_status_event
                0x08202498       0x30 ./ble_app.o
                0x08202498                rsi_ble_on_enhance_conn_status_event
 .text.rsi_ble_on_remote_features_event
                0x082024c8       0x20 ./ble_app.o
                0x082024c8                rsi_ble_on_remote_features_event
 .text.rsi_ble_on_disconnect_event
                0x082024e8       0x18 ./ble_app.o
 .text.rsi_ble_on_conn_update_complete_event
                0x08202500       0x2c ./ble_app.o
                0x08202500                rsi_ble_on_conn_update_complete_event
 .text.rsi_ble_data_length_change_event
                0x0820252c       0x20 ./ble_app.o
                0x0820252c                rsi_ble_data_length_change_event
 .text.rsi_ble_on_mtu_event
                0x0820254c       0x24 ./ble_app.o
 .text.rsi_ble_on_connect_event
                0x08202570       0x18 ./ble_app.o
 .text.rsi_ble_on_gatt_write_event
                0x08202588      0x1b4 ./ble_app.o
 .text.rsi_ble_add_char_val_att.constprop.0
                0x0820273c       0x8e ./ble_app.o
 .text.rsi_ble_add_char_serv_att.constprop.0.isra.0
                0x082027ca       0x58 ./ble_app.o
 *fill*         0x08202822        0x2 
 .text.rsi_ble_configurator_init
                0x08202824      0x210 ./ble_app.o
                0x08202824                rsi_ble_configurator_init
 .text.rsi_ble_configurator_task
                0x08202a34      0x474 ./ble_app.o
                0x08202a34                rsi_ble_configurator_task
 .text.sl_wifi_app_send_to_ble
                0x08202ea8       0x4c ./ble_app.o
                0x08202ea8                sl_wifi_app_send_to_ble
 .text.startup.main
                0x08202ef4       0x12 ./main.o
                0x08202ef4                main
 *fill*         0x08202f06        0x2 
 .text.wlan_app_scan_callback_handler
                0x08202f08      0x198 ./wifi_app.o
                0x08202f08                wlan_app_scan_callback_handler
 .text.sl_wifi_app_set_event
                0x082030a0       0x1c ./wifi_app.o
                0x082030a0                sl_wifi_app_set_event
 .text.sl_wifi_app_clear_event
                0x082030bc       0x18 ./wifi_app.o
                0x082030bc                sl_wifi_app_clear_event
 .text.sl_wifi_app_get_event
                0x082030d4       0x2c ./wifi_app.o
                0x082030d4                sl_wifi_app_get_event
 .text.sl_wifi_app_task
                0x08203100      0x560 ./wifi_app.o
                0x08203100                sl_wifi_app_task
 .text.sl_platform_init
                0x08203660       0x22 ./autogen/sl_event_handler.o
                0x08203660                sl_platform_init
 .text.sl_kernel_start
                0x08203682        0x4 ./autogen/sl_event_handler.o
                0x08203682                sl_kernel_start
 .text.sl_driver_init
                0x08203686        0x2 ./autogen/sl_event_handler.o
                0x08203686                sl_driver_init
 .text.sl_service_init
                0x08203688        0x2 ./autogen/sl_event_handler.o
                0x08203688                sl_service_init
 .text.sl_stack_init
                0x0820368a        0x2 ./autogen/sl_event_handler.o
                0x0820368a                sl_stack_init
 .text.sl_internal_app_init
                0x0820368c        0x2 ./autogen/sl_event_handler.o
                0x0820368c                sl_internal_app_init
 .text.sli_osTaskRegisterSetValue
                0x0820368e        0xa ./gecko_sdk_4.4.1/platform/common/src/sli_cmsis_os2_ext_task_register.o
                0x0820368e                sli_osTaskRegisterSetValue
 .text.sl_system_init
                0x08203698       0x1a ./gecko_sdk_4.4.1/platform/service/system/src/sl_system_init.o
                0x08203698                sl_system_init
 .text.sl_system_kernel_start
                0x082036b2        0x4 ./gecko_sdk_4.4.1/platform/service/system/src/sl_system_kernel.o
                0x082036b2                sl_system_kernel_start
 .text.SysTick_Handler
                0x082036b6       0x1a ./gecko_sdk_4.4.1/util/third_party/freertos/cmsis/Source/cmsis_os2.o
                0x082036b6                SysTick_Handler
 .text.osKernelInitialize
                0x082036d0       0x34 ./gecko_sdk_4.4.1/util/third_party/freertos/cmsis/Source/cmsis_os2.o
                0x082036d0                osKernelInitialize
 .text.osKernelStart
                0x08203704       0x48 ./gecko_sdk_4.4.1/util/third_party/freertos/cmsis/Source/cmsis_os2.o
                0x08203704                osKernelStart
 .text.osKernelGetTickCount
                0x0820374c       0x28 ./gecko_sdk_4.4.1/util/third_party/freertos/cmsis/Source/cmsis_os2.o
                0x0820374c                osKernelGetTickCount
 .text.osThreadNew
                0x08203774       0xa8 ./gecko_sdk_4.4.1/util/third_party/freertos/cmsis/Source/cmsis_os2.o
                0x08203774                osThreadNew
 .text.osThreadYield
                0x0820381c       0x3c ./gecko_sdk_4.4.1/util/third_party/freertos/cmsis/Source/cmsis_os2.o
                0x0820381c                osThreadYield
 .text.osDelay  0x08203858       0x30 ./gecko_sdk_4.4.1/util/third_party/freertos/cmsis/Source/cmsis_os2.o
                0x08203858                osDelay
 .text.osEventFlagsNew
                0x08203888       0x3c ./gecko_sdk_4.4.1/util/third_party/freertos/cmsis/Source/cmsis_os2.o
                0x08203888                osEventFlagsNew
 .text.osEventFlagsSet
                0x082038c4       0x70 ./gecko_sdk_4.4.1/util/third_party/freertos/cmsis/Source/cmsis_os2.o
                0x082038c4                osEventFlagsSet
 .text.osEventFlagsClear
                0x08203934       0x5c ./gecko_sdk_4.4.1/util/third_party/freertos/cmsis/Source/cmsis_os2.o
                0x08203934                osEventFlagsClear
 .text.osEventFlagsGet
                0x08203990       0x34 ./gecko_sdk_4.4.1/util/third_party/freertos/cmsis/Source/cmsis_os2.o
                0x08203990                osEventFlagsGet
 .text.osEventFlagsWait
                0x082039c4       0x70 ./gecko_sdk_4.4.1/util/third_party/freertos/cmsis/Source/cmsis_os2.o
                0x082039c4                osEventFlagsWait
 .text.osMutexNew
                0x08203a34       0x94 ./gecko_sdk_4.4.1/util/third_party/freertos/cmsis/Source/cmsis_os2.o
                0x08203a34                osMutexNew
 .text.osMutexAcquire
                0x08203ac8       0x60 ./gecko_sdk_4.4.1/util/third_party/freertos/cmsis/Source/cmsis_os2.o
                0x08203ac8                osMutexAcquire
 .text.osMutexRelease
                0x08203b28       0x58 ./gecko_sdk_4.4.1/util/third_party/freertos/cmsis/Source/cmsis_os2.o
                0x08203b28                osMutexRelease
 .text.osMutexDelete
                0x08203b80       0x48 ./gecko_sdk_4.4.1/util/third_party/freertos/cmsis/Source/cmsis_os2.o
                0x08203b80                osMutexDelete
 .text.osSemaphoreNew
                0x08203bc8       0xb0 ./gecko_sdk_4.4.1/util/third_party/freertos/cmsis/Source/cmsis_os2.o
                0x08203bc8                osSemaphoreNew
 .text.osSemaphoreAcquire
                0x08203c78       0x74 ./gecko_sdk_4.4.1/util/third_party/freertos/cmsis/Source/cmsis_os2.o
                0x08203c78                osSemaphoreAcquire
 .text.osSemaphoreRelease
                0x08203cec       0x6c ./gecko_sdk_4.4.1/util/third_party/freertos/cmsis/Source/cmsis_os2.o
                0x08203cec                osSemaphoreRelease
 .text.vApplicationGetIdleTaskMemory
                0x08203d58       0x18 ./gecko_sdk_4.4.1/util/third_party/freertos/cmsis/Source/cmsis_os2.o
                0x08203d58                vApplicationGetIdleTaskMemory
 .text.vApplicationGetTimerTaskMemory
                0x08203d70       0x18 ./gecko_sdk_4.4.1/util/third_party/freertos/cmsis/Source/cmsis_os2.o
                0x08203d70                vApplicationGetTimerTaskMemory
 .text.xEventGroupCreateStatic
                0x08203d88       0x48 ./gecko_sdk_4.4.1/util/third_party/freertos/kernel/event_groups.o
                0x08203d88                xEventGroupCreateStatic
 .text.xEventGroupCreate
                0x08203dd0       0x1c ./gecko_sdk_4.4.1/util/third_party/freertos/kernel/event_groups.o
                0x08203dd0                xEventGroupCreate
 .text.xEventGroupWaitBits
                0x08203dec      0x130 ./gecko_sdk_4.4.1/util/third_party/freertos/kernel/event_groups.o
                0x08203dec                xEventGroupWaitBits
 .text.xEventGroupClearBits
                0x08203f1c       0x46 ./gecko_sdk_4.4.1/util/third_party/freertos/kernel/event_groups.o
                0x08203f1c                xEventGroupClearBits
 .text.vEventGroupClearBitsCallback
                0x08203f62        0x4 ./gecko_sdk_4.4.1/util/third_party/freertos/kernel/event_groups.o
                0x08203f62                vEventGroupClearBitsCallback
 *fill*         0x08203f66        0x2 
 .text.xEventGroupClearBitsFromISR
                0x08203f68       0x10 ./gecko_sdk_4.4.1/util/third_party/freertos/kernel/event_groups.o
                0x08203f68                xEventGroupClearBitsFromISR
 .text.xEventGroupGetBitsFromISR
                0x08203f78       0x1c ./gecko_sdk_4.4.1/util/third_party/freertos/kernel/event_groups.o
                0x08203f78                xEventGroupGetBitsFromISR
 .text.xEventGroupSetBits
                0x08203f94       0x88 ./gecko_sdk_4.4.1/util/third_party/freertos/kernel/event_groups.o
                0x08203f94                xEventGroupSetBits
 .text.vEventGroupSetBitsCallback
                0x0820401c        0x4 ./gecko_sdk_4.4.1/util/third_party/freertos/kernel/event_groups.o
                0x0820401c                vEventGroupSetBitsCallback
 .text.xEventGroupSetBitsFromISR
                0x08204020       0x10 ./gecko_sdk_4.4.1/util/third_party/freertos/kernel/event_groups.o
                0x08204020                xEventGroupSetBitsFromISR
 .text.vListInitialise
                0x08204030       0x16 ./gecko_sdk_4.4.1/util/third_party/freertos/kernel/list.o
                0x08204030                vListInitialise
 .text.vListInitialiseItem
                0x08204046        0x6 ./gecko_sdk_4.4.1/util/third_party/freertos/kernel/list.o
                0x08204046                vListInitialiseItem
 .text.vListInsertEnd
                0x0820404c       0x16 ./gecko_sdk_4.4.1/util/third_party/freertos/kernel/list.o
                0x0820404c                vListInsertEnd
 .text.vListInsert
                0x08204062       0x2e ./gecko_sdk_4.4.1/util/third_party/freertos/kernel/list.o
                0x08204062                vListInsert
 .text.uxListRemove
                0x08204090       0x20 ./gecko_sdk_4.4.1/util/third_party/freertos/kernel/list.o
                0x08204090                uxListRemove
 .text.prvIsQueueEmpty
                0x082040b0       0x16 ./gecko_sdk_4.4.1/util/third_party/freertos/kernel/queue.o
 .text.prvCopyDataToQueue
                0x082040c6       0x66 ./gecko_sdk_4.4.1/util/third_party/freertos/kernel/queue.o
 .text.prvCopyDataFromQueue
                0x0820412c       0x2c ./gecko_sdk_4.4.1/util/third_party/freertos/kernel/queue.o
 .text.prvUnlockQueue
                0x08204158       0x70 ./gecko_sdk_4.4.1/util/third_party/freertos/kernel/queue.o
 .text.xQueueGenericReset
                0x082041c8       0x7e ./gecko_sdk_4.4.1/util/third_party/freertos/kernel/queue.o
                0x082041c8                xQueueGenericReset
 .text.xQueueGenericCreate.part.0
                0x08204246       0x7a ./gecko_sdk_4.4.1/util/third_party/freertos/kernel/queue.o
 .text.xQueueGenericCreateStatic
                0x082042c0       0xa6 ./gecko_sdk_4.4.1/util/third_party/freertos/kernel/queue.o
                0x082042c0                xQueueGenericCreateStatic
 .text.xQueueGenericCreate
                0x08204366       0x18 ./gecko_sdk_4.4.1/util/third_party/freertos/kernel/queue.o
                0x08204366                xQueueGenericCreate
 .text.xQueueCreateCountingSemaphoreStatic
                0x0820437e       0x44 ./gecko_sdk_4.4.1/util/third_party/freertos/kernel/queue.o
                0x0820437e                xQueueCreateCountingSemaphoreStatic
 .text.xQueueCreateCountingSemaphore
                0x082043c2       0x3c ./gecko_sdk_4.4.1/util/third_party/freertos/kernel/queue.o
                0x082043c2                xQueueCreateCountingSemaphore
 .text.xQueueGenericSend
                0x082043fe      0x178 ./gecko_sdk_4.4.1/util/third_party/freertos/kernel/queue.o
                0x082043fe                xQueueGenericSend
 .text.xQueueCreateMutexStatic
                0x08204576       0x2a ./gecko_sdk_4.4.1/util/third_party/freertos/kernel/queue.o
                0x08204576                xQueueCreateMutexStatic
 .text.xQueueGiveMutexRecursive
                0x082045a0       0x3e ./gecko_sdk_4.4.1/util/third_party/freertos/kernel/queue.o
                0x082045a0                xQueueGiveMutexRecursive
 .text.xQueueCreateMutex
                0x082045de       0x24 ./gecko_sdk_4.4.1/util/third_party/freertos/kernel/queue.o
                0x082045de                xQueueCreateMutex
 .text.xQueueGenericSendFromISR
                0x08204602       0xd0 ./gecko_sdk_4.4.1/util/third_party/freertos/kernel/queue.o
                0x08204602                xQueueGenericSendFromISR
 .text.xQueueGiveFromISR
                0x082046d2       0xb8 ./gecko_sdk_4.4.1/util/third_party/freertos/kernel/queue.o
                0x082046d2                xQueueGiveFromISR
 .text.xQueueReceive
                0x0820478a      0x13e ./gecko_sdk_4.4.1/util/third_party/freertos/kernel/queue.o
                0x0820478a                xQueueReceive
 .text.xQueueSemaphoreTake
                0x082048c8      0x17a ./gecko_sdk_4.4.1/util/third_party/freertos/kernel/queue.o
                0x082048c8                xQueueSemaphoreTake
 .text.xQueueTakeMutexRecursive
                0x08204a42       0x42 ./gecko_sdk_4.4.1/util/third_party/freertos/kernel/queue.o
                0x08204a42                xQueueTakeMutexRecursive
 .text.xQueueReceiveFromISR
                0x08204a84       0xb0 ./gecko_sdk_4.4.1/util/third_party/freertos/kernel/queue.o
                0x08204a84                xQueueReceiveFromISR
 .text.vQueueAddToRegistry
                0x08204b34       0x24 ./gecko_sdk_4.4.1/util/third_party/freertos/kernel/queue.o
                0x08204b34                vQueueAddToRegistry
 .text.vQueueUnregisterQueue
                0x08204b58       0x30 ./gecko_sdk_4.4.1/util/third_party/freertos/kernel/queue.o
                0x08204b58                vQueueUnregisterQueue
 .text.vQueueDelete
                0x08204b88       0x2a ./gecko_sdk_4.4.1/util/third_party/freertos/kernel/queue.o
                0x08204b88                vQueueDelete
 .text.vQueueWaitForMessageRestricted
                0x08204bb2       0x46 ./gecko_sdk_4.4.1/util/third_party/freertos/kernel/queue.o
                0x08204bb2                vQueueWaitForMessageRestricted
 .text.prvAddNewTaskToReadyList
                0x08204bf8      0x100 ./gecko_sdk_4.4.1/util/third_party/freertos/kernel/tasks.o
 .text.prvAddCurrentTaskToDelayedList
                0x08204cf8       0x78 ./gecko_sdk_4.4.1/util/third_party/freertos/kernel/tasks.o
 .text.prvResetNextTaskUnblockTime
                0x08204d70       0x24 ./gecko_sdk_4.4.1/util/third_party/freertos/kernel/tasks.o
 .text.prvDeleteTCB
                0x08204d94       0x36 ./gecko_sdk_4.4.1/util/third_party/freertos/kernel/tasks.o
 *fill*         0x08204dca        0x2 
 .text.prvIdleTask
                0x08204dcc       0x60 ./gecko_sdk_4.4.1/util/third_party/freertos/kernel/tasks.o
 .text.prvInitialiseNewTask.constprop.0
                0x08204e2c       0xb0 ./gecko_sdk_4.4.1/util/third_party/freertos/kernel/tasks.o
 .text.xTaskCreateStatic
                0x08204edc       0x70 ./gecko_sdk_4.4.1/util/third_party/freertos/kernel/tasks.o
                0x08204edc                xTaskCreateStatic
 .text.xTaskCreate
                0x08204f4c       0x5c ./gecko_sdk_4.4.1/util/third_party/freertos/kernel/tasks.o
                0x08204f4c                xTaskCreate
 .text.vTaskStartScheduler
                0x08204fa8       0x90 ./gecko_sdk_4.4.1/util/third_party/freertos/kernel/tasks.o
                0x08204fa8                vTaskStartScheduler
 .text.vTaskSuspendAll
                0x08205038       0x10 ./gecko_sdk_4.4.1/util/third_party/freertos/kernel/tasks.o
                0x08205038                vTaskSuspendAll
 .text.xTaskGetTickCount
                0x08205048        0xc ./gecko_sdk_4.4.1/util/third_party/freertos/kernel/tasks.o
                0x08205048                xTaskGetTickCount
 .text.xTaskGetTickCountFromISR
                0x08205054       0x10 ./gecko_sdk_4.4.1/util/third_party/freertos/kernel/tasks.o
                0x08205054                xTaskGetTickCountFromISR
 .text.xTaskIncrementTick
                0x08205064      0x12c ./gecko_sdk_4.4.1/util/third_party/freertos/kernel/tasks.o
                0x08205064                xTaskIncrementTick
 .text.xTaskResumeAll
                0x08205190       0xe8 ./gecko_sdk_4.4.1/util/third_party/freertos/kernel/tasks.o
                0x08205190                xTaskResumeAll
 .text.vTaskDelay
                0x08205278       0x48 ./gecko_sdk_4.4.1/util/third_party/freertos/kernel/tasks.o
                0x08205278                vTaskDelay
 .text.vTaskSwitchContext
                0x082052c0       0x88 ./gecko_sdk_4.4.1/util/third_party/freertos/kernel/tasks.o
                0x082052c0                vTaskSwitchContext
 .text.vTaskPlaceOnEventList
                0x08205348       0x34 ./gecko_sdk_4.4.1/util/third_party/freertos/kernel/tasks.o
                0x08205348                vTaskPlaceOnEventList
 .text.vTaskPlaceOnUnorderedEventList
                0x0820537c       0x58 ./gecko_sdk_4.4.1/util/third_party/freertos/kernel/tasks.o
                0x0820537c                vTaskPlaceOnUnorderedEventList
 .text.vTaskPlaceOnEventListRestricted
                0x082053d4       0x3c ./gecko_sdk_4.4.1/util/third_party/freertos/kernel/tasks.o
                0x082053d4                vTaskPlaceOnEventListRestricted
 .text.xTaskRemoveFromEventList
                0x08205410       0x80 ./gecko_sdk_4.4.1/util/third_party/freertos/kernel/tasks.o
                0x08205410                xTaskRemoveFromEventList
 .text.vTaskRemoveFromUnorderedEventList
                0x08205490       0x84 ./gecko_sdk_4.4.1/util/third_party/freertos/kernel/tasks.o
                0x08205490                vTaskRemoveFromUnorderedEventList
 .text.vTaskInternalSetTimeOutState
                0x08205514       0x18 ./gecko_sdk_4.4.1/util/third_party/freertos/kernel/tasks.o
                0x08205514                vTaskInternalSetTimeOutState
 .text.xTaskCheckForTimeOut
                0x0820552c       0x90 ./gecko_sdk_4.4.1/util/third_party/freertos/kernel/tasks.o
                0x0820552c                xTaskCheckForTimeOut
 .text.vTaskMissedYield
                0x082055bc        0xc ./gecko_sdk_4.4.1/util/third_party/freertos/kernel/tasks.o
                0x082055bc                vTaskMissedYield
 .text.vTaskSetThreadLocalStoragePointer
                0x082055c8       0x2c ./gecko_sdk_4.4.1/util/third_party/freertos/kernel/tasks.o
                0x082055c8                vTaskSetThreadLocalStoragePointer
 .text.xTaskGetCurrentTaskHandle
                0x082055f4        0xc ./gecko_sdk_4.4.1/util/third_party/freertos/kernel/tasks.o
                0x082055f4                xTaskGetCurrentTaskHandle
 .text.xTaskGetSchedulerState
                0x08205600       0x20 ./gecko_sdk_4.4.1/util/third_party/freertos/kernel/tasks.o
                0x08205600                xTaskGetSchedulerState
 .text.xTaskPriorityInherit
                0x08205620       0x7c ./gecko_sdk_4.4.1/util/third_party/freertos/kernel/tasks.o
                0x08205620                xTaskPriorityInherit
 .text.xTaskPriorityDisinherit
                0x0820569c       0x84 ./gecko_sdk_4.4.1/util/third_party/freertos/kernel/tasks.o
                0x0820569c                xTaskPriorityDisinherit
 .text.vTaskPriorityDisinheritAfterTimeout
                0x08205720       0x9c ./gecko_sdk_4.4.1/util/third_party/freertos/kernel/tasks.o
                0x08205720                vTaskPriorityDisinheritAfterTimeout
 .text.uxTaskResetEventItemValue
                0x082057bc       0x18 ./gecko_sdk_4.4.1/util/third_party/freertos/kernel/tasks.o
                0x082057bc                uxTaskResetEventItemValue
 .text.pvTaskIncrementMutexHeldCount
                0x082057d4       0x18 ./gecko_sdk_4.4.1/util/third_party/freertos/kernel/tasks.o
                0x082057d4                pvTaskIncrementMutexHeldCount
 .text.prvInsertTimerInActiveList
                0x082057ec       0x3c ./gecko_sdk_4.4.1/util/third_party/freertos/kernel/timers.o
 .text.prvCheckForValidListAndQueue
                0x08205828       0x68 ./gecko_sdk_4.4.1/util/third_party/freertos/kernel/timers.o
 .text.xTimerCreateTimerTask
                0x08205890       0x64 ./gecko_sdk_4.4.1/util/third_party/freertos/kernel/timers.o
                0x08205890                xTimerCreateTimerTask
 .text.xTimerGenericCommand
                0x082058f4       0x58 ./gecko_sdk_4.4.1/util/third_party/freertos/kernel/timers.o
                0x082058f4                xTimerGenericCommand
 .text.prvSampleTimeNow
                0x0820594c       0xa4 ./gecko_sdk_4.4.1/util/third_party/freertos/kernel/timers.o
 .text.prvTimerTask
                0x082059f0      0x1cc ./gecko_sdk_4.4.1/util/third_party/freertos/kernel/timers.o
 .text.xTimerPendFunctionCallFromISR
                0x08205bbc       0x28 ./gecko_sdk_4.4.1/util/third_party/freertos/kernel/timers.o
                0x08205bbc                xTimerPendFunctionCallFromISR
 .text.prvPortStartFirstTask
                0x08205be4       0x28 ./gecko_sdk_4.4.1/util/third_party/freertos/kernel/portable/GCC/ARM_CM4F/port.o
 .text.vPortEnableVFP
                0x08205c0c       0x14 ./gecko_sdk_4.4.1/util/third_party/freertos/kernel/portable/GCC/ARM_CM4F/port.o
 .text.prvTaskExitError
                0x08205c20       0x40 ./gecko_sdk_4.4.1/util/third_party/freertos/kernel/portable/GCC/ARM_CM4F/port.o
 .text.pxPortInitialiseStack
                0x08205c60       0x2c ./gecko_sdk_4.4.1/util/third_party/freertos/kernel/portable/GCC/ARM_CM4F/port.o
                0x08205c60                pxPortInitialiseStack
 *fill*         0x08205c8c        0x4 
 .text.SVC_Handler
                0x08205c90       0x24 ./gecko_sdk_4.4.1/util/third_party/freertos/kernel/portable/GCC/ARM_CM4F/port.o
                0x08205c90                SVC_Handler
 .text.vPortEnterCritical
                0x08205cb4       0x40 ./gecko_sdk_4.4.1/util/third_party/freertos/kernel/portable/GCC/ARM_CM4F/port.o
                0x08205cb4                vPortEnterCritical
 .text.vPortExitCritical
                0x08205cf4       0x28 ./gecko_sdk_4.4.1/util/third_party/freertos/kernel/portable/GCC/ARM_CM4F/port.o
                0x08205cf4                vPortExitCritical
 *fill*         0x08205d1c        0x4 
 .text.PendSV_Handler
                0x08205d20       0x64 ./gecko_sdk_4.4.1/util/third_party/freertos/kernel/portable/GCC/ARM_CM4F/port.o
                0x08205d20                PendSV_Handler
 .text.xPortSysTickHandler
                0x08205d84       0x2c ./gecko_sdk_4.4.1/util/third_party/freertos/kernel/portable/GCC/ARM_CM4F/port.o
                0x08205d84                xPortSysTickHandler
 .text.vPortSetupTimerInterrupt
                0x08205db0       0x24 ./gecko_sdk_4.4.1/util/third_party/freertos/kernel/portable/GCC/ARM_CM4F/port.o
                0x08205db0                vPortSetupTimerInterrupt
 .text.xPortStartScheduler
                0x08205dd4      0x10c ./gecko_sdk_4.4.1/util/third_party/freertos/kernel/portable/GCC/ARM_CM4F/port.o
                0x08205dd4                xPortStartScheduler
 .text.vPortValidateInterruptPriority
                0x08205ee0       0x5c ./gecko_sdk_4.4.1/util/third_party/freertos/kernel/portable/GCC/ARM_CM4F/port.o
                0x08205ee0                vPortValidateInterruptPriority
 .text.prvInsertBlockIntoFreeList
                0x08205f3c       0x50 ./gecko_sdk_4.4.1/util/third_party/freertos/kernel/portable/MemMang/heap_4.o
 .text.pvPortMalloc
                0x08205f8c      0x134 ./gecko_sdk_4.4.1/util/third_party/freertos/kernel/portable/MemMang/heap_4.o
                0x08205f8c                pvPortMalloc
 .text.vPortFree
                0x082060c0       0x7c ./gecko_sdk_4.4.1/util/third_party/freertos/kernel/portable/MemMang/heap_4.o
                0x082060c0                vPortFree
 .text.RSI_Board_Init
                0x0820613c       0x5c ./wiseconnect3_sdk_3.1.4/components/board/silabs/src/rsi_board.o
                0x0820613c                RSI_Board_Init
 .text.print_sl_ipv4_address
                0x08206198       0x1c ./wiseconnect3_sdk_3.1.4/components/common/src/sl_utility.o
                0x08206198                print_sl_ipv4_address
 .text.little_to_big_endian
                0x082061b4       0x2e ./wiseconnect3_sdk_3.1.4/components/common/src/sl_utility.o
                0x082061b4                little_to_big_endian
 *fill*         0x082061e2        0x2 
 .text.sl_inet_ntop6
                0x082061e4      0x144 ./wiseconnect3_sdk_3.1.4/components/common/src/sl_utility.o
                0x082061e4                sl_inet_ntop6
 .text.print_sl_ipv6_address
                0x08206328       0x2c ./wiseconnect3_sdk_3.1.4/components/common/src/sl_utility.o
                0x08206328                print_sl_ipv6_address
 .text.print_sl_ip_address
                0x08206354       0x16 ./wiseconnect3_sdk_3.1.4/components/common/src/sl_utility.o
                0x08206354                print_sl_ip_address
 *fill*         0x0820636a        0x2 
 .text.print_firmware_version
                0x0820636c       0x2c ./wiseconnect3_sdk_3.1.4/components/common/src/sl_utility.o
                0x0820636c                print_firmware_version
 .text.sl_debug_log
                0x08206398        0x6 ./wiseconnect3_sdk_3.1.4/components/common/src/sl_utility.o
                0x08206398                sl_debug_log
 *fill*         0x0820639e        0x2 
 .text.set_scdc
                0x082063a0       0x28 ./wiseconnect3_sdk_3.1.4/components/device/silabs/si91x/mcu/core/chip/src/iPMU_prog/iPMU_dotc/ipmu_apis.o
                0x082063a0                set_scdc
 .text.init_ipmu_calib_data
                0x082063c8       0x54 ./wiseconnect3_sdk_3.1.4/components/device/silabs/si91x/mcu/core/chip/src/iPMU_prog/iPMU_dotc/ipmu_apis.o
                0x082063c8                init_ipmu_calib_data
 .text.program_ipmu_data
                0x0820641c       0x54 ./wiseconnect3_sdk_3.1.4/components/device/silabs/si91x/mcu/core/chip/src/iPMU_prog/iPMU_dotc/ipmu_apis.o
                0x0820641c                program_ipmu_data
 .text.ipmu_init_mcu
                0x08206470       0x94 ./wiseconnect3_sdk_3.1.4/components/device/silabs/si91x/mcu/core/chip/src/iPMU_prog/iPMU_dotc/ipmu_apis.o
                0x08206470                ipmu_init_mcu
 .text.ipmu_init
                0x08206504       0xa8 ./wiseconnect3_sdk_3.1.4/components/device/silabs/si91x/mcu/core/chip/src/iPMU_prog/iPMU_dotc/ipmu_apis.o
                0x08206504                ipmu_init
 .text.configure_ipmu_mode
                0x082065ac       0x38 ./wiseconnect3_sdk_3.1.4/components/device/silabs/si91x/mcu/core/chip/src/iPMU_prog/iPMU_dotc/ipmu_apis.o
                0x082065ac                configure_ipmu_mode
 .text.RSI_Save_Context
                0x082065e4       0x28 ./wiseconnect3_sdk_3.1.4/components/device/silabs/si91x/mcu/core/chip/src/rsi_deepsleep_soc.o
                0x082065e4                RSI_Save_Context
 .text.RSI_PS_SaveCpuContext
                0x0820660c       0x34 ./wiseconnect3_sdk_3.1.4/components/device/silabs/si91x/mcu/core/chip/src/rsi_deepsleep_soc.o
                0x0820660c                RSI_PS_SaveCpuContext
 .text.RSI_PS_RestoreCpuContext
                0x08206640       0x34 ./wiseconnect3_sdk_3.1.4/components/device/silabs/si91x/mcu/core/chip/src/rsi_deepsleep_soc.o
                0x08206640                RSI_PS_RestoreCpuContext
 .text.RSI_Set_Cntrls_To_M4
                0x08206674       0x50 ./wiseconnect3_sdk_3.1.4/components/device/silabs/si91x/mcu/core/chip/src/rsi_deepsleep_soc.o
                0x08206674                RSI_Set_Cntrls_To_M4
 .text.RSI_PS_EnterDeepSleep
                0x082066c4      0x51c ./wiseconnect3_sdk_3.1.4/components/device/silabs/si91x/mcu/core/chip/src/rsi_deepsleep_soc.o
                0x082066c4                RSI_PS_EnterDeepSleep
 .text.Default_Handler
                0x08206be0        0x2 ./wiseconnect3_sdk_3.1.4/components/device/silabs/si91x/mcu/core/chip/src/startup_si91x.o
                0x08206be0                DebugMon_Handler
                0x08206be0                IRQ031_Handler
                0x08206be0                HardFault_Handler
                0x08206be0                IRQ058_Handler
                0x08206be0                IRQ095_Handler
                0x08206be0                IRQ065_Handler
                0x08206be0                IRQ019_Handler
                0x08206be0                IRQ056_Handler
                0x08206be0                IRQ093_Handler
                0x08206be0                NMI_Handler
                0x08206be0                IRQ011_Handler
                0x08206be0                IRQ014_Handler
                0x08206be0                IRQ051_Handler
                0x08206be0                IRQ027_Handler
                0x08206be0                IRQ062_Handler
                0x08206be0                IRQ097_Handler
                0x08206be0                IRQ088_Handler
                0x08206be0                IRQ034_Handler
                0x08206be0                IRQ071_Handler
                0x08206be0                IRQ067_Handler
                0x08206be0                IRQ070_Handler
                0x08206be0                IRQ077_Handler
                0x08206be0                IRQ028_Handler
                0x08206be0                IRQ063_Handler
                0x08206be0                IRQ076_Handler
                0x08206be0                UsageFault_Handler
                0x08206be0                IRQ023_Handler
                0x08206be0                IRQ009_Handler
                0x08206be0                IRQ048_Handler
                0x08206be0                IRQ083_Handler
                0x08206be0                IRQ089_Handler
                0x08206be0                HIF1_IRQHandler
                0x08206be0                IRQ037_Handler
                0x08206be0                IRQ072_Handler
                0x08206be0                IRQ021_Handler
                0x08206be0                IRQ008_Handler
                0x08206be0                IRQ047_Handler
                0x08206be0                IRQ082_Handler
                0x08206be0                IRQ022_Handler
                0x08206be0                IRQ007_Handler
                0x08206be0                IRQ046_Handler
                0x08206be0                IRQ081_Handler
                0x08206be0                IRQ004_Handler
                0x08206be0                IRQ043_Handler
                0x08206be0                IRQ002_Handler
                0x08206be0                IRQ041_Handler
                0x08206be0                IRQ098_Handler
                0x08206be0                IRQ000_Handler
                0x08206be0                IRQ005_Handler
                0x08206be0                IRQ044_Handler
                0x08206be0                IRQ049_Handler
                0x08206be0                IRQ084_Handler
                0x08206be0                IRQ006_Handler
                0x08206be0                IRQ045_Handler
                0x08206be0                IRQ080_Handler
                0x08206be0                IRQ015_Handler
                0x08206be0                IRQ052_Handler
                0x08206be0                MemManage_Handler
                0x08206be0                HIF2_IRQHandler
                0x08206be0                IRQ001_Handler
                0x08206be0                IRQ040_Handler
                0x08206be0                IRQ068_Handler
                0x08206be0                IRQ059_Handler
                0x08206be0                IRQ096_Handler
                0x08206be0                IRQ003_Handler
                0x08206be0                IRQ042_Handler
                0x08206be0                IRQ024_Handler
                0x08206be0                IRQ016_Handler
                0x08206be0                IRQ053_Handler
                0x08206be0                IRQ090_Handler
                0x08206be0                IRQ078_Handler
                0x08206be0                IRQ032_Handler
                0x08206be0                IRQ020_Handler
                0x08206be0                IRQ073_Handler
                0x08206be0                IRQ018_Handler
                0x08206be0                IRQ055_Handler
                0x08206be0                IRQ092_Handler
                0x08206be0                IRQ087_Handler
                0x08206be0                IRQ026_Handler
                0x08206be0                IRQ061_Handler
                0x08206be0                IRQ025_Handler
                0x08206be0                IRQ060_Handler
                0x08206be0                IRQ085_Handler
                0x08206be0                IRQ013_Handler
                0x08206be0                IRQ050_Handler
                0x08206be0                IRQ030_Handler
                0x08206be0                IRQ029_Handler
                0x08206be0                IRQ064_Handler
                0x08206be0                IRQ066_Handler
                0x08206be0                IRQ017_Handler
                0x08206be0                IRQ054_Handler
                0x08206be0                IRQ091_Handler
                0x08206be0                BusFault_Handler
                0x08206be0                IRQ069_Handler
                0x08206be0                IRQ075_Handler
                0x08206be0                IRQ086_Handler
                0x08206be0                IRQ057_Handler
                0x08206be0                IRQ094_Handler
                0x08206be0                IRQ079_Handler
 .text.Default_Reset_Handler
                0x08206be2        0x2 ./wiseconnect3_sdk_3.1.4/components/device/silabs/si91x/mcu/core/chip/src/startup_si91x.o
                0x08206be2                Default_Reset_Handler
                0x08206be2                Reset_Handler
 .text.Copy_Table
                0x08206be4       0x24 ./wiseconnect3_sdk_3.1.4/components/device/silabs/si91x/mcu/core/chip/src/startup_si91x.o
                0x08206be4                Copy_Table
 .text.Zero_Table
                0x08206c08       0x24 ./wiseconnect3_sdk_3.1.4/components/device/silabs/si91x/mcu/core/chip/src/startup_si91x.o
                0x08206c08                Zero_Table
 .text.RSI_Default_Reset_Handler
                0x08206c2c       0x16 ./wiseconnect3_sdk_3.1.4/components/device/silabs/si91x/mcu/core/chip/src/startup_si91x.o
                0x08206c2c                RSI_Default_Reset_Handler
 *fill*         0x08206c42        0x2 
 .text.SystemCoreClockUpdate
                0x08206c44      0x104 ./wiseconnect3_sdk_3.1.4/components/device/silabs/si91x/mcu/core/chip/src/system_si91x.o
                0x08206c44                SystemCoreClockUpdate
 .text.fpuInit  0x08206d48       0x44 ./wiseconnect3_sdk_3.1.4/components/device/silabs/si91x/mcu/core/chip/src/system_si91x.o
                0x08206d48                fpuInit
 .text.SystemInit
                0x08206d8c       0xe4 ./wiseconnect3_sdk_3.1.4/components/device/silabs/si91x/mcu/core/chip/src/system_si91x.o
                0x08206d8c                SystemInit
 .text.ARM_UART_SignalEvent
                0x08206e70       0x24 ./wiseconnect3_sdk_3.1.4/components/device/silabs/si91x/mcu/core/common/src/rsi_debug.o
                0x08206e70                ARM_UART_SignalEvent
 .text.Board_Debug_Init
                0x08206e94       0x4c ./wiseconnect3_sdk_3.1.4/components/device/silabs/si91x/mcu/core/common/src/rsi_debug.o
                0x08206e94                Board_Debug_Init
 .text.Board_UARTGetChar
                0x08206ee0       0x30 ./wiseconnect3_sdk_3.1.4/components/device/silabs/si91x/mcu/core/common/src/rsi_debug.o
                0x08206ee0                Board_UARTGetChar
 .text.Board_UARTPutChar
                0x08206f10       0x30 ./wiseconnect3_sdk_3.1.4/components/device/silabs/si91x/mcu/core/common/src/rsi_debug.o
                0x08206f10                Board_UARTPutChar
 .text.read_exclude_space
                0x08206f40       0x20 ./wiseconnect3_sdk_3.1.4/components/device/silabs/si91x/mcu/core/common/src/syscalls.o
 .text._getpid  0x08206f60        0x4 ./wiseconnect3_sdk_3.1.4/components/device/silabs/si91x/mcu/core/common/src/syscalls.o
                0x08206f60                _getpid
 .text._kill    0x08206f64       0x10 ./wiseconnect3_sdk_3.1.4/components/device/silabs/si91x/mcu/core/common/src/syscalls.o
                0x08206f64                _kill
 .text._exit    0x08206f74        0xc ./wiseconnect3_sdk_3.1.4/components/device/silabs/si91x/mcu/core/common/src/syscalls.o
                0x08206f74                _exit
 .text._write   0x08206f80       0x1c ./wiseconnect3_sdk_3.1.4/components/device/silabs/si91x/mcu/core/common/src/syscalls.o
                0x08206f80                _write
 .text._close   0x08206f9c        0x6 ./wiseconnect3_sdk_3.1.4/components/device/silabs/si91x/mcu/core/common/src/syscalls.o
                0x08206f9c                _close
 .text._fstat   0x08206fa2        0xa ./wiseconnect3_sdk_3.1.4/components/device/silabs/si91x/mcu/core/common/src/syscalls.o
                0x08206fa2                _fstat
 .text._isatty  0x08206fac        0x4 ./wiseconnect3_sdk_3.1.4/components/device/silabs/si91x/mcu/core/common/src/syscalls.o
                0x08206fac                _isatty
 .text._lseek   0x08206fb0        0x4 ./wiseconnect3_sdk_3.1.4/components/device/silabs/si91x/mcu/core/common/src/syscalls.o
                0x08206fb0                _lseek
 .text._read    0x08206fb4      0x30c ./wiseconnect3_sdk_3.1.4/components/device/silabs/si91x/mcu/core/common/src/syscalls.o
                0x08206fb4                _read
 .text.sl_si91x_device_init_nvic
                0x082072c0       0x18 ./wiseconnect3_sdk_3.1.4/components/device/silabs/si91x/mcu/core/config/src/rsi_nvic_priorities_config.o
                0x082072c0                sl_si91x_device_init_nvic
 .text.IRQ033_Handler
                0x082072d8       0x20 ./wiseconnect3_sdk_3.1.4/components/device/silabs/si91x/mcu/drivers/cmsis_driver/UDMA.o
                0x082072d8                IRQ033_Handler
 .text.IRQ010_Handler
                0x082072f8       0x20 ./wiseconnect3_sdk_3.1.4/components/device/silabs/si91x/mcu/drivers/cmsis_driver/UDMA.o
                0x082072f8                IRQ010_Handler
 .text.ARM_USARTx_GetVersion
                0x08207318       0x20 ./wiseconnect3_sdk_3.1.4/components/device/silabs/si91x/mcu/drivers/cmsis_driver/USART.o
                0x08207318                ARM_USARTx_GetVersion
 .text.ARM_ULP_UART_GetCapabilities
                0x08207338        0xc ./wiseconnect3_sdk_3.1.4/components/device/silabs/si91x/mcu/drivers/cmsis_driver/USART.o
 .text.ARM_ULP_UART_GetModemStatus
                0x08207344        0xc ./wiseconnect3_sdk_3.1.4/components/device/silabs/si91x/mcu/drivers/cmsis_driver/USART.o
 .text.ARM_ULP_UART_SetModemControl
                0x08207350        0xc ./wiseconnect3_sdk_3.1.4/components/device/silabs/si91x/mcu/drivers/cmsis_driver/USART.o
 .text.ARM_ULP_UART_GetStatus
                0x0820735c        0xc ./wiseconnect3_sdk_3.1.4/components/device/silabs/si91x/mcu/drivers/cmsis_driver/USART.o
 .text.ARM_ULP_UART_Control
                0x08207368       0x34 ./wiseconnect3_sdk_3.1.4/components/device/silabs/si91x/mcu/drivers/cmsis_driver/USART.o
 .text.ARM_ULP_UART_GetRxCount
                0x0820739c        0xc ./wiseconnect3_sdk_3.1.4/components/device/silabs/si91x/mcu/drivers/cmsis_driver/USART.o
 .text.ARM_ULP_UART_GetTxCount
                0x082073a8        0xc ./wiseconnect3_sdk_3.1.4/components/device/silabs/si91x/mcu/drivers/cmsis_driver/USART.o
 .text.ARM_ULP_UART_Transfer
                0x082073b4       0x54 ./wiseconnect3_sdk_3.1.4/components/device/silabs/si91x/mcu/drivers/cmsis_driver/USART.o
 .text.ARM_ULP_UART_Receive
                0x08207408       0x48 ./wiseconnect3_sdk_3.1.4/components/device/silabs/si91x/mcu/drivers/cmsis_driver/USART.o
 .text.ARM_ULP_UART_Send
                0x08207450       0x48 ./wiseconnect3_sdk_3.1.4/components/device/silabs/si91x/mcu/drivers/cmsis_driver/USART.o
 .text.ARM_ULP_UART_PowerControl
                0x08207498       0x18 ./wiseconnect3_sdk_3.1.4/components/device/silabs/si91x/mcu/drivers/cmsis_driver/USART.o
 .text.ARM_ULP_UART_Uninitialize
                0x082074b0       0x1c ./wiseconnect3_sdk_3.1.4/components/device/silabs/si91x/mcu/drivers/cmsis_driver/USART.o
 .text.ARM_ULP_UART_Initialize
                0x082074cc       0x30 ./wiseconnect3_sdk_3.1.4/components/device/silabs/si91x/mcu/drivers/cmsis_driver/USART.o
 .text.IRQ038_Handler
                0x082074fc        0xc ./wiseconnect3_sdk_3.1.4/components/device/silabs/si91x/mcu/drivers/cmsis_driver/USART.o
                0x082074fc                IRQ038_Handler
 .text.IRQ039_Handler
                0x08207508        0xc ./wiseconnect3_sdk_3.1.4/components/device/silabs/si91x/mcu/drivers/cmsis_driver/USART.o
                0x08207508                IRQ039_Handler
 .text.IRQ012_Handler
                0x08207514        0xc ./wiseconnect3_sdk_3.1.4/components/device/silabs/si91x/mcu/drivers/cmsis_driver/USART.o
                0x08207514                IRQ012_Handler
 .text.RSI_ULPUartHandler
                0x08207520        0x4 ./wiseconnect3_sdk_3.1.4/components/device/silabs/si91x/mcu/drivers/cmsis_driver/USART.o
                0x08207520                RSI_ULPUartHandler
 .text.RSI_CLK_GetBaseClock
                0x08207524      0x50c ./wiseconnect3_sdk_3.1.4/components/device/silabs/si91x/mcu/drivers/peripheral_drivers/src/clock_update.o
                0x08207524                RSI_CLK_GetBaseClock
 .text.RSI_EGPIO_SetPinMux
                0x08207a30       0x14 ./wiseconnect3_sdk_3.1.4/components/device/silabs/si91x/mcu/drivers/peripheral_drivers/src/rsi_usart.o
 .text.RSI_EGPIO_HostPadsGpioModeEnable
                0x08207a44       0x10 ./wiseconnect3_sdk_3.1.4/components/device/silabs/si91x/mcu/drivers/peripheral_drivers/src/rsi_usart.o
 .text.RSI_EGPIO_PadSelectionEnable
                0x08207a54       0x10 ./wiseconnect3_sdk_3.1.4/components/device/silabs/si91x/mcu/drivers/peripheral_drivers/src/rsi_usart.o
 .text.RSI_EGPIO_PadReceiverEnable
                0x08207a64       0x10 ./wiseconnect3_sdk_3.1.4/components/device/silabs/si91x/mcu/drivers/peripheral_drivers/src/rsi_usart.o
 .text.RSI_EGPIO_UlpPadReceiverEnable
                0x08207a74       0x10 ./wiseconnect3_sdk_3.1.4/components/device/silabs/si91x/mcu/drivers/peripheral_drivers/src/rsi_usart.o
 .text.UDMAx_ChannelDisable.isra.0
                0x08207a84        0xc ./wiseconnect3_sdk_3.1.4/components/device/silabs/si91x/mcu/drivers/peripheral_drivers/src/rsi_usart.o
 .text.UartIrqHandler
                0x08207a90      0x1f0 ./wiseconnect3_sdk_3.1.4/components/device/silabs/si91x/mcu/drivers/peripheral_drivers/src/rsi_usart.o
                0x08207a90                UartIrqHandler
 .text.USART_SetBaudrate
                0x08207c80       0x50 ./wiseconnect3_sdk_3.1.4/components/device/silabs/si91x/mcu/drivers/peripheral_drivers/src/rsi_usart.o
                0x08207c80                USART_SetBaudrate
 .text.USART_Initialize
                0x08207cd0      0x120 ./wiseconnect3_sdk_3.1.4/components/device/silabs/si91x/mcu/drivers/peripheral_drivers/src/rsi_usart.o
                0x08207cd0                USART_Initialize
 .text.USART_Uninitialize
                0x08207df0       0xa0 ./wiseconnect3_sdk_3.1.4/components/device/silabs/si91x/mcu/drivers/peripheral_drivers/src/rsi_usart.o
                0x08207df0                USART_Uninitialize
 .text.USART_PowerControl
                0x08207e90      0x150 ./wiseconnect3_sdk_3.1.4/components/device/silabs/si91x/mcu/drivers/peripheral_drivers/src/rsi_usart.o
                0x08207e90                USART_PowerControl
 .text.USART_Send_Data
                0x08207fe0      0x15c ./wiseconnect3_sdk_3.1.4/components/device/silabs/si91x/mcu/drivers/peripheral_drivers/src/rsi_usart.o
                0x08207fe0                USART_Send_Data
 .text.USART_Receive_Data
                0x0820813c      0x13c ./wiseconnect3_sdk_3.1.4/components/device/silabs/si91x/mcu/drivers/peripheral_drivers/src/rsi_usart.o
                0x0820813c                USART_Receive_Data
 .text.USART_Transfer
                0x08208278       0x72 ./wiseconnect3_sdk_3.1.4/components/device/silabs/si91x/mcu/drivers/peripheral_drivers/src/rsi_usart.o
                0x08208278                USART_Transfer
 .text.USART_GetTxCount
                0x082082ea        0x6 ./wiseconnect3_sdk_3.1.4/components/device/silabs/si91x/mcu/drivers/peripheral_drivers/src/rsi_usart.o
                0x082082ea                USART_GetTxCount
 .text.USART_GetRxCount
                0x082082f0        0x6 ./wiseconnect3_sdk_3.1.4/components/device/silabs/si91x/mcu/drivers/peripheral_drivers/src/rsi_usart.o
                0x082082f0                USART_GetRxCount
 *fill*         0x082082f6        0x2 
 .text.USART_Control
                0x082082f8      0x8e8 ./wiseconnect3_sdk_3.1.4/components/device/silabs/si91x/mcu/drivers/peripheral_drivers/src/rsi_usart.o
                0x082082f8                USART_Control
 .text.USART_GetStatus
                0x08208be0       0x42 ./wiseconnect3_sdk_3.1.4/components/device/silabs/si91x/mcu/drivers/peripheral_drivers/src/rsi_usart.o
                0x08208be0                USART_GetStatus
 *fill*         0x08208c22        0x2 
 .text.USART_SetModemControl
                0x08208c24       0x84 ./wiseconnect3_sdk_3.1.4/components/device/silabs/si91x/mcu/drivers/peripheral_drivers/src/rsi_usart.o
                0x08208c24                USART_SetModemControl
 .text.USART_GetModemStatus
                0x08208ca8       0x5c ./wiseconnect3_sdk_3.1.4/components/device/silabs/si91x/mcu/drivers/peripheral_drivers/src/rsi_usart.o
                0x08208ca8                USART_GetModemStatus
 .text.RSI_IPMU_UpdateIpmuCalibData_efuse
                0x08208d04      0x2ec ./wiseconnect3_sdk_3.1.4/components/device/silabs/si91x/mcu/drivers/systemlevel/src/rsi_ipmu.o
                0x08208d04                RSI_IPMU_UpdateIpmuCalibData_efuse
 .text.RSI_Ipmu_Init
                0x08208ff0        0x4 ./wiseconnect3_sdk_3.1.4/components/device/silabs/si91x/mcu/drivers/systemlevel/src/rsi_ipmu.o
                0x08208ff0                RSI_Ipmu_Init
 .text.RSI_Configure_Ipmu_Mode
                0x08208ff4        0x6 ./wiseconnect3_sdk_3.1.4/components/device/silabs/si91x/mcu/drivers/systemlevel/src/rsi_ipmu.o
                0x08208ff4                RSI_Configure_Ipmu_Mode
 *fill*         0x08208ffa        0x2 
 .text.RSI_IPMU_PowerGateClr
                0x08208ffc       0x4c ./wiseconnect3_sdk_3.1.4/components/device/silabs/si91x/mcu/drivers/systemlevel/src/rsi_ipmu.o
                0x08208ffc                RSI_IPMU_PowerGateClr
 .text.RSI_IPMU_ClockMuxSel
                0x08209048       0x40 ./wiseconnect3_sdk_3.1.4/components/device/silabs/si91x/mcu/drivers/systemlevel/src/rsi_ipmu.o
                0x08209048                RSI_IPMU_ClockMuxSel
 .text.RSI_IPMU_ProgramConfigData
                0x08209088       0xea ./wiseconnect3_sdk_3.1.4/components/device/silabs/si91x/mcu/drivers/systemlevel/src/rsi_ipmu.o
                0x08209088                RSI_IPMU_ProgramConfigData
 .text.RSI_APB_ProgramConfigData
                0x08209172       0xc8 ./wiseconnect3_sdk_3.1.4/components/device/silabs/si91x/mcu/drivers/systemlevel/src/rsi_ipmu.o
                0x08209172                RSI_APB_ProgramConfigData
 *fill*         0x0820923a        0x2 
 .text.RSI_IPMU_PocbiasCurrent
                0x0820923c        0xc ./wiseconnect3_sdk_3.1.4/components/device/silabs/si91x/mcu/drivers/systemlevel/src/rsi_ipmu.o
                0x0820923c                RSI_IPMU_PocbiasCurrent
 .text.RSI_IPMU_PocbiasCurrent11
                0x08209248        0xc ./wiseconnect3_sdk_3.1.4/components/device/silabs/si91x/mcu/drivers/systemlevel/src/rsi_ipmu.o
                0x08209248                RSI_IPMU_PocbiasCurrent11
 .text.RSI_IPMU_RO32khzTrim00Efuse
                0x08209254        0xc ./wiseconnect3_sdk_3.1.4/components/device/silabs/si91x/mcu/drivers/systemlevel/src/rsi_ipmu.o
                0x08209254                RSI_IPMU_RO32khzTrim00Efuse
 .text.RSI_IPMU_RetnLdoVoltsel
                0x08209260        0xc ./wiseconnect3_sdk_3.1.4/components/device/silabs/si91x/mcu/drivers/systemlevel/src/rsi_ipmu.o
                0x08209260                RSI_IPMU_RetnLdoVoltsel
 .text.RSI_IPMU_RetnLdoLpmode
                0x0820926c       0x1c ./wiseconnect3_sdk_3.1.4/components/device/silabs/si91x/mcu/drivers/systemlevel/src/rsi_ipmu.o
                0x0820926c                RSI_IPMU_RetnLdoLpmode
 .text.RSI_IPMU_RetnLdoHpmode
                0x08209288       0x1c ./wiseconnect3_sdk_3.1.4/components/device/silabs/si91x/mcu/drivers/systemlevel/src/rsi_ipmu.o
                0x08209288                RSI_IPMU_RetnLdoHpmode
 .text.RSI_IPMU_M32rc_OscTrimEfuse
                0x082092a4       0x28 ./wiseconnect3_sdk_3.1.4/components/device/silabs/si91x/mcu/drivers/systemlevel/src/rsi_ipmu.o
                0x082092a4                RSI_IPMU_M32rc_OscTrimEfuse
 .text.RSI_IPMU_DBLR32M_TrimEfuse
                0x082092cc       0x18 ./wiseconnect3_sdk_3.1.4/components/device/silabs/si91x/mcu/drivers/systemlevel/src/rsi_ipmu.o
                0x082092cc                RSI_IPMU_DBLR32M_TrimEfuse
 .text.RSI_IPMU_M20roOsc_TrimEfuse
                0x082092e4       0x28 ./wiseconnect3_sdk_3.1.4/components/device/silabs/si91x/mcu/drivers/systemlevel/src/rsi_ipmu.o
                0x082092e4                RSI_IPMU_M20roOsc_TrimEfuse
 .text.RSI_IPMU_RO32khz_TrimEfuse
                0x0820930c       0x18 ./wiseconnect3_sdk_3.1.4/components/device/silabs/si91x/mcu/drivers/systemlevel/src/rsi_ipmu.o
                0x0820930c                RSI_IPMU_RO32khz_TrimEfuse
 .text.RSI_IPMU_RC32khz_TrimEfuse
                0x08209324       0x18 ./wiseconnect3_sdk_3.1.4/components/device/silabs/si91x/mcu/drivers/systemlevel/src/rsi_ipmu.o
                0x08209324                RSI_IPMU_RC32khz_TrimEfuse
 .text.RSI_IPMU_RO_TsEfuse
                0x0820933c        0xc ./wiseconnect3_sdk_3.1.4/components/device/silabs/si91x/mcu/drivers/systemlevel/src/rsi_ipmu.o
                0x0820933c                RSI_IPMU_RO_TsEfuse
 .text.RSI_IPMU_RO_TsConfig
                0x08209348        0xc ./wiseconnect3_sdk_3.1.4/components/device/silabs/si91x/mcu/drivers/systemlevel/src/rsi_ipmu.o
                0x08209348                RSI_IPMU_RO_TsConfig
 .text._usdelay
                0x08209354        0x6 ./wiseconnect3_sdk_3.1.4/components/device/silabs/si91x/mcu/drivers/systemlevel/src/rsi_pll.o
 *fill*         0x0820935a        0x2 
 .text.clk_m4_soc_clk_config
                0x0820935c       0xc8 ./wiseconnect3_sdk_3.1.4/components/device/silabs/si91x/mcu/drivers/systemlevel/src/rsi_pll.o
                0x0820935c                clk_m4_soc_clk_config
 .text.ulpss_enable_ref_clks
                0x08209424       0xf8 ./wiseconnect3_sdk_3.1.4/components/device/silabs/si91x/mcu/drivers/systemlevel/src/rsi_pll.o
                0x08209424                ulpss_enable_ref_clks
 .text.clk_m4ss_ref_clk_config
                0x0820951c       0xcc ./wiseconnect3_sdk_3.1.4/components/device/silabs/si91x/mcu/drivers/systemlevel/src/rsi_pll.o
                0x0820951c                clk_m4ss_ref_clk_config
 .text.RSI_TS_Enable
                0x082095e8        0xa ./wiseconnect3_sdk_3.1.4/components/device/silabs/si91x/mcu/drivers/systemlevel/src/rsi_temp_sensor.o
                0x082095e8                RSI_TS_Enable
 .text.RSI_TS_Config
                0x082095f2       0x36 ./wiseconnect3_sdk_3.1.4/components/device/silabs/si91x/mcu/drivers/systemlevel/src/rsi_temp_sensor.o
                0x082095f2                RSI_TS_Config
 .text.RSI_TS_ReadTemp
                0x08209628        0xe ./wiseconnect3_sdk_3.1.4/components/device/silabs/si91x/mcu/drivers/systemlevel/src/rsi_temp_sensor.o
                0x08209628                RSI_TS_ReadTemp
 .text.RSI_TS_RoBjtEnable
                0x08209636       0x26 ./wiseconnect3_sdk_3.1.4/components/device/silabs/si91x/mcu/drivers/systemlevel/src/rsi_temp_sensor.o
                0x08209636                RSI_TS_RoBjtEnable
 .text.RSI_Periodic_TempUpdate
                0x0820965c       0x12 ./wiseconnect3_sdk_3.1.4/components/device/silabs/si91x/mcu/drivers/systemlevel/src/rsi_temp_sensor.o
                0x0820965c                RSI_Periodic_TempUpdate
 .text.ulpss_time_clk_disable
                0x0820966e       0x34 ./wiseconnect3_sdk_3.1.4/components/device/silabs/si91x/mcu/drivers/systemlevel/src/rsi_ulpss_clk.o
                0x0820966e                ulpss_time_clk_disable
 *fill*         0x082096a2        0x2 
 .text.ulpss_ref_clk_config
                0x082096a4       0xbc ./wiseconnect3_sdk_3.1.4/components/device/silabs/si91x/mcu/drivers/systemlevel/src/rsi_ulpss_clk.o
                0x082096a4                ulpss_ref_clk_config
 .text.sl_mv_m4_app_from_flash_to_ram
                0x08209760       0x50 ./wiseconnect3_sdk_3.1.4/components/device/silabs/si91x/wireless/ahb_interface/src/rsi_hal_mcu_m4_ram.o
                0x08209760                sl_mv_m4_app_from_flash_to_ram
 .text.sli_si91x_raise_pkt_pending_interrupt_to_ta
                0x082097b0       0x20 ./wiseconnect3_sdk_3.1.4/components/device/silabs/si91x/wireless/ahb_interface/src/rsi_hal_mcu_m4_rom.o
                0x082097b0                sli_si91x_raise_pkt_pending_interrupt_to_ta
 .text.raise_m4_to_ta_interrupt
                0x082097d0        0xc ./wiseconnect3_sdk_3.1.4/components/device/silabs/si91x/wireless/ahb_interface/src/rsi_hal_mcu_m4_rom.o
                0x082097d0                raise_m4_to_ta_interrupt
 .text.mask_ta_interrupt
                0x082097dc        0xc ./wiseconnect3_sdk_3.1.4/components/device/silabs/si91x/wireless/ahb_interface/src/rsi_hal_mcu_m4_rom.o
                0x082097dc                mask_ta_interrupt
 .text.sli_receive_from_ta_done_isr
                0x082097e8       0x28 ./wiseconnect3_sdk_3.1.4/components/device/silabs/si91x/wireless/ahb_interface/src/rsi_hal_mcu_m4_rom.o
                0x082097e8                sli_receive_from_ta_done_isr
 .text.sli_m4_interrupt_isr
                0x08209810       0xa0 ./wiseconnect3_sdk_3.1.4/components/device/silabs/si91x/wireless/ahb_interface/src/rsi_hal_mcu_m4_rom.o
                0x08209810                sli_m4_interrupt_isr
 .text.sl_si91x_bus_read_interrupt_status
                0x082098b0       0x10 ./wiseconnect3_sdk_3.1.4/components/device/silabs/si91x/wireless/ahb_interface/src/rsi_hal_mcu_m4_rom.o
                0x082098b0                sl_si91x_bus_read_interrupt_status
 .text.si91x_req_wakeup
                0x082098c0       0x20 ./wiseconnect3_sdk_3.1.4/components/device/silabs/si91x/wireless/ahb_interface/src/rsi_hal_mcu_m4_rom.o
                0x082098c0                si91x_req_wakeup
 .text.sl_si91x_host_clear_sleep_indicator
                0x082098e0       0x14 ./wiseconnect3_sdk_3.1.4/components/device/silabs/si91x/wireless/ahb_interface/src/rsi_hal_mcu_m4_rom.o
                0x082098e0                sl_si91x_host_clear_sleep_indicator
 .text.IRQ074_Handler
                0x082098f4        0x4 ./wiseconnect3_sdk_3.1.4/components/device/silabs/si91x/wireless/ahb_interface/src/rsi_hal_mcu_m4_rom.o
                0x082098f4                IRQ074_Handler
 .text.sl_si91x_ta_events_init
                0x082098f8       0x14 ./wiseconnect3_sdk_3.1.4/components/device/silabs/si91x/wireless/ahb_interface/src/rsi_hal_mcu_m4_rom.o
                0x082098f8                sl_si91x_ta_events_init
 .text.sli_si91x_platform_init
                0x0820990c       0x5c ./wiseconnect3_sdk_3.1.4/components/device/silabs/si91x/wireless/ahb_interface/src/sl_platform.o
                0x0820990c                sli_si91x_platform_init
 .text.si91x_bootup_firmware
                0x08209968       0x94 ./wiseconnect3_sdk_3.1.4/components/device/silabs/si91x/wireless/ahb_interface/src/sl_platform.o
                0x08209968                si91x_bootup_firmware
 .text.sl_si91x_hardware_setup
                0x082099fc       0xcc ./wiseconnect3_sdk_3.1.4/components/device/silabs/si91x/wireless/ahb_interface/src/sl_platform_wireless.o
                0x082099fc                sl_si91x_hardware_setup
 .text.sli_si91x_configure_wireless_frontend_controls
                0x08209ac8       0x44 ./wiseconnect3_sdk_3.1.4/components/device/silabs/si91x/wireless/ahb_interface/src/sl_platform_wireless.o
                0x08209ac8                sli_si91x_configure_wireless_frontend_controls
 .text.sl_si91x_trigger_sleep
                0x08209b0c      0x230 ./wiseconnect3_sdk_3.1.4/components/device/silabs/si91x/wireless/ahb_interface/src/sl_platform_wireless.o
                0x08209b0c                sl_si91x_trigger_sleep
 .text.sl_si91x_configure_ram_retention
                0x08209d3c       0x48 ./wiseconnect3_sdk_3.1.4/components/device/silabs/si91x/wireless/ahb_interface/src/sl_platform_wireless.o
                0x08209d3c                sl_si91x_configure_ram_retention
 .text.sli_si91x_submit_rx_pkt
                0x08209d84       0x84 ./wiseconnect3_sdk_3.1.4/components/device/silabs/si91x/wireless/ahb_interface/src/sl_si91x_bus.o
                0x08209d84                sli_si91x_submit_rx_pkt
 .text.sl_si91x_bus_read_frame
                0x08209e08        0x8 ./wiseconnect3_sdk_3.1.4/components/device/silabs/si91x/wireless/ahb_interface/src/sl_si91x_bus.o
                0x08209e08                sl_si91x_bus_read_frame
 .text.sl_si91x_bus_write_frame
                0x08209e10       0x24 ./wiseconnect3_sdk_3.1.4/components/device/silabs/si91x/wireless/ahb_interface/src/sl_si91x_bus.o
                0x08209e10                sl_si91x_bus_write_frame
 .text.sli_submit_rx_buffer
                0x08209e34       0x16 ./wiseconnect3_sdk_3.1.4/components/device/silabs/si91x/wireless/ahb_interface/src/sl_si91x_bus.o
                0x08209e34                sli_submit_rx_buffer
 *fill*         0x08209e4a        0x2 
 .text.rsi_update_tx_dma_desc
                0x08209e4c       0x28 ./wiseconnect3_sdk_3.1.4/components/device/silabs/si91x/wireless/ahb_interface/src/sl_si91x_bus.o
                0x08209e4c                rsi_update_tx_dma_desc
 .text.rsi_update_rx_dma_desc
                0x08209e74       0x10 ./wiseconnect3_sdk_3.1.4/components/device/silabs/si91x/wireless/ahb_interface/src/sl_si91x_bus.o
                0x08209e74                rsi_update_rx_dma_desc
 .text.sli_si91x_config_m4_dma_desc_on_reset
                0x08209e84       0x48 ./wiseconnect3_sdk_3.1.4/components/device/silabs/si91x/wireless/ahb_interface/src/sl_si91x_bus.o
                0x08209e84                sli_si91x_config_m4_dma_desc_on_reset
 .text.rsi_waitfor_boardready
                0x08209ecc       0x44 ./wiseconnect3_sdk_3.1.4/components/device/silabs/si91x/wireless/ahb_interface/src/sli_siwx917_soc.o
                0x08209ecc                rsi_waitfor_boardready
 .text.rsi_select_option
                0x08209f10       0x80 ./wiseconnect3_sdk_3.1.4/components/device/silabs/si91x/wireless/ahb_interface/src/sli_siwx917_soc.o
                0x08209f10                rsi_select_option
 .text.unmask_ta_interrupt
                0x08209f90        0xc ./wiseconnect3_sdk_3.1.4/components/device/silabs/si91x/wireless/ahb_interface/src/sli_siwx917_soc.o
                0x08209f90                unmask_ta_interrupt
 .text.sli_m4_ta_interrupt_init
                0x08209f9c       0x2c ./wiseconnect3_sdk_3.1.4/components/device/silabs/si91x/wireless/ahb_interface/src/sli_siwx917_soc.o
                0x08209f9c                sli_m4_ta_interrupt_init
 .text.rsi_ble_start_advertising
                0x08209fc8       0x5c ./wiseconnect3_sdk_3.1.4/components/device/silabs/si91x/wireless/ble/src/rsi_ble_gap_apis.o
                0x08209fc8                rsi_ble_start_advertising
 .text.rsi_ble_set_advertise_data
                0x0820a024       0x38 ./wiseconnect3_sdk_3.1.4/components/device/silabs/si91x/wireless/ble/src/rsi_ble_gap_apis.o
                0x0820a024                rsi_ble_set_advertise_data
 .text.rsi_ble_conn_params_update
                0x0820a05c       0x30 ./wiseconnect3_sdk_3.1.4/components/device/silabs/si91x/wireless/ble/src/rsi_ble_gap_apis.o
                0x0820a05c                rsi_ble_conn_params_update
 .text.rsi_ble_set_data_len
                0x0820a08c       0x26 ./wiseconnect3_sdk_3.1.4/components/device/silabs/si91x/wireless/ble/src/rsi_ble_gap_apis.o
                0x0820a08c                rsi_ble_set_data_len
 .text.rsi_ble_add_service
                0x0820a0b2       0x30 ./wiseconnect3_sdk_3.1.4/components/device/silabs/si91x/wireless/ble/src/rsi_ble_gatt_apis.o
                0x0820a0b2                rsi_ble_add_service
 .text.rsi_ble_add_attribute
                0x0820a0e2        0xa ./wiseconnect3_sdk_3.1.4/components/device/silabs/si91x/wireless/ble/src/rsi_ble_gatt_apis.o
                0x0820a0e2                rsi_ble_add_attribute
 .text.rsi_ble_set_local_att_value
                0x0820a0ec       0x3a ./wiseconnect3_sdk_3.1.4/components/device/silabs/si91x/wireless/ble/src/rsi_ble_gatt_apis.o
                0x0820a0ec                rsi_ble_set_local_att_value
 .text.rsi_ble_mtu_exchange_event
                0x0820a126       0x24 ./wiseconnect3_sdk_3.1.4/components/device/silabs/si91x/wireless/ble/src/rsi_ble_gatt_apis.o
                0x0820a126                rsi_ble_mtu_exchange_event
 *fill*         0x0820a14a        0x2 
 .text.rsi_bt_clear_wait_bitmap.part.0
                0x0820a14c       0x3c ./wiseconnect3_sdk_3.1.4/components/device/silabs/si91x/wireless/ble/src/rsi_bt_ble.o
 .text.rsi_bt_set_wait_bitmap.part.0
                0x0820a188       0x3c ./wiseconnect3_sdk_3.1.4/components/device/silabs/si91x/wireless/ble/src/rsi_bt_ble.o
 .text.rsi_bt_clear_wait_bitmap
                0x0820a1c4       0x40 ./wiseconnect3_sdk_3.1.4/components/device/silabs/si91x/wireless/ble/src/rsi_bt_ble.o
                0x0820a1c4                rsi_bt_clear_wait_bitmap
 .text.rsi_bt_set_wait_bitmap
                0x0820a204       0x40 ./wiseconnect3_sdk_3.1.4/components/device/silabs/si91x/wireless/ble/src/rsi_bt_ble.o
                0x0820a204                rsi_bt_set_wait_bitmap
 .text.rsi_bt_get_proto_type
                0x0820a244      0x10c ./wiseconnect3_sdk_3.1.4/components/device/silabs/si91x/wireless/ble/src/rsi_bt_ble.o
                0x0820a244                rsi_bt_get_proto_type
 .text.rsi_bt_get_timeout
                0x0820a350       0x88 ./wiseconnect3_sdk_3.1.4/components/device/silabs/si91x/wireless/ble/src/rsi_bt_ble.o
                0x0820a350                rsi_bt_get_timeout
 .text.rsi_bt_common_tx_done
                0x0820a3d8       0x36 ./wiseconnect3_sdk_3.1.4/components/device/silabs/si91x/wireless/ble/src/rsi_bt_ble.o
                0x0820a3d8                rsi_bt_common_tx_done
 *fill*         0x0820a40e        0x2 
 .text.rsi_ble_update_le_dev_buf
                0x0820a410       0x5c ./wiseconnect3_sdk_3.1.4/components/device/silabs/si91x/wireless/ble/src/rsi_bt_ble.o
                0x0820a410                rsi_ble_update_le_dev_buf
 .text.rsi_add_remote_ble_dev_info
                0x0820a46c       0x50 ./wiseconnect3_sdk_3.1.4/components/device/silabs/si91x/wireless/ble/src/rsi_bt_ble.o
                0x0820a46c                rsi_add_remote_ble_dev_info
 .text.rsi_remove_remote_ble_dev_info
                0x0820a4bc       0x58 ./wiseconnect3_sdk_3.1.4/components/device/silabs/si91x/wireless/ble/src/rsi_bt_ble.o
                0x0820a4bc                rsi_remove_remote_ble_dev_info
 .text.rsi_ble_callbacks_handler
                0x0820a514      0x3e0 ./wiseconnect3_sdk_3.1.4/components/device/silabs/si91x/wireless/ble/src/rsi_bt_ble.o
                0x0820a514                rsi_ble_callbacks_handler
 .text.rsi_driver_process_bt_resp
                0x0820a8f4       0xe0 ./wiseconnect3_sdk_3.1.4/components/device/silabs/si91x/wireless/ble/src/rsi_bt_ble.o
                0x0820a8f4                rsi_driver_process_bt_resp
 .text.rsi_driver_process_bt_resp_handler
                0x0820a9d4       0x58 ./wiseconnect3_sdk_3.1.4/components/device/silabs/si91x/wireless/ble/src/rsi_bt_ble.o
                0x0820a9d4                rsi_driver_process_bt_resp_handler
 .text.rsi_bt_cb_init
                0x0820aa2c       0x5e ./wiseconnect3_sdk_3.1.4/components/device/silabs/si91x/wireless/ble/src/rsi_bt_ble.o
                0x0820aa2c                rsi_bt_cb_init
 .text.rsi_bt_global_cb_init
                0x0820aa8a        0xc ./wiseconnect3_sdk_3.1.4/components/device/silabs/si91x/wireless/ble/src/rsi_bt_ble.o
                0x0820aa8a                rsi_bt_global_cb_init
 *fill*         0x0820aa96        0x2 
 .text.rsi_bt_common_init
                0x0820aa98       0x30 ./wiseconnect3_sdk_3.1.4/components/device/silabs/si91x/wireless/ble/src/rsi_bt_ble.o
                0x0820aa98                rsi_bt_common_init
 .text.rsi_ble_gap_register_callbacks
                0x0820aac8       0x3c ./wiseconnect3_sdk_3.1.4/components/device/silabs/si91x/wireless/ble/src/rsi_bt_ble.o
                0x0820aac8                rsi_ble_gap_register_callbacks
 .text.rsi_ble_gap_extended_register_callbacks
                0x0820ab04       0x14 ./wiseconnect3_sdk_3.1.4/components/device/silabs/si91x/wireless/ble/src/rsi_bt_ble.o
                0x0820ab04                rsi_ble_gap_extended_register_callbacks
 .text.rsi_ble_gatt_register_callbacks
                0x0820ab18       0x74 ./wiseconnect3_sdk_3.1.4/components/device/silabs/si91x/wireless/ble/src/rsi_bt_ble.o
                0x0820ab18                rsi_ble_gatt_register_callbacks
 .text.rsi_bt_prepare_common_pkt
                0x0820ab8c      0x148 ./wiseconnect3_sdk_3.1.4/components/device/silabs/si91x/wireless/ble/src/rsi_bt_ble.o
                0x0820ab8c                rsi_bt_prepare_common_pkt
 .text.rsi_bt_prepare_le_pkt
                0x0820acd4      0x760 ./wiseconnect3_sdk_3.1.4/components/device/silabs/si91x/wireless/ble/src/rsi_bt_ble.o
                0x0820acd4                rsi_bt_prepare_le_pkt
 .text.rsi_bt_driver_send_cmd
                0x0820b434      0x1f0 ./wiseconnect3_sdk_3.1.4/components/device/silabs/si91x/wireless/ble/src/rsi_bt_ble.o
                0x0820b434                rsi_bt_driver_send_cmd
 .text.rsi_bt_set_local_name
                0x0820b624       0x48 ./wiseconnect3_sdk_3.1.4/components/device/silabs/si91x/wireless/ble/src/rsi_bt_common_apis.o
                0x0820b624                rsi_bt_set_local_name
 .text.rsi_bt_power_save_profile
                0x0820b66c       0x70 ./wiseconnect3_sdk_3.1.4/components/device/silabs/si91x/wireless/ble/src/rsi_bt_common_apis.o
                0x0820b66c                rsi_bt_power_save_profile
 .text.rsi_ble_driver_init
                0x0820b6dc       0xb4 ./wiseconnect3_sdk_3.1.4/components/device/silabs/si91x/wireless/ble/src/rsi_common_apis.o
                0x0820b6dc                rsi_ble_driver_init
 .text.rsi_uint16_to_2bytes
                0x0820b790       0x1c ./wiseconnect3_sdk_3.1.4/components/device/silabs/si91x/wireless/ble/src/rsi_utils.o
                0x0820b790                rsi_uint16_to_2bytes
 .text.rsi_bytes2R_to_uint16
                0x0820b7ac       0x14 ./wiseconnect3_sdk_3.1.4/components/device/silabs/si91x/wireless/ble/src/rsi_utils.o
                0x0820b7ac                rsi_bytes2R_to_uint16
 .text.rsi_ascii_hex2num
                0x0820b7c0       0x2e ./wiseconnect3_sdk_3.1.4/components/device/silabs/si91x/wireless/ble/src/rsi_utils.o
                0x0820b7c0                rsi_ascii_hex2num
 .text.rsi_char_hex2dec
                0x0820b7ee       0x2a ./wiseconnect3_sdk_3.1.4/components/device/silabs/si91x/wireless/ble/src/rsi_utils.o
                0x0820b7ee                rsi_char_hex2dec
 .text.rsi_ascii_dev_address_to_6bytes_rev
                0x0820b818       0x78 ./wiseconnect3_sdk_3.1.4/components/device/silabs/si91x/wireless/ble/src/rsi_utils.o
                0x0820b818                rsi_ascii_dev_address_to_6bytes_rev
 .text.hex_to_ascii
                0x0820b890       0x12 ./wiseconnect3_sdk_3.1.4/components/device/silabs/si91x/wireless/ble/src/rsi_utils.o
                0x0820b890                hex_to_ascii
 .text.rsi_6byte_dev_address_to_ascii
                0x0820b8a2       0x36 ./wiseconnect3_sdk_3.1.4/components/device/silabs/si91x/wireless/ble/src/rsi_utils.o
                0x0820b8a2                rsi_6byte_dev_address_to_ascii
 .text.sl_si91x_bt_set_performance_profile
                0x0820b8d8       0x74 ./wiseconnect3_sdk_3.1.4/components/device/silabs/si91x/wireless/ble/src/sl_si91x_ble.o
                0x0820b8d8                sl_si91x_bt_set_performance_profile
 .text.sl_si91x_errno
                0x0820b94c       0x1c ./wiseconnect3_sdk_3.1.4/components/device/silabs/si91x/wireless/errno/src/sl_si91x_errno.o
                0x0820b94c                sl_si91x_errno
 .text.sl_si91x_bus_rx_irq_handler
                0x0820b968        0x4 ./wiseconnect3_sdk_3.1.4/components/device/silabs/si91x/wireless/host_mcu/si91x/siwx917_soc_ncp_host.o
                0x0820b968                sl_si91x_bus_rx_irq_handler
 .text.sl_si91x_bus_rx_done_handler
                0x0820b96c        0x2 ./wiseconnect3_sdk_3.1.4/components/device/silabs/si91x/wireless/host_mcu/si91x/siwx917_soc_ncp_host.o
                0x0820b96c                sl_si91x_bus_rx_done_handler
 .text.sl_si91x_bus_init
                0x0820b96e        0x4 ./wiseconnect3_sdk_3.1.4/components/device/silabs/si91x/wireless/host_mcu/si91x/siwx917_soc_ncp_host.o
                0x0820b96e                sl_si91x_bus_init
 .text.sl_si91x_host_init
                0x0820b972        0xa ./wiseconnect3_sdk_3.1.4/components/device/silabs/si91x/wireless/host_mcu/si91x/siwx917_soc_ncp_host.o
                0x0820b972                sl_si91x_host_init
 .text.sl_si91x_host_hold_in_reset
                0x0820b97c        0x2 ./wiseconnect3_sdk_3.1.4/components/device/silabs/si91x/wireless/host_mcu/si91x/siwx917_soc_ncp_host.o
                0x0820b97c                sl_si91x_host_hold_in_reset
 .text.sl_si91x_host_release_from_reset
                0x0820b97e        0x2 ./wiseconnect3_sdk_3.1.4/components/device/silabs/si91x/wireless/host_mcu/si91x/siwx917_soc_ncp_host.o
                0x0820b97e                sl_si91x_host_release_from_reset
 .text.sl_si91x_host_enable_bus_interrupt
                0x0820b980        0x2 ./wiseconnect3_sdk_3.1.4/components/device/silabs/si91x/wireless/host_mcu/si91x/siwx917_soc_ncp_host.o
                0x0820b980                sl_si91x_host_enable_bus_interrupt
 *fill*         0x0820b982        0x2 
 .text.sl_si91x_host_is_in_irq_context
                0x0820b984       0x14 ./wiseconnect3_sdk_3.1.4/components/device/silabs/si91x/wireless/host_mcu/si91x/siwx917_soc_ncp_host.o
                0x0820b984                sl_si91x_host_is_in_irq_context
 .text.sl_si91x_host_init_buffer_manager
                0x0820b998       0x18 ./wiseconnect3_sdk_3.1.4/components/device/silabs/si91x/wireless/memory/malloc_buffers.o
                0x0820b998                sl_si91x_host_init_buffer_manager
 .text.sl_si91x_host_allocate_buffer
                0x0820b9b0       0x60 ./wiseconnect3_sdk_3.1.4/components/device/silabs/si91x/wireless/memory/malloc_buffers.o
                0x0820b9b0                sl_si91x_host_allocate_buffer
 .text.sl_si91x_host_get_buffer_data
                0x0820ba10        0xc ./wiseconnect3_sdk_3.1.4/components/device/silabs/si91x/wireless/memory/malloc_buffers.o
                0x0820ba10                sl_si91x_host_get_buffer_data
 .text.sl_si91x_host_free_buffer
                0x0820ba1c       0x24 ./wiseconnect3_sdk_3.1.4/components/device/silabs/si91x/wireless/memory/malloc_buffers.o
                0x0820ba1c                sl_si91x_host_free_buffer
 .text.convert_si91x_dns_response
                0x0820ba40       0x2a ./wiseconnect3_sdk_3.1.4/components/device/silabs/si91x/wireless/sl_net/src/sl_net_rsi_utility.o
                0x0820ba40                convert_si91x_dns_response
 .text.convert_si91x_event_to_sl_net_event
                0x0820ba6a       0x2a ./wiseconnect3_sdk_3.1.4/components/device/silabs/si91x/wireless/sl_net/src/sl_net_rsi_utility.o
                0x0820ba6a                convert_si91x_event_to_sl_net_event
 .text.si91x_node_free_function
                0x0820ba94        0x6 ./wiseconnect3_sdk_3.1.4/components/device/silabs/si91x/wireless/sl_net/src/sl_net_si91x_integration_handler.o
 *fill*         0x0820ba9a        0x2 
 .text.sl_net_si91x_event_dispatch_handler
                0x0820ba9c       0x68 ./wiseconnect3_sdk_3.1.4/components/device/silabs/si91x/wireless/sl_net/src/sl_net_si91x_integration_handler.o
                0x0820ba9c                sl_net_si91x_event_dispatch_handler
 .text.convert_to_si91x_cert_type
                0x0820bb04       0x82 ./wiseconnect3_sdk_3.1.4/components/device/silabs/si91x/wireless/sl_net/src/sl_si91x_net_credentials.o
 .text.sl_si91x_set_credential
                0x0820bb86       0x40 ./wiseconnect3_sdk_3.1.4/components/device/silabs/si91x/wireless/sl_net/src/sl_si91x_net_credentials.o
                0x0820bb86                sl_si91x_set_credential
 .text.sl_si91x_host_get_credentials
                0x0820bbc6       0x4a ./wiseconnect3_sdk_3.1.4/components/device/silabs/si91x/wireless/sl_net/src/sl_si91x_net_credentials.o
                0x0820bbc6                sl_si91x_host_get_credentials
 .text.sl_si91x_configure_ip_address
                0x0820bc10      0x1a4 ./wiseconnect3_sdk_3.1.4/components/device/silabs/si91x/wireless/sl_net/src/sl_si91x_net_internal_stack.o
                0x0820bc10                sl_si91x_configure_ip_address
 .text.save_wifi_current_performance_profile
                0x0820bdb4       0x34 ./wiseconnect3_sdk_3.1.4/components/device/silabs/si91x/wireless/src/sl_rsi_utility.o
                0x0820bdb4                save_wifi_current_performance_profile
 .text.get_wifi_current_performance_profile
                0x0820bde8       0x2c ./wiseconnect3_sdk_3.1.4/components/device/silabs/si91x/wireless/src/sl_rsi_utility.o
                0x0820bde8                get_wifi_current_performance_profile
 .text.get_coex_performance_profile
                0x0820be14      0x108 ./wiseconnect3_sdk_3.1.4/components/device/silabs/si91x/wireless/src/sl_rsi_utility.o
                0x0820be14                get_coex_performance_profile
 .text.reset_coex_current_performance_profile
                0x0820bf1c       0x10 ./wiseconnect3_sdk_3.1.4/components/device/silabs/si91x/wireless/src/sl_rsi_utility.o
                0x0820bf1c                reset_coex_current_performance_profile
 .text.save_bt_current_performance_profile
                0x0820bf2c       0x14 ./wiseconnect3_sdk_3.1.4/components/device/silabs/si91x/wireless/src/sl_rsi_utility.o
                0x0820bf2c                save_bt_current_performance_profile
 .text.get_bt_current_performance_profile
                0x0820bf40       0x14 ./wiseconnect3_sdk_3.1.4/components/device/silabs/si91x/wireless/src/sl_rsi_utility.o
                0x0820bf40                get_bt_current_performance_profile
 .text.save_tcp_auto_close_choice
                0x0820bf54        0xc ./wiseconnect3_sdk_3.1.4/components/device/silabs/si91x/wireless/src/sl_rsi_utility.o
                0x0820bf54                save_tcp_auto_close_choice
 .text.get_max_tx_power
                0x0820bf60       0x24 ./wiseconnect3_sdk_3.1.4/components/device/silabs/si91x/wireless/src/sl_rsi_utility.o
                0x0820bf60                get_max_tx_power
 .text.set_card_ready_required
                0x0820bf84        0xc ./wiseconnect3_sdk_3.1.4/components/device/silabs/si91x/wireless/src/sl_rsi_utility.o
                0x0820bf84                set_card_ready_required
 .text.get_card_ready_required
                0x0820bf90        0xc ./wiseconnect3_sdk_3.1.4/components/device/silabs/si91x/wireless/src/sl_rsi_utility.o
                0x0820bf90                get_card_ready_required
 .text.save_coex_mode
                0x0820bf9c        0xc ./wiseconnect3_sdk_3.1.4/components/device/silabs/si91x/wireless/src/sl_rsi_utility.o
                0x0820bf9c                save_coex_mode
 .text.convert_si91x_event_to_sl_wifi_event
                0x0820bfa8      0x198 ./wiseconnect3_sdk_3.1.4/components/device/silabs/si91x/wireless/src/sl_rsi_utility.o
                0x0820bfa8                convert_si91x_event_to_sl_wifi_event
 .text.get_saved_sl_wifi_rate
                0x0820c140       0x14 ./wiseconnect3_sdk_3.1.4/components/device/silabs/si91x/wireless/src/sl_rsi_utility.o
                0x0820c140                get_saved_sl_wifi_rate
 .text.convert_performance_profile_to_power_save_command
                0x0820c154       0x5c ./wiseconnect3_sdk_3.1.4/components/device/silabs/si91x/wireless/src/sl_rsi_utility.o
                0x0820c154                convert_performance_profile_to_power_save_command
 .text.sl_si91x_send_power_save_request
                0x0820c1b0       0x4c ./wiseconnect3_sdk_3.1.4/components/device/silabs/si91x/wireless/src/sl_rsi_utility.o
                0x0820c1b0                sl_si91x_send_power_save_request
 .text.sl_si91x_platform_init
                0x0820c1fc       0xec ./wiseconnect3_sdk_3.1.4/components/device/silabs/si91x/wireless/src/sl_rsi_utility.o
                0x0820c1fc                sl_si91x_platform_init
 .text.sl_si91x_host_set_event
                0x0820c2e8       0x10 ./wiseconnect3_sdk_3.1.4/components/device/silabs/si91x/wireless/src/sl_rsi_utility.o
                0x0820c2e8                sl_si91x_host_set_event
 .text.sl_si91x_host_set_bus_event
                0x0820c2f8       0x10 ./wiseconnect3_sdk_3.1.4/components/device/silabs/si91x/wireless/src/sl_rsi_utility.o
                0x0820c2f8                sl_si91x_host_set_bus_event
 .text.sl_si91x_host_set_async_event
                0x0820c308       0x10 ./wiseconnect3_sdk_3.1.4/components/device/silabs/si91x/wireless/src/sl_rsi_utility.o
                0x0820c308                sl_si91x_host_set_async_event
 .text.sl_si91x_host_add_to_queue
                0x0820c318       0x48 ./wiseconnect3_sdk_3.1.4/components/device/silabs/si91x/wireless/src/sl_rsi_utility.o
                0x0820c318                sl_si91x_host_add_to_queue
 .text.sl_si91x_host_add_to_queue_with_atomic_action
                0x0820c360       0x58 ./wiseconnect3_sdk_3.1.4/components/device/silabs/si91x/wireless/src/sl_rsi_utility.o
                0x0820c360                sl_si91x_host_add_to_queue_with_atomic_action
 .text.sl_si91x_host_remove_from_queue
                0x0820c3b8       0x58 ./wiseconnect3_sdk_3.1.4/components/device/silabs/si91x/wireless/src/sl_rsi_utility.o
                0x0820c3b8                sl_si91x_host_remove_from_queue
 .text.sl_si91x_host_remove_node_from_queue
                0x0820c410       0x8c ./wiseconnect3_sdk_3.1.4/components/device/silabs/si91x/wireless/src/sl_rsi_utility.o
                0x0820c410                sl_si91x_host_remove_node_from_queue
 .text.sl_si91x_flush_queue_based_on_type
                0x0820c49c      0x108 ./wiseconnect3_sdk_3.1.4/components/device/silabs/si91x/wireless/src/sl_rsi_utility.o
                0x0820c49c                sl_si91x_flush_queue_based_on_type
 .text.sl_si91x_host_queue_status
                0x0820c5a4       0x34 ./wiseconnect3_sdk_3.1.4/components/device/silabs/si91x/wireless/src/sl_rsi_utility.o
                0x0820c5a4                sl_si91x_host_queue_status
 .text.si91x_host_wait_for_event
                0x0820c5d8       0x2c ./wiseconnect3_sdk_3.1.4/components/device/silabs/si91x/wireless/src/sl_rsi_utility.o
                0x0820c5d8                si91x_host_wait_for_event
 .text.si91x_host_wait_for_bus_event
                0x0820c604       0x2c ./wiseconnect3_sdk_3.1.4/components/device/silabs/si91x/wireless/src/sl_rsi_utility.o
                0x0820c604                si91x_host_wait_for_bus_event
 .text.si91x_host_wait_for_async_event
                0x0820c630       0x2c ./wiseconnect3_sdk_3.1.4/components/device/silabs/si91x/wireless/src/sl_rsi_utility.o
                0x0820c630                si91x_host_wait_for_async_event
 .text.si91x_host_clear_events
                0x0820c65c       0x18 ./wiseconnect3_sdk_3.1.4/components/device/silabs/si91x/wireless/src/sl_rsi_utility.o
                0x0820c65c                si91x_host_clear_events
 .text.sl_si91x_host_power_cycle
                0x0820c674       0x1a ./wiseconnect3_sdk_3.1.4/components/device/silabs/si91x/wireless/src/sl_rsi_utility.o
                0x0820c674                sl_si91x_host_power_cycle